<?xml version="1.0"?>
<link_info>
   <banner>TI ARM Linker PC v15.12.1.LTS</banner>
   <copyright>Copyright (c) 1996-2015 Texas Instruments Incorporated</copyright>
   <link_time>0x581b7b6f</link_time>
   <link_errors>0x0</link_errors>
   <output_file>Proj2_Magnetometer.out</output_file>
   <entry_point>
      <name>_c_int00</name>
      <address>0x48f9</address>
   </entry_point>
   <input_file_list>
      <input_file id="fl-2">
         <path>.\</path>
         <kind>object</kind>
         <file>FreeRTOS_TM4C1294_Base_Startup.obj</file>
         <name>FreeRTOS_TM4C1294_Base_Startup.obj</name>
      </input_file>
      <input_file id="fl-3">
         <path>.\</path>
         <kind>object</kind>
         <file>Main_Base.obj</file>
         <name>Main_Base.obj</name>
      </input_file>
      <input_file id="fl-4">
         <path>.\</path>
         <kind>object</kind>
         <file>heap_2.obj</file>
         <name>heap_2.obj</name>
      </input_file>
      <input_file id="fl-5">
         <path>.\Drivers\</path>
         <kind>object</kind>
         <file>Processor_Initialization_TM4C1294.obj</file>
         <name>Processor_Initialization_TM4C1294.obj</name>
      </input_file>
      <input_file id="fl-6">
         <path>.\Drivers\</path>
         <kind>object</kind>
         <file>uartstdio.obj</file>
         <name>uartstdio.obj</name>
      </input_file>
      <input_file id="fl-7">
         <path>.\Source\</path>
         <kind>object</kind>
         <file>croutine.obj</file>
         <name>croutine.obj</name>
      </input_file>
      <input_file id="fl-8">
         <path>.\Source\</path>
         <kind>object</kind>
         <file>event_groups.obj</file>
         <name>event_groups.obj</name>
      </input_file>
      <input_file id="fl-9">
         <path>.\Source\</path>
         <kind>object</kind>
         <file>list.obj</file>
         <name>list.obj</name>
      </input_file>
      <input_file id="fl-a">
         <path>.\Source\</path>
         <kind>object</kind>
         <file>queue.obj</file>
         <name>queue.obj</name>
      </input_file>
      <input_file id="fl-b">
         <path>.\Source\</path>
         <kind>object</kind>
         <file>tasks.obj</file>
         <name>tasks.obj</name>
      </input_file>
      <input_file id="fl-c">
         <path>.\Source\</path>
         <kind>object</kind>
         <file>timers.obj</file>
         <name>timers.obj</name>
      </input_file>
      <input_file id="fl-d">
         <path>.\Source\portable\CCS\ARM_CM4F\</path>
         <kind>object</kind>
         <file>port.obj</file>
         <name>port.obj</name>
      </input_file>
      <input_file id="fl-e">
         <path>.\Source\portable\CCS\ARM_CM4F\</path>
         <kind>object</kind>
         <file>portasm.obj</file>
         <name>portasm.obj</name>
      </input_file>
      <input_file id="fl-f">
         <path>.\Tasks\</path>
         <kind>object</kind>
         <file>MPU9150AccelerometerManager_Task.obj</file>
         <name>MPU9150AccelerometerManager_Task.obj</name>
      </input_file>
      <input_file id="fl-10">
         <path>.\Tasks\</path>
         <kind>object</kind>
         <file>Magnetometer.obj</file>
         <name>Magnetometer.obj</name>
      </input_file>
      <input_file id="fl-11">
         <path>.\Tasks\</path>
         <kind>object</kind>
         <file>Task_Blinky.obj</file>
         <name>Task_Blinky.obj</name>
      </input_file>
      <input_file id="fl-12">
         <path>.\Tasks\</path>
         <kind>object</kind>
         <file>Task_I2C7_Handler.obj</file>
         <name>Task_I2C7_Handler.obj</name>
      </input_file>
      <input_file id="fl-13">
         <path>.\Tasks\</path>
         <kind>object</kind>
         <file>Task_ReportData.obj</file>
         <name>Task_ReportData.obj</name>
      </input_file>
      <input_file id="fl-14">
         <path>.\Tasks\</path>
         <kind>object</kind>
         <file>Task_ReportTime.obj</file>
         <name>Task_ReportTime.obj</name>
      </input_file>
      <input_file id="fl-15">
         <path>.\Tasks\</path>
         <kind>object</kind>
         <file>Task_gyro.obj</file>
         <name>Task_gyro.obj</name>
      </input_file>
      <input_file id="fl-d1">
         <path>C:\TI_CodeComposer\ccsv6\tools\compiler\ti-cgt-arm_15.12.1.LTS\lib\</path>
         <kind>archive</kind>
         <file>rtsv7M4_T_le_v4SPD16_eabi.lib</file>
         <name>boot.obj</name>
      </input_file>
      <input_file id="fl-d2">
         <path>C:\TI_CodeComposer\ccsv6\tools\compiler\ti-cgt-arm_15.12.1.LTS\lib\</path>
         <kind>archive</kind>
         <file>rtsv7M4_T_le_v4SPD16_eabi.lib</file>
         <name>copy_decompress_none.obj</name>
      </input_file>
      <input_file id="fl-d3">
         <path>C:\TI_CodeComposer\ccsv6\tools\compiler\ti-cgt-arm_15.12.1.LTS\lib\</path>
         <kind>archive</kind>
         <file>rtsv7M4_T_le_v4SPD16_eabi.lib</file>
         <name>copy_decompress_rle.obj</name>
      </input_file>
      <input_file id="fl-d4">
         <path>C:\TI_CodeComposer\ccsv6\tools\compiler\ti-cgt-arm_15.12.1.LTS\lib\</path>
         <kind>archive</kind>
         <file>rtsv7M4_T_le_v4SPD16_eabi.lib</file>
         <name>copy_zero_init.obj</name>
      </input_file>
      <input_file id="fl-d5">
         <path>C:\TI_CodeComposer\ccsv6\tools\compiler\ti-cgt-arm_15.12.1.LTS\lib\</path>
         <kind>archive</kind>
         <file>rtsv7M4_T_le_v4SPD16_eabi.lib</file>
         <name>exit.obj</name>
      </input_file>
      <input_file id="fl-d6">
         <path>C:\TI_CodeComposer\ccsv6\tools\compiler\ti-cgt-arm_15.12.1.LTS\lib\</path>
         <kind>archive</kind>
         <file>rtsv7M4_T_le_v4SPD16_eabi.lib</file>
         <name>memcpy_t2.obj</name>
      </input_file>
      <input_file id="fl-d7">
         <path>C:\TI_CodeComposer\ccsv6\tools\compiler\ti-cgt-arm_15.12.1.LTS\lib\</path>
         <kind>archive</kind>
         <file>rtsv7M4_T_le_v4SPD16_eabi.lib</file>
         <name>memset_t2.obj</name>
      </input_file>
      <input_file id="fl-d8">
         <path>C:\TI_CodeComposer\ccsv6\tools\compiler\ti-cgt-arm_15.12.1.LTS\lib\</path>
         <kind>archive</kind>
         <file>rtsv7M4_T_le_v4SPD16_eabi.lib</file>
         <name>mpu_init.obj</name>
      </input_file>
      <input_file id="fl-d9">
         <path>C:\TI_CodeComposer\ccsv6\tools\compiler\ti-cgt-arm_15.12.1.LTS\lib\</path>
         <kind>archive</kind>
         <file>rtsv7M4_T_le_v4SPD16_eabi.lib</file>
         <name>pre_init.obj</name>
      </input_file>
      <input_file id="fl-da">
         <path>C:\TI_CodeComposer\ccsv6\tools\compiler\ti-cgt-arm_15.12.1.LTS\lib\</path>
         <kind>archive</kind>
         <file>rtsv7M4_T_le_v4SPD16_eabi.lib</file>
         <name>stkdepth_vars.obj</name>
      </input_file>
      <input_file id="fl-db">
         <path>C:\TI_CodeComposer\ccsv6\tools\compiler\ti-cgt-arm_15.12.1.LTS\lib\</path>
         <kind>archive</kind>
         <file>rtsv7M4_T_le_v4SPD16_eabi.lib</file>
         <name>u_divt2.obj</name>
      </input_file>
      <input_file id="fl-dc">
         <path>C:\TI_CodeComposer\ccsv6\tools\compiler\ti-cgt-arm_15.12.1.LTS\lib\</path>
         <kind>archive</kind>
         <file>rtsv7M4_T_le_v4SPD16_eabi.lib</file>
         <name>_lock.obj</name>
      </input_file>
      <input_file id="fl-dd">
         <path>C:\TI_CodeComposer\ccsv6\tools\compiler\ti-cgt-arm_15.12.1.LTS\lib\</path>
         <kind>archive</kind>
         <file>rtsv7M4_T_le_v4SPD16_eabi.lib</file>
         <name>args_main.obj</name>
      </input_file>
      <input_file id="fl-de">
         <path>C:\TI_CodeComposer\ccsv6\tools\compiler\ti-cgt-arm_15.12.1.LTS\lib\</path>
         <kind>archive</kind>
         <file>rtsv7M4_T_le_v4SPD16_eabi.lib</file>
         <name>autoinit.obj</name>
      </input_file>
      <input_file id="fl-df">
         <path>C:\TI_CodeComposer\ccsv6\tools\compiler\ti-cgt-arm_15.12.1.LTS\lib\</path>
         <kind>archive</kind>
         <file>rtsv7M4_T_le_v4SPD16_eabi.lib</file>
         <name>cpy_tbl.obj</name>
      </input_file>
      <input_file id="fl-e0">
         <path>C:\TI_CodeComposer\ccsv6\tools\compiler\ti-cgt-arm_15.12.1.LTS\lib\</path>
         <kind>archive</kind>
         <file>rtsv7M4_T_le_v4SPD16_eabi.lib</file>
         <name>i_div0.obj</name>
      </input_file>
      <input_file id="fl-e1">
         <path>C:\TI_CodeComposer\ccsv6\tools\compiler\ti-cgt-arm_15.12.1.LTS\lib\</path>
         <kind>archive</kind>
         <file>rtsv7M4_T_le_v4SPD16_eabi.lib</file>
         <name>startup.obj</name>
      </input_file>
      <input_file id="fl-e2">
         <path>C:\TI_CodeComposer\TivaWare\driverlib\ccs\Debug\</path>
         <kind>archive</kind>
         <file>driverlib.lib</file>
         <name>gpio.obj</name>
      </input_file>
      <input_file id="fl-e3">
         <path>C:\TI_CodeComposer\TivaWare\driverlib\ccs\Debug\</path>
         <kind>archive</kind>
         <file>driverlib.lib</file>
         <name>interrupt.obj</name>
      </input_file>
      <input_file id="fl-e4">
         <path>C:\TI_CodeComposer\TivaWare\driverlib\ccs\Debug\</path>
         <kind>archive</kind>
         <file>driverlib.lib</file>
         <name>sysctl.obj</name>
      </input_file>
      <input_file id="fl-e5">
         <path>C:\TI_CodeComposer\TivaWare\driverlib\ccs\Debug\</path>
         <kind>archive</kind>
         <file>driverlib.lib</file>
         <name>uart.obj</name>
      </input_file>
      <input_file id="fl-e6">
         <path>C:\TI_CodeComposer\TivaWare\driverlib\ccs\Debug\</path>
         <kind>archive</kind>
         <file>driverlib.lib</file>
         <name>cpu.obj</name>
      </input_file>
      <input_file id="fl-e7">
         <path>C:\TI_CodeComposer\TivaWare\sensorlib\ccs\Debug\</path>
         <kind>archive</kind>
         <file>sensorlib.lib</file>
         <name>i2cm_drv.obj</name>
      </input_file>
      <input_file id="fl-e8">
         <path>C:\TI_CodeComposer\TivaWare\sensorlib\ccs\Debug\</path>
         <kind>archive</kind>
         <file>sensorlib.lib</file>
         <name>mpu9150.obj</name>
      </input_file>
      <input_file id="fl-e9">
         <path>C:\TI_CodeComposer\ccsv6\tools\compiler\ti-cgt-arm_15.12.1.LTS\lib\</path>
         <kind>archive</kind>
         <file>rtsv7M4_T_le_v4SPD16_eabi.lib</file>
         <name>fd_mul_t2.obj</name>
      </input_file>
      <input_file id="fl-ea">
         <path>C:\TI_CodeComposer\ccsv6\tools\compiler\ti-cgt-arm_15.12.1.LTS\lib\</path>
         <kind>archive</kind>
         <file>rtsv7M4_T_le_v4SPD16_eabi.lib</file>
         <name>fd_tos_t2.obj</name>
      </input_file>
      <input_file id="fl-eb">
         <path>C:\TI_CodeComposer\ccsv6\tools\compiler\ti-cgt-arm_15.12.1.LTS\lib\</path>
         <kind>archive</kind>
         <file>rtsv7M4_T_le_v4SPD16_eabi.lib</file>
         <name>fs_tod_t2.obj</name>
      </input_file>
      <input_file id="fl-ec">
         <path>C:\TI_CodeComposer\TivaWare\driverlib\ccs\Debug\</path>
         <kind>archive</kind>
         <file>driverlib.lib</file>
         <name>i2c.obj</name>
      </input_file>
   </input_file_list>
   <object_component_list>
      <object_component id="oc-f">
         <name>.intvecs</name>
         <load_address>0x0</load_address>
         <run_address>0x0</run_address>
         <size>0x200</size>
         <input_file_ref idref="fl-2"/>
      </object_component>
      <object_component id="oc-92">
         <name>.text</name>
         <load_address>0x200</load_address>
         <run_address>0x200</run_address>
         <size>0x1720</size>
         <input_file_ref idref="fl-b"/>
      </object_component>
      <object_component id="oc-191">
         <name>.text</name>
         <load_address>0x1920</load_address>
         <run_address>0x1920</run_address>
         <size>0x9ac</size>
         <input_file_ref idref="fl-a"/>
      </object_component>
      <object_component id="oc-f6">
         <name>.text</name>
         <load_address>0x22cc</load_address>
         <run_address>0x22cc</run_address>
         <size>0x538</size>
         <input_file_ref idref="fl-c"/>
      </object_component>
      <object_component id="oc-145">
         <name>.text</name>
         <load_address>0x2804</load_address>
         <run_address>0x2804</run_address>
         <size>0x49c</size>
         <input_file_ref idref="fl-6"/>
      </object_component>
      <object_component id="oc-1d3">
         <name>.text:SysCtlClockFreqSet</name>
         <load_address>0x2ca0</load_address>
         <run_address>0x2ca0</run_address>
         <size>0x1ec</size>
         <input_file_ref idref="fl-e4"/>
      </object_component>
      <object_component id="oc-105">
         <name>.text</name>
         <load_address>0x2e8c</load_address>
         <run_address>0x2e8c</run_address>
         <size>0x1b8</size>
         <input_file_ref idref="fl-4"/>
      </object_component>
      <object_component id="oc-163">
         <name>.text</name>
         <load_address>0x3044</load_address>
         <run_address>0x3044</run_address>
         <size>0x198</size>
         <input_file_ref idref="fl-f"/>
      </object_component>
      <object_component id="oc-157">
         <name>.text</name>
         <load_address>0x31dc</load_address>
         <run_address>0x31dc</run_address>
         <size>0x198</size>
         <input_file_ref idref="fl-10"/>
      </object_component>
      <object_component id="oc-344">
         <name>.text:MPU9150Callback</name>
         <load_address>0x3374</load_address>
         <run_address>0x3374</run_address>
         <size>0x194</size>
         <input_file_ref idref="fl-e8"/>
      </object_component>
      <object_component id="oc-15d">
         <name>.text</name>
         <load_address>0x3508</load_address>
         <run_address>0x3508</run_address>
         <size>0x150</size>
         <input_file_ref idref="fl-15"/>
      </object_component>
      <object_component id="oc-255">
         <name>.text</name>
         <load_address>0x3658</load_address>
         <run_address>0x3658</run_address>
         <size>0x13c</size>
         <input_file_ref idref="fl-12"/>
      </object_component>
      <object_component id="oc-39">
         <name>.text</name>
         <load_address>0x3794</load_address>
         <run_address>0x3794</run_address>
         <size>0x134</size>
         <input_file_ref idref="fl-d"/>
      </object_component>
      <object_component id="oc-231">
         <name>.text:GPIOPadConfigSet</name>
         <load_address>0x38c8</load_address>
         <run_address>0x38c8</run_address>
         <size>0x132</size>
         <input_file_ref idref="fl-e2"/>
      </object_component>
      <object_component id="oc-ea">
         <name>.text</name>
         <load_address>0x39fa</load_address>
         <run_address>0x39fa</run_address>
         <size>0x12a</size>
         <input_file_ref idref="fl-9"/>
      </object_component>
      <object_component id="oc-d2">
         <name>.text</name>
         <load_address>0x3b24</load_address>
         <run_address>0x3b24</run_address>
         <size>0x118</size>
         <input_file_ref idref="fl-3"/>
      </object_component>
      <object_component id="oc-352">
         <name>.text</name>
         <load_address>0x3c3c</load_address>
         <run_address>0x3c3c</run_address>
         <size>0xfc</size>
         <input_file_ref idref="fl-e9"/>
      </object_component>
      <object_component id="oc-318">
         <name>.text:I2CMIntHandler</name>
         <load_address>0x3d38</load_address>
         <run_address>0x3d38</run_address>
         <size>0xf2</size>
         <input_file_ref idref="fl-e7"/>
      </object_component>
      <object_component id="oc-2fd">
         <name>.text</name>
         <load_address>0x3e2a</load_address>
         <run_address>0x3e2a</run_address>
         <size>0x2</size>
         <input_file_ref idref="fl-e0"/>
      </object_component>
      <object_component id="oc-34">
         <name>.text</name>
         <load_address>0x3e2c</load_address>
         <run_address>0x3e2c</run_address>
         <size>0xd2</size>
         <input_file_ref idref="fl-e"/>
      </object_component>
      <object_component id="oc-67">
         <name>.text</name>
         <load_address>0x3efe</load_address>
         <run_address>0x3efe</run_address>
         <size>0x2</size>
         <input_file_ref idref="fl-d8"/>
      </object_component>
      <object_component id="oc-151">
         <name>.text</name>
         <load_address>0x3f00</load_address>
         <run_address>0x3f00</run_address>
         <size>0xbc</size>
         <input_file_ref idref="fl-13"/>
      </object_component>
      <object_component id="oc-267">
         <name>.text:MPU9150DataMagnetoGetFloat</name>
         <load_address>0x3fbc</load_address>
         <run_address>0x3fbc</run_address>
         <size>0x9c</size>
         <input_file_ref idref="fl-e8"/>
      </object_component>
      <object_component id="oc-42">
         <name>.text</name>
         <load_address>0x4058</load_address>
         <run_address>0x4058</run_address>
         <size>0x9c</size>
         <input_file_ref idref="fl-d6"/>
      </object_component>
      <object_component id="oc-3f2">
         <name>.text:I2CMStateIdle</name>
         <load_address>0x40f4</load_address>
         <run_address>0x40f4</run_address>
         <size>0x98</size>
         <input_file_ref idref="fl-e7"/>
      </object_component>
      <object_component id="oc-13f">
         <name>.text</name>
         <load_address>0x418c</load_address>
         <run_address>0x418c</run_address>
         <size>0x98</size>
         <input_file_ref idref="fl-5"/>
      </object_component>
      <object_component id="oc-33e">
         <name>.text:I2CMCommand</name>
         <load_address>0x4224</load_address>
         <run_address>0x4224</run_address>
         <size>0x88</size>
         <input_file_ref idref="fl-e7"/>
      </object_component>
      <object_component id="oc-291">
         <name>.text:MPU9150DataAccelGetFloat</name>
         <load_address>0x42ac</load_address>
         <run_address>0x42ac</run_address>
         <size>0x7c</size>
         <input_file_ref idref="fl-e8"/>
      </object_component>
      <object_component id="oc-284">
         <name>.text:MPU9150DataGyroGetFloat</name>
         <load_address>0x4328</load_address>
         <run_address>0x4328</run_address>
         <size>0x7c</size>
         <input_file_ref idref="fl-e8"/>
      </object_component>
      <object_component id="oc-5b">
         <name>.text</name>
         <load_address>0x43a4</load_address>
         <run_address>0x43a4</run_address>
         <size>0x7a</size>
         <input_file_ref idref="fl-d7"/>
      </object_component>
      <object_component id="oc-ca">
         <name>.text</name>
         <load_address>0x441e</load_address>
         <run_address>0x441e</run_address>
         <size>0x2</size>
         <input_file_ref idref="fl-e1"/>
      </object_component>
      <object_component id="oc-367">
         <name>.text:I2CMReadModifyWrite8</name>
         <load_address>0x4420</load_address>
         <run_address>0x4420</run_address>
         <size>0x78</size>
         <input_file_ref idref="fl-e7"/>
      </object_component>
      <object_component id="oc-73">
         <name>.text</name>
         <load_address>0x4498</load_address>
         <run_address>0x4498</run_address>
         <size>0x70</size>
         <input_file_ref idref="fl-de"/>
      </object_component>
      <object_component id="oc-357">
         <name>.text</name>
         <load_address>0x4508</load_address>
         <run_address>0x4508</run_address>
         <size>0x6e</size>
         <input_file_ref idref="fl-ea"/>
      </object_component>
      <object_component id="oc-25b">
         <name>.text:MPU9150Init</name>
         <load_address>0x4578</load_address>
         <run_address>0x4578</run_address>
         <size>0x6c</size>
         <input_file_ref idref="fl-e8"/>
      </object_component>
      <object_component id="oc-4e">
         <name>.text</name>
         <load_address>0x45e4</load_address>
         <run_address>0x45e4</run_address>
         <size>0x6a</size>
         <input_file_ref idref="fl-d3"/>
      </object_component>
      <object_component id="oc-419">
         <name>.text:IntDisable</name>
         <load_address>0x4650</load_address>
         <run_address>0x4650</run_address>
         <size>0x68</size>
         <input_file_ref idref="fl-e3"/>
      </object_component>
      <object_component id="oc-402">
         <name>.text:IntEnable</name>
         <load_address>0x46b8</load_address>
         <run_address>0x46b8</run_address>
         <size>0x68</size>
         <input_file_ref idref="fl-e3"/>
      </object_component>
      <object_component id="oc-413">
         <name>.text:IntIsEnabled</name>
         <load_address>0x4720</load_address>
         <run_address>0x4720</run_address>
         <size>0x64</size>
         <input_file_ref idref="fl-e3"/>
      </object_component>
      <object_component id="oc-42c">
         <name>.text:I2CMReadModifyWrite8Callback</name>
         <load_address>0x4784</load_address>
         <run_address>0x4784</run_address>
         <size>0x60</size>
         <input_file_ref idref="fl-e7"/>
      </object_component>
      <object_component id="oc-261">
         <name>.text:MPU9150DataRead</name>
         <load_address>0x47e4</load_address>
         <run_address>0x47e4</run_address>
         <size>0x60</size>
         <input_file_ref idref="fl-e8"/>
      </object_component>
      <object_component id="oc-3e0">
         <name>.text:I2CMStateWritePause</name>
         <load_address>0x4844</load_address>
         <run_address>0x4844</run_address>
         <size>0x5e</size>
         <input_file_ref idref="fl-e7"/>
      </object_component>
      <object_component id="oc-27e">
         <name>.text:MPU9150ReadModifyWrite</name>
         <load_address>0x48a4</load_address>
         <run_address>0x48a4</run_address>
         <size>0x54</size>
         <input_file_ref idref="fl-e8"/>
      </object_component>
      <object_component id="oc-24">
         <name>.text</name>
         <load_address>0x48f8</load_address>
         <run_address>0x48f8</run_address>
         <size>0x54</size>
         <input_file_ref idref="fl-d1"/>
      </object_component>
      <object_component id="oc-7f">
         <name>.text</name>
         <load_address>0x494c</load_address>
         <run_address>0x494c</run_address>
         <size>0x54</size>
         <input_file_ref idref="fl-d5"/>
      </object_component>
      <object_component id="oc-3e6">
         <name>.text:I2CMStateWriteFinal</name>
         <load_address>0x49a0</load_address>
         <run_address>0x49a0</run_address>
         <size>0x50</size>
         <input_file_ref idref="fl-e7"/>
      </object_component>
      <object_component id="oc-14b">
         <name>.text</name>
         <load_address>0x49f0</load_address>
         <run_address>0x49f0</run_address>
         <size>0x50</size>
         <input_file_ref idref="fl-11"/>
      </object_component>
      <object_component id="oc-3fc">
         <name>.text:I2CMasterInitExpClk</name>
         <load_address>0x4a40</load_address>
         <run_address>0x4a40</run_address>
         <size>0x4c</size>
         <input_file_ref idref="fl-ec"/>
      </object_component>
      <object_component id="oc-c4">
         <name>.text</name>
         <load_address>0x4a8c</load_address>
         <run_address>0x4a8c</run_address>
         <size>0x4c</size>
         <input_file_ref idref="fl-df"/>
      </object_component>
      <object_component id="oc-3ce">
         <name>.text:I2CMStateReadNext</name>
         <load_address>0x4ad8</load_address>
         <run_address>0x4ad8</run_address>
         <size>0x4a</size>
         <input_file_ref idref="fl-e7"/>
      </object_component>
      <object_component id="oc-1df">
         <name>.text:GPIOPinConfigure</name>
         <load_address>0x4b24</load_address>
         <run_address>0x4b24</run_address>
         <size>0x48</size>
         <input_file_ref idref="fl-e2"/>
      </object_component>
      <object_component id="oc-3ec">
         <name>.text:I2CMStateWriteNext</name>
         <load_address>0x4b6c</load_address>
         <run_address>0x4b6c</run_address>
         <size>0x48</size>
         <input_file_ref idref="fl-e7"/>
      </object_component>
      <object_component id="oc-2ca">
         <name>.text:_SysCtlFrequencyGet</name>
         <load_address>0x4bb4</load_address>
         <run_address>0x4bb4</run_address>
         <size>0x48</size>
         <input_file_ref idref="fl-e4"/>
      </object_component>
      <object_component id="oc-1fb">
         <name>.text:UARTConfigSetExpClk</name>
         <load_address>0x4bfc</load_address>
         <run_address>0x4bfc</run_address>
         <size>0x46</size>
         <input_file_ref idref="fl-e5"/>
      </object_component>
      <object_component id="oc-3b6">
         <name>.text:I2CMStateCallback</name>
         <load_address>0x4c42</load_address>
         <run_address>0x4c42</run_address>
         <size>0x44</size>
         <input_file_ref idref="fl-e7"/>
      </object_component>
      <object_component id="oc-3c8">
         <name>.text:I2CMStateReadFinal</name>
         <load_address>0x4c86</load_address>
         <run_address>0x4c86</run_address>
         <size>0x42</size>
         <input_file_ref idref="fl-e7"/>
      </object_component>
      <object_component id="oc-21c">
         <name>.text</name>
         <load_address>0x4cc8</load_address>
         <run_address>0x4cc8</run_address>
         <size>0x40</size>
         <input_file_ref idref="fl-db"/>
      </object_component>
      <object_component id="oc-3c2">
         <name>.text:I2CMStateReadPause</name>
         <load_address>0x4d08</load_address>
         <run_address>0x4d08</run_address>
         <size>0x3e</size>
         <input_file_ref idref="fl-e7"/>
      </object_component>
      <object_component id="oc-1f5">
         <name>.text:SysCtlPeripheralPresent</name>
         <load_address>0x4d48</load_address>
         <run_address>0x4d48</run_address>
         <size>0x38</size>
         <input_file_ref idref="fl-e4"/>
      </object_component>
      <object_component id="oc-34d">
         <name>.text</name>
         <load_address>0x4d80</load_address>
         <run_address>0x4d80</run_address>
         <size>0x38</size>
         <input_file_ref idref="fl-eb"/>
      </object_component>
      <object_component id="oc-330">
         <name>.text:I2CMWrite</name>
         <load_address>0x4db8</load_address>
         <run_address>0x4db8</run_address>
         <size>0x36</size>
         <input_file_ref idref="fl-3"/>
      </object_component>
      <object_component id="oc-32a">
         <name>.text:I2CMInit</name>
         <load_address>0x4dee</load_address>
         <run_address>0x4dee</run_address>
         <size>0x34</size>
         <input_file_ref idref="fl-e7"/>
      </object_component>
      <object_component id="oc-24f">
         <name>.text:IntRegister</name>
         <load_address>0x4e24</load_address>
         <run_address>0x4e24</run_address>
         <size>0x34</size>
         <input_file_ref idref="fl-e3"/>
      </object_component>
      <object_component id="oc-1d9">
         <name>.text:SysCtlPeripheralEnable</name>
         <load_address>0x4e58</load_address>
         <run_address>0x4e58</run_address>
         <size>0x34</size>
         <input_file_ref idref="fl-e4"/>
      </object_component>
      <object_component id="oc-2e1">
         <name>.text:GPIODirModeSet</name>
         <load_address>0x4e8c</load_address>
         <run_address>0x4e8c</run_address>
         <size>0x2a</size>
         <input_file_ref idref="fl-e2"/>
      </object_component>
      <object_component id="oc-3d4">
         <name>.text:I2CMStateReadFirst</name>
         <load_address>0x4eb6</load_address>
         <run_address>0x4eb6</run_address>
         <size>0x2a</size>
         <input_file_ref idref="fl-e7"/>
      </object_component>
      <object_component id="oc-3da">
         <name>.text:I2CMStateReadOne</name>
         <load_address>0x4ee0</load_address>
         <run_address>0x4ee0</run_address>
         <size>0x20</size>
         <input_file_ref idref="fl-e7"/>
      </object_component>
      <object_component id="oc-2ed">
         <name>.text:UARTDisable</name>
         <load_address>0x4f00</load_address>
         <run_address>0x4f00</run_address>
         <size>0x20</size>
         <input_file_ref idref="fl-e5"/>
      </object_component>
      <object_component id="oc-2c4">
         <name>.text:_SysCtlMemTimingGet</name>
         <load_address>0x4f20</load_address>
         <run_address>0x4f20</run_address>
         <size>0x20</size>
         <input_file_ref idref="fl-e4"/>
      </object_component>
      <object_component id="oc-3bc">
         <name>.text:I2CMStateReadWait</name>
         <load_address>0x4f40</load_address>
         <run_address>0x4f40</run_address>
         <size>0x1a</size>
         <input_file_ref idref="fl-e7"/>
      </object_component>
      <object_component id="oc-22b">
         <name>.text:GPIOPinTypeGPIOOutput</name>
         <load_address>0x4f5a</load_address>
         <run_address>0x4f5a</run_address>
         <size>0x18</size>
         <input_file_ref idref="fl-e2"/>
      </object_component>
      <object_component id="oc-79">
         <name>.text</name>
         <load_address>0x4f74</load_address>
         <run_address>0x4f74</run_address>
         <size>0x18</size>
         <input_file_ref idref="fl-dd"/>
      </object_component>
      <object_component id="oc-201">
         <name>.text:UARTEnable</name>
         <load_address>0x4f8c</load_address>
         <run_address>0x4f8c</run_address>
         <size>0x14</size>
         <input_file_ref idref="fl-e5"/>
      </object_component>
      <object_component id="oc-173">
         <name>.text</name>
         <load_address>0x4fa0</load_address>
         <run_address>0x4fa0</run_address>
         <size>0x14</size>
         <input_file_ref idref="fl-dc"/>
      </object_component>
      <object_component id="oc-324">
         <name>.text:GPIOPinTypeI2C</name>
         <load_address>0x4fb4</load_address>
         <run_address>0x4fb4</run_address>
         <size>0x12</size>
         <input_file_ref idref="fl-e2"/>
      </object_component>
      <object_component id="oc-31e">
         <name>.text:GPIOPinTypeI2CSCL</name>
         <load_address>0x4fc6</load_address>
         <run_address>0x4fc6</run_address>
         <size>0x12</size>
         <input_file_ref idref="fl-e2"/>
      </object_component>
      <object_component id="oc-1e5">
         <name>.text:GPIOPinTypeUART</name>
         <load_address>0x4fd8</load_address>
         <run_address>0x4fd8</run_address>
         <size>0x12</size>
         <input_file_ref idref="fl-e2"/>
      </object_component>
      <object_component id="oc-12">
         <name>.text:decompress:none</name>
         <load_address>0x4fea</load_address>
         <run_address>0x4fea</run_address>
         <size>0xe</size>
         <input_file_ref idref="fl-d2"/>
      </object_component>
      <object_component id="oc-2e">
         <name>.text</name>
         <load_address>0x4ff8</load_address>
         <run_address>0x4ff8</run_address>
         <size>0xc</size>
         <input_file_ref idref="fl-2"/>
      </object_component>
      <object_component id="oc-41f">
         <name>.text:IntTrigger</name>
         <load_address>0x5004</load_address>
         <run_address>0x5004</run_address>
         <size>0xc</size>
         <input_file_ref idref="fl-e3"/>
      </object_component>
      <object_component id="oc-459">
         <name>.text:I2CMasterEnable</name>
         <load_address>0x5010</load_address>
         <run_address>0x5010</run_address>
         <size>0xa</size>
         <input_file_ref idref="fl-ec"/>
      </object_component>
      <object_component id="oc-20d">
         <name>.text:UARTCharGet</name>
         <load_address>0x501a</load_address>
         <run_address>0x501a</run_address>
         <size>0xa</size>
         <input_file_ref idref="fl-e5"/>
      </object_component>
      <object_component id="oc-207">
         <name>.text:UARTCharPut</name>
         <load_address>0x5024</load_address>
         <run_address>0x5024</run_address>
         <size>0xa</size>
         <input_file_ref idref="fl-e5"/>
      </object_component>
      <object_component id="oc-3aa">
         <name>.text:I2CMasterIntClear</name>
         <load_address>0x502e</load_address>
         <run_address>0x502e</run_address>
         <size>0x8</size>
         <input_file_ref idref="fl-ec"/>
      </object_component>
      <object_component id="oc-408">
         <name>.text:I2CMasterIntEnableEx</name>
         <load_address>0x5036</load_address>
         <run_address>0x5036</run_address>
         <size>0x8</size>
         <input_file_ref idref="fl-ec"/>
      </object_component>
      <object_component id="oc-445">
         <name>.text:I2CMasterSlaveAddrSet</name>
         <load_address>0x503e</load_address>
         <run_address>0x503e</run_address>
         <size>0x8</size>
         <input_file_ref idref="fl-ec"/>
      </object_component>
      <object_component id="oc-237">
         <name>.text:GPIOPinRead</name>
         <load_address>0x5046</load_address>
         <run_address>0x5046</run_address>
         <size>0x6</size>
         <input_file_ref idref="fl-e2"/>
      </object_component>
      <object_component id="oc-23d">
         <name>.text:GPIOPinWrite</name>
         <load_address>0x504c</load_address>
         <run_address>0x504c</run_address>
         <size>0x6</size>
         <input_file_ref idref="fl-e2"/>
      </object_component>
      <object_component id="oc-1eb">
         <name>.text:UARTClockSourceSet</name>
         <load_address>0x5052</load_address>
         <run_address>0x5052</run_address>
         <size>0x6</size>
         <input_file_ref idref="fl-e5"/>
      </object_component>
      <object_component id="oc-18">
         <name>.text:decompress:rle24</name>
         <load_address>0x5058</load_address>
         <run_address>0x5058</run_address>
         <size>0x6</size>
         <input_file_ref idref="fl-d3"/>
      </object_component>
      <object_component id="oc-3b0">
         <name>.text:I2CMasterControl</name>
         <load_address>0x505e</load_address>
         <run_address>0x505e</run_address>
         <size>0x4</size>
         <input_file_ref idref="fl-ec"/>
      </object_component>
      <object_component id="oc-43b">
         <name>.text:I2CMasterDataGet</name>
         <load_address>0x5062</load_address>
         <run_address>0x5062</run_address>
         <size>0x4</size>
         <input_file_ref idref="fl-ec"/>
      </object_component>
      <object_component id="oc-44d">
         <name>.text:I2CMasterDataPut</name>
         <load_address>0x5066</load_address>
         <run_address>0x5066</run_address>
         <size>0x4</size>
         <input_file_ref idref="fl-ec"/>
      </object_component>
      <object_component id="oc-6d">
         <name>.text</name>
         <load_address>0x506a</load_address>
         <run_address>0x506a</run_address>
         <size>0x4</size>
         <input_file_ref idref="fl-d9"/>
      </object_component>
      <object_component id="oc-2d3">
         <name>.const:g_pppui32XTALtoVCO</name>
         <load_address>0x5070</load_address>
         <run_address>0x5070</run_address>
         <size>0x1b0</size>
         <input_file_ref idref="fl-e4"/>
      </object_component>
      <object_component id="oc-2dc">
         <name>.const:g_pui32GPIOBaseAddrs</name>
         <load_address>0x5220</load_address>
         <run_address>0x5220</run_address>
         <size>0x90</size>
         <input_file_ref idref="fl-e2"/>
      </object_component>
      <object_component id="oc-460">
         <name>.const</name>
         <load_address>0x52b0</load_address>
         <run_address>0x52b0</run_address>
         <size>0x70</size>
         <input_file_ref idref="fl-e3"/>
      </object_component>
      <object_component id="oc-2d0">
         <name>.const:g_pui32Xtals</name>
         <load_address>0x5320</load_address>
         <run_address>0x5320</run_address>
         <size>0x6c</size>
         <input_file_ref idref="fl-e4"/>
      </object_component>
      <object_component id="oc-38b">
         <name>.const:g_sXTALtoMEMTIM</name>
         <load_address>0x538c</load_address>
         <run_address>0x538c</run_address>
         <size>0x30</size>
         <input_file_ref idref="fl-e4"/>
      </object_component>
      <object_component id="oc-36e">
         <name>.const</name>
         <load_address>0x53bc</load_address>
         <run_address>0x53bc</run_address>
         <size>0x20</size>
         <input_file_ref idref="fl-e8"/>
      </object_component>
      <object_component id="oc-304">
         <name>.const:.string</name>
         <load_address>0x53dc</load_address>
         <run_address>0x53dc</run_address>
         <size>0x12</size>
         <input_file_ref idref="fl-6"/>
      </object_component>
      <object_component id="oc-1bc">
         <name>.const</name>
         <load_address>0x53ee</load_address>
         <run_address>0x53ee</run_address>
         <size>0x2</size>
         <input_file_ref idref="fl-4"/>
      </object_component>
      <object_component id="oc-219">
         <name>.const:g_ui32UARTBase</name>
         <load_address>0x53f0</load_address>
         <run_address>0x53f0</run_address>
         <size>0xc</size>
         <input_file_ref idref="fl-6"/>
      </object_component>
      <object_component id="oc-213">
         <name>.const:g_ui32UARTPeriph</name>
         <load_address>0x53fc</load_address>
         <run_address>0x53fc</run_address>
         <size>0xc</size>
         <input_file_ref idref="fl-6"/>
      </object_component>
      <object_component id="oc-2d6">
         <name>.const</name>
         <load_address>0x5408</load_address>
         <run_address>0x5408</run_address>
         <size>0x8</size>
         <input_file_ref idref="fl-e4"/>
      </object_component>
      <object_component id="oc-8f">
         <name>.const</name>
         <load_address>0x5410</load_address>
         <run_address>0x5410</run_address>
         <size>0x4</size>
         <input_file_ref idref="fl-d"/>
      </object_component>
      <object_component id="oc-221">
         <name>.const</name>
         <load_address>0x5414</load_address>
         <run_address>0x5414</run_address>
         <size>0x4</size>
         <input_file_ref idref="fl-6"/>
      </object_component>
      <object_component id="oc-493">
         <name>.cinit..data.load</name>
         <load_address>0x5418</load_address>
         <run_address>0x5418</run_address>
         <size>0x33</size>
      </object_component>
      <object_component id="oc-494">
         <name>.cinit..bss.load</name>
         <load_address>0x5450</load_address>
         <run_address>0x5450</run_address>
         <size>0xb</size>
      </object_component>
      <object_component id="oc-492">
         <name>.cinit..vtable.load</name>
         <load_address>0x5460</load_address>
         <run_address>0x5460</run_address>
         <size>0xb</size>
      </object_component>
      <object_component id="oc-490">
         <name>__TI_handler_table</name>
         <load_address>0x546c</load_address>
         <run_address>0x546c</run_address>
         <size>0x8</size>
      </object_component>
      <object_component id="oc-491">
         <name>__TI_cinit_table</name>
         <load_address>0x5474</load_address>
         <run_address>0x5474</run_address>
         <size>0x18</size>
      </object_component>
      <object_component id="oc-313">
         <name>.vtable</name>
         <uninitialized>true</uninitialized>
         <run_address>0x20000000</run_address>
         <size>0x26c</size>
         <input_file_ref idref="fl-e3"/>
      </object_component>
      <object_component id="oc-26d">
         <name>.data</name>
         <load_address>0x2000d235</load_address>
         <run_address>0x2000d235</run_address>
         <size>0x1</size>
         <input_file_ref idref="fl-3"/>
      </object_component>
      <object_component id="oc-1b0">
         <name>.data</name>
         <load_address>0x2000d264</load_address>
         <run_address>0x2000d264</run_address>
         <size>0x8</size>
         <input_file_ref idref="fl-4"/>
      </object_component>
      <object_component id="oc-1f1">
         <name>.data</name>
         <load_address>0x2000d238</load_address>
         <run_address>0x2000d238</run_address>
         <size>0x10</size>
         <input_file_ref idref="fl-5"/>
      </object_component>
      <object_component id="oc-216">
         <name>.data</name>
         <load_address>0x2000d27c</load_address>
         <run_address>0x2000d27c</run_address>
         <size>0x5</size>
         <input_file_ref idref="fl-6"/>
      </object_component>
      <object_component id="oc-8c">
         <name>.data</name>
         <load_address>0x2000d1ec</load_address>
         <run_address>0x2000d1ec</run_address>
         <size>0x30</size>
         <input_file_ref idref="fl-b"/>
      </object_component>
      <object_component id="oc-197">
         <name>.data</name>
         <load_address>0x2000d274</load_address>
         <run_address>0x2000d274</run_address>
         <size>0x8</size>
         <input_file_ref idref="fl-c"/>
      </object_component>
      <object_component id="oc-99">
         <name>.data</name>
         <load_address>0x2000d26c</load_address>
         <run_address>0x2000d26c</run_address>
         <size>0x8</size>
         <input_file_ref idref="fl-d"/>
      </object_component>
      <object_component id="oc-270">
         <name>.data</name>
         <load_address>0x2000d21c</load_address>
         <run_address>0x2000d21c</run_address>
         <size>0x19</size>
         <input_file_ref idref="fl-12"/>
      </object_component>
      <object_component id="oc-33a">
         <name>.data:I2C7WriteData</name>
         <load_address>0x2000d25c</load_address>
         <run_address>0x2000d25c</run_address>
         <size>0x8</size>
         <input_file_ref idref="fl-12"/>
      </object_component>
      <object_component id="oc-245">
         <name>.data</name>
         <load_address>0x2000d284</load_address>
         <run_address>0x2000d284</run_address>
         <size>0x4</size>
         <input_file_ref idref="fl-13"/>
      </object_component>
      <object_component id="oc-da">
         <name>.data:$O1$$</name>
         <load_address>0x2000d248</load_address>
         <run_address>0x2000d248</run_address>
         <size>0xc</size>
         <input_file_ref idref="fl-d5"/>
      </object_component>
      <object_component id="oc-85">
         <name>.data</name>
         <load_address>0x2000d288</load_address>
         <run_address>0x2000d288</run_address>
         <size>0x4</size>
         <input_file_ref idref="fl-da"/>
      </object_component>
      <object_component id="oc-dd">
         <name>.data:$O1$$</name>
         <load_address>0x2000d254</load_address>
         <run_address>0x2000d254</run_address>
         <size>0x8</size>
         <input_file_ref idref="fl-dc"/>
      </object_component>
      <object_component id="oc-2b">
         <name>.bss:pulStack</name>
         <uninitialized>true</uninitialized>
         <run_address>0x2000c6e4</run_address>
         <size>0x100</size>
         <input_file_ref idref="fl-2"/>
      </object_component>
      <object_component id="oc-1b6">
         <name>.bss:xHeap</name>
         <uninitialized>true</uninitialized>
         <run_address>0x20000270</run_address>
         <size>0xc350</size>
         <input_file_ref idref="fl-4"/>
      </object_component>
      <object_component id="oc-1b3">
         <name>.bss:xStart</name>
         <uninitialized>true</uninitialized>
         <run_address>0x2000c9e0</run_address>
         <size>0x8</size>
         <input_file_ref idref="fl-4"/>
      </object_component>
      <object_component id="oc-1b9">
         <name>.bss:xEnd</name>
         <uninitialized>true</uninitialized>
         <run_address>0x2000c9d8</run_address>
         <size>0x8</size>
         <input_file_ref idref="fl-4"/>
      </object_component>
      <object_component id="oc-f0">
         <name>.bss:pxReadyTasksLists</name>
         <uninitialized>true</uninitialized>
         <run_address>0x2000c850</run_address>
         <size>0x64</size>
         <input_file_ref idref="fl-b"/>
      </object_component>
      <object_component id="oc-10b">
         <name>.bss:xDelayedTaskList1</name>
         <uninitialized>true</uninitialized>
         <run_address>0x2000c94c</run_address>
         <size>0x14</size>
         <input_file_ref idref="fl-b"/>
      </object_component>
      <object_component id="oc-10e">
         <name>.bss:xDelayedTaskList2</name>
         <uninitialized>true</uninitialized>
         <run_address>0x2000c960</run_address>
         <size>0x14</size>
         <input_file_ref idref="fl-b"/>
      </object_component>
      <object_component id="oc-102">
         <name>.bss</name>
         <uninitialized>true</uninitialized>
         <run_address>0x2000c9c8</run_address>
         <size>0x8</size>
         <input_file_ref idref="fl-b"/>
      </object_component>
      <object_component id="oc-ff">
         <name>.bss:xPendingReadyList</name>
         <uninitialized>true</uninitialized>
         <run_address>0x2000c974</run_address>
         <size>0x14</size>
         <input_file_ref idref="fl-b"/>
      </object_component>
      <object_component id="oc-f3">
         <name>.bss:xTasksWaitingTermination</name>
         <uninitialized>true</uninitialized>
         <run_address>0x2000c99c</run_address>
         <size>0x14</size>
         <input_file_ref idref="fl-b"/>
      </object_component>
      <object_component id="oc-fc">
         <name>.bss:xSuspendedTaskList</name>
         <uninitialized>true</uninitialized>
         <run_address>0x2000c988</run_address>
         <size>0x14</size>
         <input_file_ref idref="fl-b"/>
      </object_component>
      <object_component id="oc-19d">
         <name>.bss:xActiveTimerList1</name>
         <uninitialized>true</uninitialized>
         <run_address>0x2000c924</run_address>
         <size>0x14</size>
         <input_file_ref idref="fl-c"/>
      </object_component>
      <object_component id="oc-1a0">
         <name>.bss:xActiveTimerList2</name>
         <uninitialized>true</uninitialized>
         <run_address>0x2000c938</run_address>
         <size>0x14</size>
         <input_file_ref idref="fl-c"/>
      </object_component>
      <object_component id="oc-19a">
         <name>.bss</name>
         <uninitialized>true</uninitialized>
         <run_address>0x2000c9d0</run_address>
         <size>0x8</size>
         <input_file_ref idref="fl-c"/>
      </object_component>
      <object_component id="oc-2a0">
         <name>.common:xQueueRegistry</name>
         <uninitialized>true</uninitialized>
         <run_address>0x2000c8b4</run_address>
         <size>0x40</size>
      </object_component>
      <object_component id="oc-297">
         <name>.common:fAccel</name>
         <uninitialized>true</uninitialized>
         <run_address>0x2000c9b0</run_address>
         <size>0xc</size>
      </object_component>
      <object_component id="oc-273">
         <name>.common:sMPU9150</name>
         <uninitialized>true</uninitialized>
         <run_address>0x2000c7e4</run_address>
         <size>0x6c</size>
      </object_component>
      <object_component id="oc-27a">
         <name>.common:g_bMPU9150Done</name>
         <uninitialized>true</uninitialized>
         <run_address>0x2000c9e8</run_address>
         <size>0x1</size>
      </object_component>
      <object_component id="oc-298">
         <name>.common:accelerometerReport</name>
         <uninitialized>true</uninitialized>
         <run_address>0x2000c8f4</run_address>
         <size>0x18</size>
      </object_component>
      <object_component id="oc-27b">
         <name>.common:fMagneto</name>
         <uninitialized>true</uninitialized>
         <run_address>0x2000c9bc</run_address>
         <size>0xc</size>
      </object_component>
      <object_component id="oc-27c">
         <name>.common:magnetometerReport</name>
         <uninitialized>true</uninitialized>
         <run_address>0x2000c90c</run_address>
         <size>0x18</size>
      </object_component>
      <object_component id="oc-337">
         <name>.common:I2C7_Instance</name>
         <uninitialized>true</uninitialized>
         <run_address>0x2000c5c0</run_address>
         <size>0x124</size>
      </object_component>
      <object_component id="oc-28a">
         <name>.common:task_done</name>
         <uninitialized>true</uninitialized>
         <run_address>0x2000c9e9</run_address>
         <size>0x1</size>
      </object_component>
      <object_component id="oc-2a">
         <name>.stack</name>
         <uninitialized>true</uninitialized>
         <run_address>0x2000c9ec</run_address>
         <size>0x0</size>
         <input_file_ref idref="fl-d1"/>
      </object_component>
      <object_component id="oc-495">
         <name>.stack</name>
         <uninitialized>true</uninitialized>
         <run_address>0x2000c9ec</run_address>
         <size>0x0</size>
      </object_component>
      <object_component id="oc-41">
         <name>.debug_info</name>
         <load_address>0x0</load_address>
         <run_address>0x0</run_address>
         <size>0x178</size>
         <input_file_ref idref="fl-2"/>
      </object_component>
      <object_component id="oc-2c">
         <name>.debug_info</name>
         <load_address>0x178</load_address>
         <run_address>0x178</run_address>
         <size>0xe7</size>
         <input_file_ref idref="fl-2"/>
      </object_component>
      <object_component id="oc-10">
         <name>.debug_info</name>
         <load_address>0x25f</load_address>
         <run_address>0x25f</run_address>
         <size>0xf0</size>
         <input_file_ref idref="fl-2"/>
      </object_component>
      <object_component id="oc-2f">
         <name>.debug_info</name>
         <load_address>0x34f</load_address>
         <run_address>0x34f</run_address>
         <size>0x29c</size>
         <input_file_ref idref="fl-2"/>
      </object_component>
      <object_component id="oc-aa">
         <name>.debug_info</name>
         <load_address>0x5eb</load_address>
         <run_address>0x5eb</run_address>
         <size>0x84</size>
         <input_file_ref idref="fl-2"/>
      </object_component>
      <object_component id="oc-117">
         <name>.debug_info</name>
         <load_address>0x66f</load_address>
         <run_address>0x66f</run_address>
         <size>0x18b</size>
         <input_file_ref idref="fl-2"/>
      </object_component>
      <object_component id="oc-226">
         <name>.debug_info</name>
         <load_address>0x7fa</load_address>
         <run_address>0x7fa</run_address>
         <size>0x4e</size>
         <input_file_ref idref="fl-2"/>
      </object_component>
      <object_component id="oc-12a">
         <name>.debug_info</name>
         <load_address>0x848</load_address>
         <run_address>0x848</run_address>
         <size>0x49f</size>
         <input_file_ref idref="fl-3"/>
      </object_component>
      <object_component id="oc-26e">
         <name>.debug_info</name>
         <load_address>0xce7</load_address>
         <run_address>0xce7</run_address>
         <size>0xeb</size>
         <input_file_ref idref="fl-3"/>
      </object_component>
      <object_component id="oc-331">
         <name>.debug_info</name>
         <load_address>0xdd2</load_address>
         <run_address>0xdd2</run_address>
         <size>0x270</size>
         <input_file_ref idref="fl-3"/>
      </object_component>
      <object_component id="oc-d3">
         <name>.debug_info</name>
         <load_address>0x1042</load_address>
         <run_address>0x1042</run_address>
         <size>0x1f4</size>
         <input_file_ref idref="fl-3"/>
      </object_component>
      <object_component id="oc-112">
         <name>.debug_info</name>
         <load_address>0x1236</load_address>
         <run_address>0x1236</run_address>
         <size>0x2ef</size>
         <input_file_ref idref="fl-3"/>
      </object_component>
      <object_component id="oc-1c7">
         <name>.debug_info</name>
         <load_address>0x1525</load_address>
         <run_address>0x1525</run_address>
         <size>0x4e6</size>
         <input_file_ref idref="fl-3"/>
      </object_component>
      <object_component id="oc-372">
         <name>.debug_info</name>
         <load_address>0x1a0b</load_address>
         <run_address>0x1a0b</run_address>
         <size>0x108</size>
         <input_file_ref idref="fl-3"/>
      </object_component>
      <object_component id="oc-28c">
         <name>.debug_info</name>
         <load_address>0x1b13</load_address>
         <run_address>0x1b13</run_address>
         <size>0x16c</size>
         <input_file_ref idref="fl-3"/>
      </object_component>
      <object_component id="oc-12b">
         <name>.debug_info</name>
         <load_address>0x1c7f</load_address>
         <run_address>0x1c7f</run_address>
         <size>0x8b</size>
         <input_file_ref idref="fl-3"/>
      </object_component>
      <object_component id="oc-9e">
         <name>.debug_info</name>
         <load_address>0x1d0a</load_address>
         <run_address>0x1d0a</run_address>
         <size>0x2c</size>
         <input_file_ref idref="fl-3"/>
      </object_component>
      <object_component id="oc-a3">
         <name>.debug_info</name>
         <load_address>0x1d36</load_address>
         <run_address>0x1d36</run_address>
         <size>0xae</size>
         <input_file_ref idref="fl-3"/>
      </object_component>
      <object_component id="oc-125">
         <name>.debug_info</name>
         <load_address>0x1de4</load_address>
         <run_address>0x1de4</run_address>
         <size>0x14c</size>
         <input_file_ref idref="fl-3"/>
      </object_component>
      <object_component id="oc-1c0">
         <name>.debug_info</name>
         <load_address>0x1f30</load_address>
         <run_address>0x1f30</run_address>
         <size>0x1bd</size>
         <input_file_ref idref="fl-4"/>
      </object_component>
      <object_component id="oc-1b7">
         <name>.debug_info</name>
         <load_address>0x20ed</load_address>
         <run_address>0x20ed</run_address>
         <size>0xc9</size>
         <input_file_ref idref="fl-4"/>
      </object_component>
      <object_component id="oc-1bd">
         <name>.debug_info</name>
         <load_address>0x21b6</load_address>
         <run_address>0x21b6</run_address>
         <size>0xdd</size>
         <input_file_ref idref="fl-4"/>
      </object_component>
      <object_component id="oc-1b4">
         <name>.debug_info</name>
         <load_address>0x2293</load_address>
         <run_address>0x2293</run_address>
         <size>0xcb</size>
         <input_file_ref idref="fl-4"/>
      </object_component>
      <object_component id="oc-1ba">
         <name>.debug_info</name>
         <load_address>0x235e</load_address>
         <run_address>0x235e</run_address>
         <size>0xc7</size>
         <input_file_ref idref="fl-4"/>
      </object_component>
      <object_component id="oc-1b1">
         <name>.debug_info</name>
         <load_address>0x2425</load_address>
         <run_address>0x2425</run_address>
         <size>0xe5</size>
         <input_file_ref idref="fl-4"/>
      </object_component>
      <object_component id="oc-106">
         <name>.debug_info</name>
         <load_address>0x250a</load_address>
         <run_address>0x250a</run_address>
         <size>0x477</size>
         <input_file_ref idref="fl-4"/>
      </object_component>
      <object_component id="oc-186">
         <name>.debug_info</name>
         <load_address>0x2981</load_address>
         <run_address>0x2981</run_address>
         <size>0x110</size>
         <input_file_ref idref="fl-4"/>
      </object_component>
      <object_component id="oc-2b7">
         <name>.debug_info</name>
         <load_address>0x2a91</load_address>
         <run_address>0x2a91</run_address>
         <size>0x99</size>
         <input_file_ref idref="fl-4"/>
      </object_component>
      <object_component id="oc-1f2">
         <name>.debug_info</name>
         <load_address>0x2b2a</load_address>
         <run_address>0x2b2a</run_address>
         <size>0x18e</size>
         <input_file_ref idref="fl-5"/>
      </object_component>
      <object_component id="oc-140">
         <name>.debug_info</name>
         <load_address>0x2cb8</load_address>
         <run_address>0x2cb8</run_address>
         <size>0x317</size>
         <input_file_ref idref="fl-5"/>
      </object_component>
      <object_component id="oc-225">
         <name>.debug_info</name>
         <load_address>0x2fcf</load_address>
         <run_address>0x2fcf</run_address>
         <size>0x241</size>
         <input_file_ref idref="fl-6"/>
      </object_component>
      <object_component id="oc-217">
         <name>.debug_info</name>
         <load_address>0x3210</load_address>
         <run_address>0x3210</run_address>
         <size>0xde</size>
         <input_file_ref idref="fl-6"/>
      </object_component>
      <object_component id="oc-222">
         <name>.debug_info</name>
         <load_address>0x32ee</load_address>
         <run_address>0x32ee</run_address>
         <size>0xd8</size>
         <input_file_ref idref="fl-6"/>
      </object_component>
      <object_component id="oc-21a">
         <name>.debug_info</name>
         <load_address>0x33c6</load_address>
         <run_address>0x33c6</run_address>
         <size>0xe6</size>
         <input_file_ref idref="fl-6"/>
      </object_component>
      <object_component id="oc-214">
         <name>.debug_info</name>
         <load_address>0x34ac</load_address>
         <run_address>0x34ac</run_address>
         <size>0xea</size>
         <input_file_ref idref="fl-6"/>
      </object_component>
      <object_component id="oc-146">
         <name>.debug_info</name>
         <load_address>0x3596</load_address>
         <run_address>0x3596</run_address>
         <size>0x7e7</size>
         <input_file_ref idref="fl-6"/>
      </object_component>
      <object_component id="oc-29d">
         <name>.debug_info</name>
         <load_address>0x3d7d</load_address>
         <run_address>0x3d7d</run_address>
         <size>0x427</size>
         <input_file_ref idref="fl-8"/>
      </object_component>
      <object_component id="oc-37a">
         <name>.debug_info</name>
         <load_address>0x41a4</load_address>
         <run_address>0x41a4</run_address>
         <size>0x39</size>
         <input_file_ref idref="fl-8"/>
      </object_component>
      <object_component id="oc-181">
         <name>.debug_info</name>
         <load_address>0x41dd</load_address>
         <run_address>0x41dd</run_address>
         <size>0x46</size>
         <input_file_ref idref="fl-8"/>
      </object_component>
      <object_component id="oc-37f">
         <name>.debug_info</name>
         <load_address>0x4223</load_address>
         <run_address>0x4223</run_address>
         <size>0x76</size>
         <input_file_ref idref="fl-8"/>
      </object_component>
      <object_component id="oc-18c">
         <name>.debug_info</name>
         <load_address>0x4299</load_address>
         <run_address>0x4299</run_address>
         <size>0x136</size>
         <input_file_ref idref="fl-9"/>
      </object_component>
      <object_component id="oc-eb">
         <name>.debug_info</name>
         <load_address>0x43cf</load_address>
         <run_address>0x43cf</run_address>
         <size>0x577</size>
         <input_file_ref idref="fl-9"/>
      </object_component>
      <object_component id="oc-2a1">
         <name>.debug_info</name>
         <load_address>0x4946</load_address>
         <run_address>0x4946</run_address>
         <size>0x649</size>
         <input_file_ref idref="fl-a"/>
      </object_component>
      <object_component id="oc-192">
         <name>.debug_info</name>
         <load_address>0x4f8f</load_address>
         <run_address>0x4f8f</run_address>
         <size>0x2c6c</size>
         <input_file_ref idref="fl-a"/>
      </object_component>
      <object_component id="oc-386">
         <name>.debug_info</name>
         <load_address>0x7bfb</load_address>
         <run_address>0x7bfb</run_address>
         <size>0x1cd</size>
         <input_file_ref idref="fl-a"/>
      </object_component>
      <object_component id="oc-2a4">
         <name>.debug_info</name>
         <load_address>0x7dc8</load_address>
         <run_address>0x7dc8</run_address>
         <size>0x46</size>
         <input_file_ref idref="fl-a"/>
      </object_component>
      <object_component id="oc-e7">
         <name>.debug_info</name>
         <load_address>0x7e0e</load_address>
         <run_address>0x7e0e</run_address>
         <size>0x59a</size>
         <input_file_ref idref="fl-b"/>
      </object_component>
      <object_component id="oc-8d">
         <name>.debug_info</name>
         <load_address>0x83a8</load_address>
         <run_address>0x83a8</run_address>
         <size>0x300</size>
         <input_file_ref idref="fl-b"/>
      </object_component>
      <object_component id="oc-f1">
         <name>.debug_info</name>
         <load_address>0x86a8</load_address>
         <run_address>0x86a8</run_address>
         <size>0xfc</size>
         <input_file_ref idref="fl-b"/>
      </object_component>
      <object_component id="oc-10c">
         <name>.debug_info</name>
         <load_address>0x87a4</load_address>
         <run_address>0x87a4</run_address>
         <size>0xfc</size>
         <input_file_ref idref="fl-b"/>
      </object_component>
      <object_component id="oc-10f">
         <name>.debug_info</name>
         <load_address>0x88a0</load_address>
         <run_address>0x88a0</run_address>
         <size>0xfc</size>
         <input_file_ref idref="fl-b"/>
      </object_component>
      <object_component id="oc-103">
         <name>.debug_info</name>
         <load_address>0x899c</load_address>
         <run_address>0x899c</run_address>
         <size>0x13e</size>
         <input_file_ref idref="fl-b"/>
      </object_component>
      <object_component id="oc-100">
         <name>.debug_info</name>
         <load_address>0x8ada</load_address>
         <run_address>0x8ada</run_address>
         <size>0xfc</size>
         <input_file_ref idref="fl-b"/>
      </object_component>
      <object_component id="oc-f4">
         <name>.debug_info</name>
         <load_address>0x8bd6</load_address>
         <run_address>0x8bd6</run_address>
         <size>0x10a</size>
         <input_file_ref idref="fl-b"/>
      </object_component>
      <object_component id="oc-fd">
         <name>.debug_info</name>
         <load_address>0x8ce0</load_address>
         <run_address>0x8ce0</run_address>
         <size>0xfe</size>
         <input_file_ref idref="fl-b"/>
      </object_component>
      <object_component id="oc-93">
         <name>.debug_info</name>
         <load_address>0x8dde</load_address>
         <run_address>0x8dde</run_address>
         <size>0x4b58</size>
         <input_file_ref idref="fl-b"/>
      </object_component>
      <object_component id="oc-11c">
         <name>.debug_info</name>
         <load_address>0xd936</load_address>
         <run_address>0xd936</run_address>
         <size>0x169</size>
         <input_file_ref idref="fl-b"/>
      </object_component>
      <object_component id="oc-1a4">
         <name>.debug_info</name>
         <load_address>0xda9f</load_address>
         <run_address>0xda9f</run_address>
         <size>0x643</size>
         <input_file_ref idref="fl-c"/>
      </object_component>
      <object_component id="oc-19e">
         <name>.debug_info</name>
         <load_address>0xe0e2</load_address>
         <run_address>0xe0e2</run_address>
         <size>0xfd</size>
         <input_file_ref idref="fl-c"/>
      </object_component>
      <object_component id="oc-1a1">
         <name>.debug_info</name>
         <load_address>0xe1df</load_address>
         <run_address>0xe1df</run_address>
         <size>0xfd</size>
         <input_file_ref idref="fl-c"/>
      </object_component>
      <object_component id="oc-19b">
         <name>.debug_info</name>
         <load_address>0xe2dc</load_address>
         <run_address>0xe2dc</run_address>
         <size>0x135</size>
         <input_file_ref idref="fl-c"/>
      </object_component>
      <object_component id="oc-198">
         <name>.debug_info</name>
         <load_address>0xe411</load_address>
         <run_address>0xe411</run_address>
         <size>0xf1</size>
         <input_file_ref idref="fl-c"/>
      </object_component>
      <object_component id="oc-f7">
         <name>.debug_info</name>
         <load_address>0xe502</load_address>
         <run_address>0xe502</run_address>
         <size>0x1968</size>
         <input_file_ref idref="fl-c"/>
      </object_component>
      <object_component id="oc-1a5">
         <name>.debug_info</name>
         <load_address>0xfe6a</load_address>
         <run_address>0xfe6a</run_address>
         <size>0x1ce</size>
         <input_file_ref idref="fl-c"/>
      </object_component>
      <object_component id="oc-9d">
         <name>.debug_info</name>
         <load_address>0x10038</load_address>
         <run_address>0x10038</run_address>
         <size>0x20c</size>
         <input_file_ref idref="fl-d"/>
      </object_component>
      <object_component id="oc-90">
         <name>.debug_info</name>
         <load_address>0x10244</load_address>
         <run_address>0x10244</run_address>
         <size>0x12a</size>
         <input_file_ref idref="fl-d"/>
      </object_component>
      <object_component id="oc-9a">
         <name>.debug_info</name>
         <load_address>0x1036e</load_address>
         <run_address>0x1036e</run_address>
         <size>0x145</size>
         <input_file_ref idref="fl-d"/>
      </object_component>
      <object_component id="oc-3a">
         <name>.debug_info</name>
         <load_address>0x104b3</load_address>
         <run_address>0x104b3</run_address>
         <size>0x7f6</size>
         <input_file_ref idref="fl-d"/>
      </object_component>
      <object_component id="oc-35">
         <name>.debug_info</name>
         <load_address>0x10ca9</load_address>
         <run_address>0x10ca9</run_address>
         <size>0x262</size>
         <input_file_ref idref="fl-e"/>
      </object_component>
      <object_component id="oc-274">
         <name>.debug_info</name>
         <load_address>0x10f0b</load_address>
         <run_address>0x10f0b</run_address>
         <size>0x62a</size>
         <input_file_ref idref="fl-f"/>
      </object_component>
      <object_component id="oc-164">
         <name>.debug_info</name>
         <load_address>0x11535</load_address>
         <run_address>0x11535</run_address>
         <size>0x45f</size>
         <input_file_ref idref="fl-f"/>
      </object_component>
      <object_component id="oc-24a">
         <name>.debug_info</name>
         <load_address>0x11994</load_address>
         <run_address>0x11994</run_address>
         <size>0xdf</size>
         <input_file_ref idref="fl-f"/>
      </object_component>
      <object_component id="oc-276">
         <name>.debug_info</name>
         <load_address>0x11a73</load_address>
         <run_address>0x11a73</run_address>
         <size>0x5f9</size>
         <input_file_ref idref="fl-10"/>
      </object_component>
      <object_component id="oc-158">
         <name>.debug_info</name>
         <load_address>0x1206c</load_address>
         <run_address>0x1206c</run_address>
         <size>0x3d0</size>
         <input_file_ref idref="fl-10"/>
      </object_component>
      <object_component id="oc-244">
         <name>.debug_info</name>
         <load_address>0x1243c</load_address>
         <run_address>0x1243c</run_address>
         <size>0x270</size>
         <input_file_ref idref="fl-11"/>
      </object_component>
      <object_component id="oc-14c">
         <name>.debug_info</name>
         <load_address>0x126ac</load_address>
         <run_address>0x126ac</run_address>
         <size>0x20e</size>
         <input_file_ref idref="fl-11"/>
      </object_component>
      <object_component id="oc-338">
         <name>.debug_info</name>
         <load_address>0x128ba</load_address>
         <run_address>0x128ba</run_address>
         <size>0x47a</size>
         <input_file_ref idref="fl-12"/>
      </object_component>
      <object_component id="oc-271">
         <name>.debug_info</name>
         <load_address>0x12d34</load_address>
         <run_address>0x12d34</run_address>
         <size>0x211</size>
         <input_file_ref idref="fl-12"/>
      </object_component>
      <object_component id="oc-33b">
         <name>.debug_info</name>
         <load_address>0x12f45</load_address>
         <run_address>0x12f45</run_address>
         <size>0xeb</size>
         <input_file_ref idref="fl-12"/>
      </object_component>
      <object_component id="oc-256">
         <name>.debug_info</name>
         <load_address>0x13030</load_address>
         <run_address>0x13030</run_address>
         <size>0x454</size>
         <input_file_ref idref="fl-12"/>
      </object_component>
      <object_component id="oc-249">
         <name>.debug_info</name>
         <load_address>0x13484</load_address>
         <run_address>0x13484</run_address>
         <size>0x224</size>
         <input_file_ref idref="fl-13"/>
      </object_component>
      <object_component id="oc-246">
         <name>.debug_info</name>
         <load_address>0x136a8</load_address>
         <run_address>0x136a8</run_address>
         <size>0xef</size>
         <input_file_ref idref="fl-13"/>
      </object_component>
      <object_component id="oc-152">
         <name>.debug_info</name>
         <load_address>0x13797</load_address>
         <run_address>0x13797</run_address>
         <size>0x25d</size>
         <input_file_ref idref="fl-13"/>
      </object_component>
      <object_component id="oc-278">
         <name>.debug_info</name>
         <load_address>0x139f4</load_address>
         <run_address>0x139f4</run_address>
         <size>0x5f7</size>
         <input_file_ref idref="fl-15"/>
      </object_component>
      <object_component id="oc-15e">
         <name>.debug_info</name>
         <load_address>0x13feb</load_address>
         <run_address>0x13feb</run_address>
         <size>0x3c5</size>
         <input_file_ref idref="fl-15"/>
      </object_component>
      <object_component id="oc-25">
         <name>.debug_info</name>
         <load_address>0x143b0</load_address>
         <run_address>0x143b0</run_address>
         <size>0x17c</size>
         <input_file_ref idref="fl-d1"/>
      </object_component>
      <object_component id="oc-4d">
         <name>.debug_info</name>
         <load_address>0x1452c</load_address>
         <run_address>0x1452c</run_address>
         <size>0x15c</size>
         <input_file_ref idref="fl-d2"/>
      </object_component>
      <object_component id="oc-16">
         <name>.debug_info</name>
         <load_address>0x14688</load_address>
         <run_address>0x14688</run_address>
         <size>0x1fb</size>
         <input_file_ref idref="fl-d2"/>
      </object_component>
      <object_component id="oc-48">
         <name>.debug_info</name>
         <load_address>0x14883</load_address>
         <run_address>0x14883</run_address>
         <size>0x46</size>
         <input_file_ref idref="fl-d2"/>
      </object_component>
      <object_component id="oc-b0">
         <name>.debug_info</name>
         <load_address>0x148c9</load_address>
         <run_address>0x148c9</run_address>
         <size>0x2c</size>
         <input_file_ref idref="fl-d2"/>
      </object_component>
      <object_component id="oc-55">
         <name>.debug_info</name>
         <load_address>0x148f5</load_address>
         <run_address>0x148f5</run_address>
         <size>0x150</size>
         <input_file_ref idref="fl-d3"/>
      </object_component>
      <object_component id="oc-52">
         <name>.debug_info</name>
         <load_address>0x14a45</load_address>
         <run_address>0x14a45</run_address>
         <size>0x263</size>
         <input_file_ref idref="fl-d3"/>
      </object_component>
      <object_component id="oc-1b">
         <name>.debug_info</name>
         <load_address>0x14ca8</load_address>
         <run_address>0x14ca8</run_address>
         <size>0x1cd</size>
         <input_file_ref idref="fl-d3"/>
      </object_component>
      <object_component id="oc-56">
         <name>.debug_info</name>
         <load_address>0x14e75</load_address>
         <run_address>0x14e75</run_address>
         <size>0x39</size>
         <input_file_ref idref="fl-d3"/>
      </object_component>
      <object_component id="oc-ba">
         <name>.debug_info</name>
         <load_address>0x14eae</load_address>
         <run_address>0x14eae</run_address>
         <size>0x2c</size>
         <input_file_ref idref="fl-d3"/>
      </object_component>
      <object_component id="oc-e1">
         <name>.debug_info</name>
         <load_address>0x14eda</load_address>
         <run_address>0x14eda</run_address>
         <size>0x250</size>
         <input_file_ref idref="fl-d5"/>
      </object_component>
      <object_component id="oc-db">
         <name>.debug_info</name>
         <load_address>0x1512a</load_address>
         <run_address>0x1512a</run_address>
         <size>0x1a1</size>
         <input_file_ref idref="fl-d5"/>
      </object_component>
      <object_component id="oc-80">
         <name>.debug_info</name>
         <load_address>0x152cb</load_address>
         <run_address>0x152cb</run_address>
         <size>0x230</size>
         <input_file_ref idref="fl-d5"/>
      </object_component>
      <object_component id="oc-45">
         <name>.debug_info</name>
         <load_address>0x154fb</load_address>
         <run_address>0x154fb</run_address>
         <size>0x12d</size>
         <input_file_ref idref="fl-d6"/>
      </object_component>
      <object_component id="oc-5c">
         <name>.debug_info</name>
         <load_address>0x15628</load_address>
         <run_address>0x15628</run_address>
         <size>0x15b</size>
         <input_file_ref idref="fl-d7"/>
      </object_component>
      <object_component id="oc-68">
         <name>.debug_info</name>
         <load_address>0x15783</load_address>
         <run_address>0x15783</run_address>
         <size>0x154</size>
         <input_file_ref idref="fl-d8"/>
      </object_component>
      <object_component id="oc-6e">
         <name>.debug_info</name>
         <load_address>0x158d7</load_address>
         <run_address>0x158d7</run_address>
         <size>0x164</size>
         <input_file_ref idref="fl-d9"/>
      </object_component>
      <object_component id="oc-86">
         <name>.debug_info</name>
         <load_address>0x15a3b</load_address>
         <run_address>0x15a3b</run_address>
         <size>0x125</size>
         <input_file_ref idref="fl-da"/>
      </object_component>
      <object_component id="oc-21e">
         <name>.debug_info</name>
         <load_address>0x15b60</load_address>
         <run_address>0x15b60</run_address>
         <size>0x156</size>
         <input_file_ref idref="fl-db"/>
      </object_component>
      <object_component id="oc-17b">
         <name>.debug_info</name>
         <load_address>0x15cb6</load_address>
         <run_address>0x15cb6</run_address>
         <size>0x140</size>
         <input_file_ref idref="fl-dc"/>
      </object_component>
      <object_component id="oc-de">
         <name>.debug_info</name>
         <load_address>0x15df6</load_address>
         <run_address>0x15df6</run_address>
         <size>0x12f</size>
         <input_file_ref idref="fl-dc"/>
      </object_component>
      <object_component id="oc-177">
         <name>.debug_info</name>
         <load_address>0x15f25</load_address>
         <run_address>0x15f25</run_address>
         <size>0x23b</size>
         <input_file_ref idref="fl-dc"/>
      </object_component>
      <object_component id="oc-d9">
         <name>.debug_info</name>
         <load_address>0x16160</load_address>
         <run_address>0x16160</run_address>
         <size>0x182</size>
         <input_file_ref idref="fl-dd"/>
      </object_component>
      <object_component id="oc-7b">
         <name>.debug_info</name>
         <load_address>0x162e2</load_address>
         <run_address>0x162e2</run_address>
         <size>0x183</size>
         <input_file_ref idref="fl-dd"/>
      </object_component>
      <object_component id="oc-16c">
         <name>.debug_info</name>
         <load_address>0x16465</load_address>
         <run_address>0x16465</run_address>
         <size>0x5e</size>
         <input_file_ref idref="fl-dd"/>
      </object_component>
      <object_component id="oc-d1">
         <name>.debug_info</name>
         <load_address>0x164c3</load_address>
         <run_address>0x164c3</run_address>
         <size>0x305</size>
         <input_file_ref idref="fl-de"/>
      </object_component>
      <object_component id="oc-76">
         <name>.debug_info</name>
         <load_address>0x167c8</load_address>
         <run_address>0x167c8</run_address>
         <size>0x1ac</size>
         <input_file_ref idref="fl-de"/>
      </object_component>
      <object_component id="oc-135">
         <name>.debug_info</name>
         <load_address>0x16974</load_address>
         <run_address>0x16974</run_address>
         <size>0x39</size>
         <input_file_ref idref="fl-de"/>
      </object_component>
      <object_component id="oc-13a">
         <name>.debug_info</name>
         <load_address>0x169ad</load_address>
         <run_address>0x169ad</run_address>
         <size>0xcd</size>
         <input_file_ref idref="fl-de"/>
      </object_component>
      <object_component id="oc-131">
         <name>.debug_info</name>
         <load_address>0x16a7a</load_address>
         <run_address>0x16a7a</run_address>
         <size>0x1fc</size>
         <input_file_ref idref="fl-df"/>
      </object_component>
      <object_component id="oc-c8">
         <name>.debug_info</name>
         <load_address>0x16c76</load_address>
         <run_address>0x16c76</run_address>
         <size>0x19f</size>
         <input_file_ref idref="fl-df"/>
      </object_component>
      <object_component id="oc-1ce">
         <name>.debug_info</name>
         <load_address>0x16e15</load_address>
         <run_address>0x16e15</run_address>
         <size>0x2c</size>
         <input_file_ref idref="fl-df"/>
      </object_component>
      <object_component id="oc-300">
         <name>.debug_info</name>
         <load_address>0x16e41</load_address>
         <run_address>0x16e41</run_address>
         <size>0x163</size>
         <input_file_ref idref="fl-e0"/>
      </object_component>
      <object_component id="oc-cd">
         <name>.debug_info</name>
         <load_address>0x16fa4</load_address>
         <run_address>0x16fa4</run_address>
         <size>0x161</size>
         <input_file_ref idref="fl-e1"/>
      </object_component>
      <object_component id="oc-2e0">
         <name>.debug_info</name>
         <load_address>0x17105</load_address>
         <run_address>0x17105</run_address>
         <size>0x230</size>
         <input_file_ref idref="fl-e2"/>
      </object_component>
      <object_component id="oc-2dd">
         <name>.debug_info</name>
[...]
         <value>0x3831</value>
         <object_component_ref idref="oc-39"/>
      </symbol>
      <symbol id="sm-521">
         <name>xPortSysTickCount</name>
         <value>0x2000d270</value>
         <object_component_ref idref="oc-99"/>
      </symbol>
      <symbol id="sm-522">
         <name>xPortSysTickHandler</name>
         <value>0x3869</value>
         <object_component_ref idref="oc-39"/>
      </symbol>
      <symbol id="sm-523">
         <name>pxPortInitialiseStack</name>
         <value>0x3795</value>
         <object_component_ref idref="oc-39"/>
      </symbol>
      <symbol id="sm-524">
         <name>vPortExitCritical</name>
         <value>0x3853</value>
         <object_component_ref idref="oc-39"/>
      </symbol>
      <symbol id="sm-525">
         <name>xPortStartScheduler</name>
         <value>0x37fb</value>
         <object_component_ref idref="oc-39"/>
      </symbol>
      <symbol id="sm-526">
         <name>vPortEnterCritical</name>
         <value>0x3833</value>
         <object_component_ref idref="oc-39"/>
      </symbol>
      <symbol id="sm-535">
         <name>vPortStartFirstTask</name>
         <value>0x3ed5</value>
         <object_component_ref idref="oc-34"/>
      </symbol>
      <symbol id="sm-536">
         <name>ulPortGetIPSR</name>
         <value>0x3e3d</value>
         <object_component_ref idref="oc-34"/>
      </symbol>
      <symbol id="sm-537">
         <name>vPortEnableVFP</name>
         <value>0x3ef1</value>
         <object_component_ref idref="oc-34"/>
      </symbol>
      <symbol id="sm-538">
         <name>xPortPendSVHandler</name>
         <value>0x3e55</value>
         <object_component_ref idref="oc-34"/>
      </symbol>
      <symbol id="sm-539">
         <name>vPortSVCHandler</name>
         <value>0x3eb5</value>
         <object_component_ref idref="oc-34"/>
      </symbol>
      <symbol id="sm-56a">
         <name>fAccel</name>
         <value>0x2000c9b0</value>
      </symbol>
      <symbol id="sm-56b">
         <name>sMPU9150</name>
         <value>0x2000c7e4</value>
      </symbol>
      <symbol id="sm-56c">
         <name>g_bMPU9150Done</name>
         <value>0x2000c9e8</value>
      </symbol>
      <symbol id="sm-56d">
         <name>accelerometerReport</name>
         <value>0x2000c8f4</value>
      </symbol>
      <symbol id="sm-56e">
         <name>MPU9150Callback2</name>
         <value>0x3085</value>
         <object_component_ref idref="oc-163"/>
      </symbol>
      <symbol id="sm-56f">
         <name>accelerometerInit</name>
         <value>0x3045</value>
         <object_component_ref idref="oc-163"/>
      </symbol>
      <symbol id="sm-570">
         <name>Task_Accelerometer</name>
         <value>0x309f</value>
         <object_component_ref idref="oc-163"/>
      </symbol>
      <symbol id="sm-59c">
         <name>fMagneto</name>
         <value>0x2000c9bc</value>
      </symbol>
      <symbol id="sm-59d">
         <name>magnetometerReport</name>
         <value>0x2000c90c</value>
      </symbol>
      <symbol id="sm-59e">
         <name>MagnetometerInit</name>
         <value>0x31dd</value>
         <object_component_ref idref="oc-157"/>
      </symbol>
      <symbol id="sm-59f">
         <name>MPU9150Callback1</name>
         <value>0x321d</value>
         <object_component_ref idref="oc-157"/>
      </symbol>
      <symbol id="sm-5a0">
         <name>Task_Magnetometer</name>
         <value>0x3237</value>
         <object_component_ref idref="oc-157"/>
      </symbol>
      <symbol id="sm-5b1">
         <name>Task_Blink_LED_D1</name>
         <value>0x49f1</value>
         <object_component_ref idref="oc-14b"/>
      </symbol>
      <symbol id="sm-5eb">
         <name>I2C7_Instance</name>
         <value>0x2000c5c0</value>
      </symbol>
      <symbol id="sm-5ec">
         <name>I2C7_Interrupts_Nbr</name>
         <value>0x2000d21c</value>
         <object_component_ref idref="oc-270"/>
      </symbol>
      <symbol id="sm-5ed">
         <name>I2C7_Initialization</name>
         <value>0x368d</value>
         <object_component_ref idref="oc-255"/>
      </symbol>
      <symbol id="sm-5ee">
         <name>I2C7_Callbacks_Nbr</name>
         <value>0x2000d220</value>
         <object_component_ref idref="oc-270"/>
      </symbol>
      <symbol id="sm-5ef">
         <name>Task_I2C7_Handler</name>
         <value>0x3713</value>
         <object_component_ref idref="oc-255"/>
      </symbol>
      <symbol id="sm-5f0">
         <name>I2C7_Status</name>
         <value>0x2000d22c</value>
         <object_component_ref idref="oc-270"/>
      </symbol>
      <symbol id="sm-5f1">
         <name>I2C7_SimpleDone</name>
         <value>0x2000d234</value>
         <object_component_ref idref="oc-270"/>
      </symbol>
      <symbol id="sm-5f2">
         <name>I2C7_Instance_Ref</name>
         <value>0x2000d224</value>
         <object_component_ref idref="oc-270"/>
      </symbol>
      <symbol id="sm-5f3">
         <name>I2C7_HWStatus</name>
         <value>0x2000d230</value>
         <object_component_ref idref="oc-270"/>
      </symbol>
      <symbol id="sm-5f4">
         <name>I2CMSimpleCallback</name>
         <value>0x366b</value>
         <object_component_ref idref="oc-255"/>
      </symbol>
      <symbol id="sm-5f5">
         <name>I2C7WriteData</name>
         <value>0x2000d25c</value>
         <object_component_ref idref="oc-33a"/>
      </symbol>
      <symbol id="sm-5f6">
         <name>I2C7_Initialized</name>
         <value>0x2000d228</value>
         <object_component_ref idref="oc-270"/>
      </symbol>
      <symbol id="sm-5f7">
         <name>I2C7_IntServiceRoutine</name>
         <value>0x3659</value>
         <object_component_ref idref="oc-255"/>
      </symbol>
      <symbol id="sm-613">
         <name>ReportData_Queue</name>
         <value>0x2000d284</value>
         <object_component_ref idref="oc-245"/>
      </symbol>
      <symbol id="sm-614">
         <name>Task_ReportData</name>
         <value>0x3f01</value>
         <object_component_ref idref="oc-151"/>
      </symbol>
      <symbol id="sm-634">
         <name>task_done</name>
         <value>0x2000c9e9</value>
      </symbol>
      <symbol id="sm-635">
         <name>MPU9150Callback</name>
         <value>0x356b</value>
         <object_component_ref idref="oc-15d"/>
      </symbol>
      <symbol id="sm-636">
         <name>Task_gyro</name>
         <value>0x357d</value>
         <object_component_ref idref="oc-15d"/>
      </symbol>
      <symbol id="sm-637">
         <name>GyroInit</name>
         <value>0x3509</value>
         <object_component_ref idref="oc-15d"/>
      </symbol>
      <symbol id="sm-648">
         <name>_c_int00</name>
         <value>0x48f9</value>
         <object_component_ref idref="oc-24"/>
      </symbol>
      <symbol id="sm-649">
         <name>__stack</name>
         <value>0x2000c9ec</value>
         <object_component_ref idref="oc-2a"/>
      </symbol>
      <symbol id="sm-660">
         <name>__TI_decompress_none</name>
         <value>0x4feb</value>
         <object_component_ref idref="oc-12"/>
      </symbol>
      <symbol id="sm-688">
         <name>__TI_decompress_rle24</name>
         <value>0x5059</value>
         <object_component_ref idref="oc-18"/>
      </symbol>
      <symbol id="sm-6aa">
         <name>C$$EXIT</name>
         <value>0x494d</value>
         <object_component_ref idref="oc-7f"/>
      </symbol>
      <symbol id="sm-6ab">
         <name>abort</name>
         <value>0x4951</value>
         <object_component_ref idref="oc-7f"/>
      </symbol>
      <symbol id="sm-6ac">
         <name>exit</name>
         <value>0x4959</value>
         <object_component_ref idref="oc-7f"/>
      </symbol>
      <symbol id="sm-6ad">
         <name>__TI_dtors_ptr</name>
         <value>0x2000d24c</value>
         <object_component_ref idref="oc-da"/>
      </symbol>
      <symbol id="sm-6ae">
         <name>__TI_cleanup_ptr</name>
         <value>0x2000d248</value>
         <object_component_ref idref="oc-da"/>
      </symbol>
      <symbol id="sm-6af">
         <name>__TI_enable_exit_profile_output</name>
         <value>0x2000d250</value>
         <object_component_ref idref="oc-da"/>
      </symbol>
      <symbol id="sm-6ca">
         <name>memcpy</name>
         <value>0x4059</value>
         <object_component_ref idref="oc-42"/>
      </symbol>
      <symbol id="sm-6cb">
         <name>__aeabi_memcpy</name>
         <value>0x4059</value>
         <object_component_ref idref="oc-42"/>
      </symbol>
      <symbol id="sm-6cc">
         <name>__aeabi_memcpy8</name>
         <value>0x4059</value>
         <object_component_ref idref="oc-42"/>
      </symbol>
      <symbol id="sm-6cd">
         <name>__aeabi_memcpy4</name>
         <value>0x4059</value>
         <object_component_ref idref="oc-42"/>
      </symbol>
      <symbol id="sm-6dc">
         <name>__aeabi_memset</name>
         <value>0x43a7</value>
         <object_component_ref idref="oc-5b"/>
      </symbol>
      <symbol id="sm-6dd">
         <name>memset</name>
         <value>0x43ad</value>
         <object_component_ref idref="oc-5b"/>
      </symbol>
      <symbol id="sm-6de">
         <name>__aeabi_memset8</name>
         <value>0x43a7</value>
         <object_component_ref idref="oc-5b"/>
      </symbol>
      <symbol id="sm-6df">
         <name>__aeabi_memset4</name>
         <value>0x43a7</value>
         <object_component_ref idref="oc-5b"/>
      </symbol>
      <symbol id="sm-6e0">
         <name>__aeabi_memclr8</name>
         <value>0x43a5</value>
         <object_component_ref idref="oc-5b"/>
      </symbol>
      <symbol id="sm-6e1">
         <name>__aeabi_memclr4</name>
         <value>0x43a5</value>
         <object_component_ref idref="oc-5b"/>
      </symbol>
      <symbol id="sm-6e2">
         <name>__aeabi_memclr</name>
         <value>0x43a5</value>
         <object_component_ref idref="oc-5b"/>
      </symbol>
      <symbol id="sm-6ec">
         <name>__mpu_init</name>
         <value>0x3eff</value>
         <object_component_ref idref="oc-67"/>
      </symbol>
      <symbol id="sm-6f6">
         <name>_system_pre_init</name>
         <value>0x506b</value>
         <object_component_ref idref="oc-6d"/>
      </symbol>
      <symbol id="sm-6fe">
         <name>main_func_sp</name>
         <value>0x2000d288</value>
         <object_component_ref idref="oc-85"/>
      </symbol>
      <symbol id="sm-70d">
         <name>__aeabi_uidivmod</name>
         <value>0x4cc9</value>
         <object_component_ref idref="oc-21c"/>
      </symbol>
      <symbol id="sm-70e">
         <name>__aeabi_uidiv</name>
         <value>0x4cc9</value>
         <object_component_ref idref="oc-21c"/>
      </symbol>
      <symbol id="sm-727">
         <name>_nop</name>
         <value>0x4faf</value>
         <object_component_ref idref="oc-173"/>
      </symbol>
      <symbol id="sm-728">
         <name>_lock</name>
         <value>0x2000d254</value>
         <object_component_ref idref="oc-dd"/>
      </symbol>
      <symbol id="sm-729">
         <name>_unlock</name>
         <value>0x2000d258</value>
         <object_component_ref idref="oc-dd"/>
      </symbol>
      <symbol id="sm-72a">
         <name>_register_lock</name>
         <value>0x4fa7</value>
         <object_component_ref idref="oc-173"/>
      </symbol>
      <symbol id="sm-72b">
         <name>_register_unlock</name>
         <value>0x4fa1</value>
         <object_component_ref idref="oc-173"/>
      </symbol>
      <symbol id="sm-73f">
         <name>_args_main</name>
         <value>0x4f75</value>
         <object_component_ref idref="oc-79"/>
      </symbol>
      <symbol id="sm-764">
         <name>__TI_auto_init</name>
         <value>0x4499</value>
         <object_component_ref idref="oc-73"/>
      </symbol>
      <symbol id="sm-77e">
         <name>copy_in</name>
         <value>0x4a8d</value>
         <object_component_ref idref="oc-c4"/>
      </symbol>
      <symbol id="sm-788">
         <name>__aeabi_idiv0</name>
         <value>0x3e2b</value>
         <object_component_ref idref="oc-2fd"/>
      </symbol>
      <symbol id="sm-792">
         <name>_system_post_cinit</name>
         <value>0x441f</value>
         <object_component_ref idref="oc-ca"/>
      </symbol>
      <symbol id="sm-7ec">
         <name>GPIOPinConfigure</name>
         <value>0x4b25</value>
         <object_component_ref idref="oc-1df"/>
      </symbol>
      <symbol id="sm-7ed">
         <name>GPIOPinTypeI2CSCL</name>
         <value>0x4fc7</value>
         <object_component_ref idref="oc-31e"/>
      </symbol>
      <symbol id="sm-7ee">
         <name>GPIOPinTypeI2C</name>
         <value>0x4fb5</value>
         <object_component_ref idref="oc-324"/>
      </symbol>
      <symbol id="sm-7ef">
         <name>GPIOPinTypeUART</name>
         <value>0x4fd9</value>
         <object_component_ref idref="oc-1e5"/>
      </symbol>
      <symbol id="sm-7f0">
         <name>GPIOPinTypeGPIOOutput</name>
         <value>0x4f5b</value>
         <object_component_ref idref="oc-22b"/>
      </symbol>
      <symbol id="sm-7f1">
         <name>GPIOPinRead</name>
         <value>0x5047</value>
         <object_component_ref idref="oc-237"/>
      </symbol>
      <symbol id="sm-7f2">
         <name>GPIODirModeSet</name>
         <value>0x4e8d</value>
         <object_component_ref idref="oc-2e1"/>
      </symbol>
      <symbol id="sm-7f3">
         <name>GPIOPinWrite</name>
         <value>0x504d</value>
         <object_component_ref idref="oc-23d"/>
      </symbol>
      <symbol id="sm-7f4">
         <name>GPIOPadConfigSet</name>
         <value>0x38c9</value>
         <object_component_ref idref="oc-231"/>
      </symbol>
      <symbol id="sm-85b">
         <name>IntIsEnabled</name>
         <value>0x4721</value>
         <object_component_ref idref="oc-413"/>
      </symbol>
      <symbol id="sm-85c">
         <name>IntEnable</name>
         <value>0x46b9</value>
         <object_component_ref idref="oc-402"/>
      </symbol>
      <symbol id="sm-85d">
         <name>IntTrigger</name>
         <value>0x5005</value>
         <object_component_ref idref="oc-41f"/>
      </symbol>
      <symbol id="sm-85e">
         <name>IntDisable</name>
         <value>0x4651</value>
         <object_component_ref idref="oc-419"/>
      </symbol>
      <symbol id="sm-85f">
         <name>IntRegister</name>
         <value>0x4e25</value>
         <object_component_ref idref="oc-24f"/>
      </symbol>
      <symbol id="sm-860">
         <name>g_pfnRAMVectors</name>
         <value>0x20000000</value>
         <object_component_ref idref="oc-313"/>
      </symbol>
      <symbol id="sm-8d8">
         <name>SysCtlPeripheralPresent</name>
         <value>0x4d49</value>
         <object_component_ref idref="oc-1f5"/>
      </symbol>
      <symbol id="sm-8d9">
         <name>SysCtlPeripheralEnable</name>
         <value>0x4e59</value>
         <object_component_ref idref="oc-1d9"/>
      </symbol>
      <symbol id="sm-8da">
         <name>SysCtlClockFreqSet</name>
         <value>0x2ca1</value>
         <object_component_ref idref="oc-1d3"/>
      </symbol>
      <symbol id="sm-915">
         <name>UARTConfigSetExpClk</name>
         <value>0x4bfd</value>
         <object_component_ref idref="oc-1fb"/>
      </symbol>
      <symbol id="sm-916">
         <name>UARTDisable</name>
         <value>0x4f01</value>
         <object_component_ref idref="oc-2ed"/>
      </symbol>
      <symbol id="sm-917">
         <name>UARTClockSourceSet</name>
         <value>0x5053</value>
         <object_component_ref idref="oc-1eb"/>
      </symbol>
      <symbol id="sm-918">
         <name>UARTCharPut</name>
         <value>0x5025</value>
         <object_component_ref idref="oc-207"/>
      </symbol>
      <symbol id="sm-919">
         <name>UARTEnable</name>
         <value>0x4f8d</value>
         <object_component_ref idref="oc-201"/>
      </symbol>
      <symbol id="sm-91a">
         <name>UARTCharGet</name>
         <value>0x501b</value>
         <object_component_ref idref="oc-20d"/>
      </symbol>
      <symbol id="sm-9ec">
         <name>I2CMCommand</name>
         <value>0x4225</value>
         <object_component_ref idref="oc-33e"/>
      </symbol>
      <symbol id="sm-9ed">
         <name>I2CMInit</name>
         <value>0x4def</value>
         <object_component_ref idref="oc-32a"/>
      </symbol>
      <symbol id="sm-9ee">
         <name>I2CMReadModifyWrite8</name>
         <value>0x4421</value>
         <object_component_ref idref="oc-367"/>
      </symbol>
      <symbol id="sm-9ef">
         <name>I2CMIntHandler</name>
         <value>0x3d39</value>
         <object_component_ref idref="oc-318"/>
      </symbol>
      <symbol id="sm-a68">
         <name>MPU9150DataMagnetoGetFloat</name>
         <value>0x3fbd</value>
         <object_component_ref idref="oc-267"/>
      </symbol>
      <symbol id="sm-a69">
         <name>MPU9150Init</name>
         <value>0x4579</value>
         <object_component_ref idref="oc-25b"/>
      </symbol>
      <symbol id="sm-a6a">
         <name>MPU9150DataAccelGetFloat</name>
         <value>0x42ad</value>
         <object_component_ref idref="oc-291"/>
      </symbol>
      <symbol id="sm-a6b">
         <name>MPU9150DataRead</name>
         <value>0x47e5</value>
         <object_component_ref idref="oc-261"/>
      </symbol>
      <symbol id="sm-a6c">
         <name>MPU9150ReadModifyWrite</name>
         <value>0x48a5</value>
         <object_component_ref idref="oc-27e"/>
      </symbol>
      <symbol id="sm-a6d">
         <name>MPU9150DataGyroGetFloat</name>
         <value>0x4329</value>
         <object_component_ref idref="oc-284"/>
      </symbol>
      <symbol id="sm-a78">
         <name>__aeabi_dmul</name>
         <value>0x3c3d</value>
         <object_component_ref idref="oc-352"/>
      </symbol>
      <symbol id="sm-a84">
         <name>__aeabi_d2f</name>
         <value>0x4509</value>
         <object_component_ref idref="oc-357"/>
      </symbol>
      <symbol id="sm-a8f">
         <name>__aeabi_f2d</name>
         <value>0x4d81</value>
         <object_component_ref idref="oc-34d"/>
      </symbol>
      <symbol id="sm-ad8">
         <name>I2CMasterDataPut</name>
         <value>0x5067</value>
         <object_component_ref idref="oc-44d"/>
      </symbol>
      <symbol id="sm-ad9">
         <name>I2CMasterInitExpClk</name>
         <value>0x4a41</value>
         <object_component_ref idref="oc-3fc"/>
      </symbol>
      <symbol id="sm-ada">
         <name>I2CMasterSlaveAddrSet</name>
         <value>0x503f</value>
         <object_component_ref idref="oc-445"/>
      </symbol>
      <symbol id="sm-adb">
         <name>I2CMasterDataGet</name>
         <value>0x5063</value>
         <object_component_ref idref="oc-43b"/>
      </symbol>
      <symbol id="sm-adc">
         <name>I2CMasterIntEnableEx</name>
         <value>0x5037</value>
         <object_component_ref idref="oc-408"/>
      </symbol>
      <symbol id="sm-add">
         <name>I2CMasterControl</name>
         <value>0x505f</value>
         <object_component_ref idref="oc-3b0"/>
      </symbol>
      <symbol id="sm-ade">
         <name>I2CMasterEnable</name>
         <value>0x5011</value>
         <object_component_ref idref="oc-459"/>
      </symbol>
      <symbol id="sm-adf">
         <name>I2CMasterIntClear</name>
         <value>0x502f</value>
         <object_component_ref idref="oc-3aa"/>
      </symbol>
      <symbol id="sm-ae0">
         <name>__TI_static_base__</name>
         <value>0x0</value>
      </symbol>
      <symbol id="sm-ae3">
         <name>SHT$$INIT_ARRAY$$Limit</name>
         <value>0x0</value>
      </symbol>
      <symbol id="sm-ae4">
         <name>SHT$$INIT_ARRAY$$Base</name>
         <value>0x0</value>
      </symbol>
   </symbol_table>
   <title>Link successful</title>
</link_info>
