<?xml version="1.0"?>
<link_info>
   <banner>TI ARM Linker PC v15.12.1.LTS</banner>
   <copyright>Copyright (c) 1996-2015 Texas Instruments Incorporated</copyright>
   <link_time>0x58124f6f</link_time>
   <link_errors>0x0</link_errors>
   <output_file>Proj2_Magnetometer.out</output_file>
   <entry_point>
      <name>_c_int00</name>
      <address>0x46ad</address>
   </entry_point>
   <input_file_list>
      <input_file id="fl-2">
         <path>.\</path>
         <kind>object</kind>
         <file>FreeRTOS_TM4C1294_Base_Startup.obj</file>
         <name>FreeRTOS_TM4C1294_Base_Startup.obj</name>
      </input_file>
      <input_file id="fl-3">
         <path>.\</path>
         <kind>object</kind>
         <file>Main_Base.obj</file>
         <name>Main_Base.obj</name>
      </input_file>
      <input_file id="fl-4">
         <path>.\</path>
         <kind>object</kind>
         <file>heap_2.obj</file>
         <name>heap_2.obj</name>
      </input_file>
      <input_file id="fl-5">
         <path>.\Drivers\</path>
         <kind>object</kind>
         <file>Processor_Initialization_TM4C1294.obj</file>
         <name>Processor_Initialization_TM4C1294.obj</name>
      </input_file>
      <input_file id="fl-6">
         <path>.\Drivers\</path>
         <kind>object</kind>
         <file>uartstdio.obj</file>
         <name>uartstdio.obj</name>
      </input_file>
      <input_file id="fl-7">
         <path>.\Source\</path>
         <kind>object</kind>
         <file>croutine.obj</file>
         <name>croutine.obj</name>
      </input_file>
      <input_file id="fl-8">
         <path>.\Source\</path>
         <kind>object</kind>
         <file>event_groups.obj</file>
         <name>event_groups.obj</name>
      </input_file>
      <input_file id="fl-9">
         <path>.\Source\</path>
         <kind>object</kind>
         <file>list.obj</file>
         <name>list.obj</name>
      </input_file>
      <input_file id="fl-a">
         <path>.\Source\</path>
         <kind>object</kind>
         <file>queue.obj</file>
         <name>queue.obj</name>
      </input_file>
      <input_file id="fl-b">
         <path>.\Source\</path>
         <kind>object</kind>
         <file>tasks.obj</file>
         <name>tasks.obj</name>
      </input_file>
      <input_file id="fl-c">
         <path>.\Source\</path>
         <kind>object</kind>
         <file>timers.obj</file>
         <name>timers.obj</name>
      </input_file>
      <input_file id="fl-d">
         <path>.\Source\portable\CCS\ARM_CM4F\</path>
         <kind>object</kind>
         <file>port.obj</file>
         <name>port.obj</name>
      </input_file>
      <input_file id="fl-e">
         <path>.\Source\portable\CCS\ARM_CM4F\</path>
         <kind>object</kind>
         <file>portasm.obj</file>
         <name>portasm.obj</name>
      </input_file>
      <input_file id="fl-f">
         <path>.\Tasks\</path>
         <kind>object</kind>
         <file>Magnetometer.obj</file>
         <name>Magnetometer.obj</name>
      </input_file>
      <input_file id="fl-10">
         <path>.\Tasks\</path>
         <kind>object</kind>
         <file>Task_Blinky.obj</file>
         <name>Task_Blinky.obj</name>
      </input_file>
      <input_file id="fl-11">
         <path>.\Tasks\</path>
         <kind>object</kind>
         <file>Task_I2C7_Handler.obj</file>
         <name>Task_I2C7_Handler.obj</name>
      </input_file>
      <input_file id="fl-12">
         <path>.\Tasks\</path>
         <kind>object</kind>
         <file>Task_ReportData.obj</file>
         <name>Task_ReportData.obj</name>
      </input_file>
      <input_file id="fl-13">
         <path>.\Tasks\</path>
         <kind>object</kind>
         <file>Task_ReportTime.obj</file>
         <name>Task_ReportTime.obj</name>
      </input_file>
      <input_file id="fl-14">
         <path>.\Tasks\</path>
         <kind>object</kind>
         <file>Task_gyro.obj</file>
         <name>Task_gyro.obj</name>
      </input_file>
      <input_file id="fl-d0">
         <path>C:\TI_CodeComposer\ccsv6\tools\compiler\ti-cgt-arm_15.12.1.LTS\lib\</path>
         <kind>archive</kind>
         <file>rtsv7M4_T_le_v4SPD16_eabi.lib</file>
         <name>boot.obj</name>
      </input_file>
      <input_file id="fl-d1">
         <path>C:\TI_CodeComposer\ccsv6\tools\compiler\ti-cgt-arm_15.12.1.LTS\lib\</path>
         <kind>archive</kind>
         <file>rtsv7M4_T_le_v4SPD16_eabi.lib</file>
         <name>copy_decompress_none.obj</name>
      </input_file>
      <input_file id="fl-d2">
         <path>C:\TI_CodeComposer\ccsv6\tools\compiler\ti-cgt-arm_15.12.1.LTS\lib\</path>
         <kind>archive</kind>
         <file>rtsv7M4_T_le_v4SPD16_eabi.lib</file>
         <name>copy_decompress_rle.obj</name>
      </input_file>
      <input_file id="fl-d3">
         <path>C:\TI_CodeComposer\ccsv6\tools\compiler\ti-cgt-arm_15.12.1.LTS\lib\</path>
         <kind>archive</kind>
         <file>rtsv7M4_T_le_v4SPD16_eabi.lib</file>
         <name>copy_zero_init.obj</name>
      </input_file>
      <input_file id="fl-d4">
         <path>C:\TI_CodeComposer\ccsv6\tools\compiler\ti-cgt-arm_15.12.1.LTS\lib\</path>
         <kind>archive</kind>
         <file>rtsv7M4_T_le_v4SPD16_eabi.lib</file>
         <name>exit.obj</name>
      </input_file>
      <input_file id="fl-d5">
         <path>C:\TI_CodeComposer\ccsv6\tools\compiler\ti-cgt-arm_15.12.1.LTS\lib\</path>
         <kind>archive</kind>
         <file>rtsv7M4_T_le_v4SPD16_eabi.lib</file>
         <name>memcpy_t2.obj</name>
      </input_file>
      <input_file id="fl-d6">
         <path>C:\TI_CodeComposer\ccsv6\tools\compiler\ti-cgt-arm_15.12.1.LTS\lib\</path>
         <kind>archive</kind>
         <file>rtsv7M4_T_le_v4SPD16_eabi.lib</file>
         <name>memset_t2.obj</name>
      </input_file>
      <input_file id="fl-d7">
         <path>C:\TI_CodeComposer\ccsv6\tools\compiler\ti-cgt-arm_15.12.1.LTS\lib\</path>
         <kind>archive</kind>
         <file>rtsv7M4_T_le_v4SPD16_eabi.lib</file>
         <name>mpu_init.obj</name>
      </input_file>
      <input_file id="fl-d8">
         <path>C:\TI_CodeComposer\ccsv6\tools\compiler\ti-cgt-arm_15.12.1.LTS\lib\</path>
         <kind>archive</kind>
         <file>rtsv7M4_T_le_v4SPD16_eabi.lib</file>
         <name>pre_init.obj</name>
      </input_file>
      <input_file id="fl-d9">
         <path>C:\TI_CodeComposer\ccsv6\tools\compiler\ti-cgt-arm_15.12.1.LTS\lib\</path>
         <kind>archive</kind>
         <file>rtsv7M4_T_le_v4SPD16_eabi.lib</file>
         <name>stkdepth_vars.obj</name>
      </input_file>
      <input_file id="fl-da">
         <path>C:\TI_CodeComposer\ccsv6\tools\compiler\ti-cgt-arm_15.12.1.LTS\lib\</path>
         <kind>archive</kind>
         <file>rtsv7M4_T_le_v4SPD16_eabi.lib</file>
         <name>u_divt2.obj</name>
      </input_file>
      <input_file id="fl-db">
         <path>C:\TI_CodeComposer\ccsv6\tools\compiler\ti-cgt-arm_15.12.1.LTS\lib\</path>
         <kind>archive</kind>
         <file>rtsv7M4_T_le_v4SPD16_eabi.lib</file>
         <name>_lock.obj</name>
      </input_file>
      <input_file id="fl-dc">
         <path>C:\TI_CodeComposer\ccsv6\tools\compiler\ti-cgt-arm_15.12.1.LTS\lib\</path>
         <kind>archive</kind>
         <file>rtsv7M4_T_le_v4SPD16_eabi.lib</file>
         <name>args_main.obj</name>
      </input_file>
      <input_file id="fl-dd">
         <path>C:\TI_CodeComposer\ccsv6\tools\compiler\ti-cgt-arm_15.12.1.LTS\lib\</path>
         <kind>archive</kind>
         <file>rtsv7M4_T_le_v4SPD16_eabi.lib</file>
         <name>autoinit.obj</name>
      </input_file>
      <input_file id="fl-de">
         <path>C:\TI_CodeComposer\ccsv6\tools\compiler\ti-cgt-arm_15.12.1.LTS\lib\</path>
         <kind>archive</kind>
         <file>rtsv7M4_T_le_v4SPD16_eabi.lib</file>
         <name>cpy_tbl.obj</name>
      </input_file>
      <input_file id="fl-df">
         <path>C:\TI_CodeComposer\ccsv6\tools\compiler\ti-cgt-arm_15.12.1.LTS\lib\</path>
         <kind>archive</kind>
         <file>rtsv7M4_T_le_v4SPD16_eabi.lib</file>
         <name>i_div0.obj</name>
      </input_file>
      <input_file id="fl-e0">
         <path>C:\TI_CodeComposer\ccsv6\tools\compiler\ti-cgt-arm_15.12.1.LTS\lib\</path>
         <kind>archive</kind>
         <file>rtsv7M4_T_le_v4SPD16_eabi.lib</file>
         <name>startup.obj</name>
      </input_file>
      <input_file id="fl-e1">
         <path>C:\TI_CodeComposer\TivaWare\driverlib\ccs\Debug\</path>
         <kind>archive</kind>
         <file>driverlib.lib</file>
         <name>gpio.obj</name>
      </input_file>
      <input_file id="fl-e2">
         <path>C:\TI_CodeComposer\TivaWare\driverlib\ccs\Debug\</path>
         <kind>archive</kind>
         <file>driverlib.lib</file>
         <name>interrupt.obj</name>
      </input_file>
      <input_file id="fl-e3">
         <path>C:\TI_CodeComposer\TivaWare\driverlib\ccs\Debug\</path>
         <kind>archive</kind>
         <file>driverlib.lib</file>
         <name>sysctl.obj</name>
      </input_file>
      <input_file id="fl-e4">
         <path>C:\TI_CodeComposer\TivaWare\driverlib\ccs\Debug\</path>
         <kind>archive</kind>
         <file>driverlib.lib</file>
         <name>uart.obj</name>
      </input_file>
      <input_file id="fl-e5">
         <path>C:\TI_CodeComposer\TivaWare\driverlib\ccs\Debug\</path>
         <kind>archive</kind>
         <file>driverlib.lib</file>
         <name>cpu.obj</name>
      </input_file>
      <input_file id="fl-e6">
         <path>C:\TI_CodeComposer\TivaWare\sensorlib\ccs\Debug\</path>
         <kind>archive</kind>
         <file>sensorlib.lib</file>
         <name>i2cm_drv.obj</name>
      </input_file>
      <input_file id="fl-e7">
         <path>C:\TI_CodeComposer\TivaWare\sensorlib\ccs\Debug\</path>
         <kind>archive</kind>
         <file>sensorlib.lib</file>
         <name>mpu9150.obj</name>
      </input_file>
      <input_file id="fl-e8">
         <path>C:\TI_CodeComposer\ccsv6\tools\compiler\ti-cgt-arm_15.12.1.LTS\lib\</path>
         <kind>archive</kind>
         <file>rtsv7M4_T_le_v4SPD16_eabi.lib</file>
         <name>fd_mul_t2.obj</name>
      </input_file>
      <input_file id="fl-e9">
         <path>C:\TI_CodeComposer\ccsv6\tools\compiler\ti-cgt-arm_15.12.1.LTS\lib\</path>
         <kind>archive</kind>
         <file>rtsv7M4_T_le_v4SPD16_eabi.lib</file>
         <name>fd_tos_t2.obj</name>
      </input_file>
      <input_file id="fl-ea">
         <path>C:\TI_CodeComposer\ccsv6\tools\compiler\ti-cgt-arm_15.12.1.LTS\lib\</path>
         <kind>archive</kind>
         <file>rtsv7M4_T_le_v4SPD16_eabi.lib</file>
         <name>fs_tod_t2.obj</name>
      </input_file>
      <input_file id="fl-eb">
         <path>C:\TI_CodeComposer\TivaWare\driverlib\ccs\Debug\</path>
         <kind>archive</kind>
         <file>driverlib.lib</file>
         <name>i2c.obj</name>
      </input_file>
   </input_file_list>
   <object_component_list>
      <object_component id="oc-f">
         <name>.intvecs</name>
         <load_address>0x0</load_address>
         <run_address>0x0</run_address>
         <size>0x200</size>
         <input_file_ref idref="fl-2"/>
      </object_component>
      <object_component id="oc-92">
         <name>.text</name>
         <load_address>0x200</load_address>
         <run_address>0x200</run_address>
         <size>0x1720</size>
         <input_file_ref idref="fl-b"/>
      </object_component>
      <object_component id="oc-18b">
         <name>.text</name>
         <load_address>0x1920</load_address>
         <run_address>0x1920</run_address>
         <size>0x9ac</size>
         <input_file_ref idref="fl-a"/>
      </object_component>
      <object_component id="oc-f6">
         <name>.text</name>
         <load_address>0x22cc</load_address>
         <run_address>0x22cc</run_address>
         <size>0x538</size>
         <input_file_ref idref="fl-c"/>
      </object_component>
      <object_component id="oc-145">
         <name>.text</name>
         <load_address>0x2804</load_address>
         <run_address>0x2804</run_address>
         <size>0x49c</size>
         <input_file_ref idref="fl-6"/>
      </object_component>
      <object_component id="oc-1cd">
         <name>.text:SysCtlClockFreqSet</name>
         <load_address>0x2ca0</load_address>
         <run_address>0x2ca0</run_address>
         <size>0x1ec</size>
         <input_file_ref idref="fl-e3"/>
      </object_component>
      <object_component id="oc-105">
         <name>.text</name>
         <load_address>0x2e8c</load_address>
         <run_address>0x2e8c</run_address>
         <size>0x1b8</size>
         <input_file_ref idref="fl-4"/>
      </object_component>
      <object_component id="oc-157">
         <name>.text</name>
         <load_address>0x3044</load_address>
         <run_address>0x3044</run_address>
         <size>0x198</size>
         <input_file_ref idref="fl-f"/>
      </object_component>
      <object_component id="oc-333">
         <name>.text:MPU9150Callback</name>
         <load_address>0x31dc</load_address>
         <run_address>0x31dc</run_address>
         <size>0x194</size>
         <input_file_ref idref="fl-e7"/>
      </object_component>
      <object_component id="oc-15d">
         <name>.text</name>
         <load_address>0x3370</load_address>
         <run_address>0x3370</run_address>
         <size>0x14c</size>
         <input_file_ref idref="fl-14"/>
      </object_component>
      <object_component id="oc-24f">
         <name>.text</name>
         <load_address>0x34bc</load_address>
         <run_address>0x34bc</run_address>
         <size>0x13c</size>
         <input_file_ref idref="fl-11"/>
      </object_component>
      <object_component id="oc-39">
         <name>.text</name>
         <load_address>0x35f8</load_address>
         <run_address>0x35f8</run_address>
         <size>0x134</size>
         <input_file_ref idref="fl-d"/>
      </object_component>
      <object_component id="oc-22b">
         <name>.text:GPIOPadConfigSet</name>
         <load_address>0x372c</load_address>
         <run_address>0x372c</run_address>
         <size>0x132</size>
         <input_file_ref idref="fl-e1"/>
      </object_component>
      <object_component id="oc-ea">
         <name>.text</name>
         <load_address>0x385e</load_address>
         <run_address>0x385e</run_address>
         <size>0x12a</size>
         <input_file_ref idref="fl-9"/>
      </object_component>
      <object_component id="oc-341">
         <name>.text</name>
         <load_address>0x3988</load_address>
         <run_address>0x3988</run_address>
         <size>0xfc</size>
         <input_file_ref idref="fl-e8"/>
      </object_component>
      <object_component id="oc-307">
         <name>.text:I2CMIntHandler</name>
         <load_address>0x3a84</load_address>
         <run_address>0x3a84</run_address>
         <size>0xf2</size>
         <input_file_ref idref="fl-e6"/>
      </object_component>
      <object_component id="oc-2ec">
         <name>.text</name>
         <load_address>0x3b76</load_address>
         <run_address>0x3b76</run_address>
         <size>0x2</size>
         <input_file_ref idref="fl-df"/>
      </object_component>
      <object_component id="oc-d2">
         <name>.text</name>
         <load_address>0x3b78</load_address>
         <run_address>0x3b78</run_address>
         <size>0xe4</size>
         <input_file_ref idref="fl-3"/>
      </object_component>
      <object_component id="oc-34">
         <name>.text</name>
         <load_address>0x3c5c</load_address>
         <run_address>0x3c5c</run_address>
         <size>0xd2</size>
         <input_file_ref idref="fl-e"/>
      </object_component>
      <object_component id="oc-67">
         <name>.text</name>
         <load_address>0x3d2e</load_address>
         <run_address>0x3d2e</run_address>
         <size>0x2</size>
         <input_file_ref idref="fl-d7"/>
      </object_component>
      <object_component id="oc-151">
         <name>.text</name>
         <load_address>0x3d30</load_address>
         <run_address>0x3d30</run_address>
         <size>0xbc</size>
         <input_file_ref idref="fl-12"/>
      </object_component>
      <object_component id="oc-261">
         <name>.text:MPU9150DataMagnetoGetFloat</name>
         <load_address>0x3dec</load_address>
         <run_address>0x3dec</run_address>
         <size>0x9c</size>
         <input_file_ref idref="fl-e7"/>
      </object_component>
      <object_component id="oc-42">
         <name>.text</name>
         <load_address>0x3e88</load_address>
         <run_address>0x3e88</run_address>
         <size>0x9c</size>
         <input_file_ref idref="fl-d5"/>
      </object_component>
      <object_component id="oc-3de">
         <name>.text:I2CMStateIdle</name>
         <load_address>0x3f24</load_address>
         <run_address>0x3f24</run_address>
         <size>0x98</size>
         <input_file_ref idref="fl-e6"/>
      </object_component>
      <object_component id="oc-13f">
         <name>.text</name>
         <load_address>0x3fbc</load_address>
         <run_address>0x3fbc</run_address>
         <size>0x98</size>
         <input_file_ref idref="fl-5"/>
      </object_component>
      <object_component id="oc-32d">
         <name>.text:I2CMCommand</name>
         <load_address>0x4054</load_address>
         <run_address>0x4054</run_address>
         <size>0x88</size>
         <input_file_ref idref="fl-e6"/>
      </object_component>
      <object_component id="oc-27c">
         <name>.text:MPU9150DataGyroGetFloat</name>
         <load_address>0x40dc</load_address>
         <run_address>0x40dc</run_address>
         <size>0x7c</size>
         <input_file_ref idref="fl-e7"/>
      </object_component>
      <object_component id="oc-5b">
         <name>.text</name>
         <load_address>0x4158</load_address>
         <run_address>0x4158</run_address>
         <size>0x7a</size>
         <input_file_ref idref="fl-d6"/>
      </object_component>
      <object_component id="oc-ca">
         <name>.text</name>
         <load_address>0x41d2</load_address>
         <run_address>0x41d2</run_address>
         <size>0x2</size>
         <input_file_ref idref="fl-e0"/>
      </object_component>
      <object_component id="oc-354">
         <name>.text:I2CMReadModifyWrite8</name>
         <load_address>0x41d4</load_address>
         <run_address>0x41d4</run_address>
         <size>0x78</size>
         <input_file_ref idref="fl-e6"/>
      </object_component>
      <object_component id="oc-73">
         <name>.text</name>
         <load_address>0x424c</load_address>
         <run_address>0x424c</run_address>
         <size>0x70</size>
         <input_file_ref idref="fl-dd"/>
      </object_component>
      <object_component id="oc-346">
         <name>.text</name>
         <load_address>0x42bc</load_address>
         <run_address>0x42bc</run_address>
         <size>0x6e</size>
         <input_file_ref idref="fl-e9"/>
      </object_component>
      <object_component id="oc-255">
         <name>.text:MPU9150Init</name>
         <load_address>0x432c</load_address>
         <run_address>0x432c</run_address>
         <size>0x6c</size>
         <input_file_ref idref="fl-e7"/>
      </object_component>
      <object_component id="oc-4e">
         <name>.text</name>
         <load_address>0x4398</load_address>
         <run_address>0x4398</run_address>
         <size>0x6a</size>
         <input_file_ref idref="fl-d2"/>
      </object_component>
      <object_component id="oc-405">
         <name>.text:IntDisable</name>
         <load_address>0x4404</load_address>
         <run_address>0x4404</run_address>
         <size>0x68</size>
         <input_file_ref idref="fl-e2"/>
      </object_component>
      <object_component id="oc-3ee">
         <name>.text:IntEnable</name>
         <load_address>0x446c</load_address>
         <run_address>0x446c</run_address>
         <size>0x68</size>
         <input_file_ref idref="fl-e2"/>
      </object_component>
      <object_component id="oc-3ff">
         <name>.text:IntIsEnabled</name>
         <load_address>0x44d4</load_address>
         <run_address>0x44d4</run_address>
         <size>0x64</size>
         <input_file_ref idref="fl-e2"/>
      </object_component>
      <object_component id="oc-418">
         <name>.text:I2CMReadModifyWrite8Callback</name>
         <load_address>0x4538</load_address>
         <run_address>0x4538</run_address>
         <size>0x60</size>
         <input_file_ref idref="fl-e6"/>
      </object_component>
      <object_component id="oc-25b">
         <name>.text:MPU9150DataRead</name>
         <load_address>0x4598</load_address>
         <run_address>0x4598</run_address>
         <size>0x60</size>
         <input_file_ref idref="fl-e7"/>
      </object_component>
      <object_component id="oc-3cc">
         <name>.text:I2CMStateWritePause</name>
         <load_address>0x45f8</load_address>
         <run_address>0x45f8</run_address>
         <size>0x5e</size>
         <input_file_ref idref="fl-e6"/>
      </object_component>
      <object_component id="oc-276">
         <name>.text:MPU9150ReadModifyWrite</name>
         <load_address>0x4658</load_address>
         <run_address>0x4658</run_address>
         <size>0x54</size>
         <input_file_ref idref="fl-e7"/>
      </object_component>
      <object_component id="oc-24">
         <name>.text</name>
         <load_address>0x46ac</load_address>
         <run_address>0x46ac</run_address>
         <size>0x54</size>
         <input_file_ref idref="fl-d0"/>
      </object_component>
      <object_component id="oc-7f">
         <name>.text</name>
         <load_address>0x4700</load_address>
         <run_address>0x4700</run_address>
         <size>0x54</size>
         <input_file_ref idref="fl-d4"/>
      </object_component>
      <object_component id="oc-3d2">
         <name>.text:I2CMStateWriteFinal</name>
         <load_address>0x4754</load_address>
         <run_address>0x4754</run_address>
         <size>0x50</size>
         <input_file_ref idref="fl-e6"/>
      </object_component>
      <object_component id="oc-14b">
         <name>.text</name>
         <load_address>0x47a4</load_address>
         <run_address>0x47a4</run_address>
         <size>0x50</size>
         <input_file_ref idref="fl-10"/>
      </object_component>
      <object_component id="oc-3e8">
         <name>.text:I2CMasterInitExpClk</name>
         <load_address>0x47f4</load_address>
         <run_address>0x47f4</run_address>
         <size>0x4c</size>
         <input_file_ref idref="fl-eb"/>
      </object_component>
      <object_component id="oc-c4">
         <name>.text</name>
         <load_address>0x4840</load_address>
         <run_address>0x4840</run_address>
         <size>0x4c</size>
         <input_file_ref idref="fl-de"/>
      </object_component>
      <object_component id="oc-3ba">
         <name>.text:I2CMStateReadNext</name>
         <load_address>0x488c</load_address>
         <run_address>0x488c</run_address>
         <size>0x4a</size>
         <input_file_ref idref="fl-e6"/>
      </object_component>
      <object_component id="oc-1d9">
         <name>.text:GPIOPinConfigure</name>
         <load_address>0x48d8</load_address>
         <run_address>0x48d8</run_address>
         <size>0x48</size>
         <input_file_ref idref="fl-e1"/>
      </object_component>
      <object_component id="oc-3d8">
         <name>.text:I2CMStateWriteNext</name>
         <load_address>0x4920</load_address>
         <run_address>0x4920</run_address>
         <size>0x48</size>
         <input_file_ref idref="fl-e6"/>
      </object_component>
      <object_component id="oc-2b9">
         <name>.text:_SysCtlFrequencyGet</name>
         <load_address>0x4968</load_address>
         <run_address>0x4968</run_address>
         <size>0x48</size>
         <input_file_ref idref="fl-e3"/>
      </object_component>
      <object_component id="oc-1f5">
         <name>.text:UARTConfigSetExpClk</name>
         <load_address>0x49b0</load_address>
         <run_address>0x49b0</run_address>
         <size>0x46</size>
         <input_file_ref idref="fl-e4"/>
      </object_component>
      <object_component id="oc-3a2">
         <name>.text:I2CMStateCallback</name>
         <load_address>0x49f6</load_address>
         <run_address>0x49f6</run_address>
         <size>0x44</size>
         <input_file_ref idref="fl-e6"/>
      </object_component>
      <object_component id="oc-3b4">
         <name>.text:I2CMStateReadFinal</name>
         <load_address>0x4a3a</load_address>
         <run_address>0x4a3a</run_address>
         <size>0x42</size>
         <input_file_ref idref="fl-e6"/>
      </object_component>
      <object_component id="oc-216">
         <name>.text</name>
         <load_address>0x4a7c</load_address>
         <run_address>0x4a7c</run_address>
         <size>0x40</size>
         <input_file_ref idref="fl-da"/>
      </object_component>
      <object_component id="oc-3ae">
         <name>.text:I2CMStateReadPause</name>
         <load_address>0x4abc</load_address>
         <run_address>0x4abc</run_address>
         <size>0x3e</size>
         <input_file_ref idref="fl-e6"/>
      </object_component>
      <object_component id="oc-1ef">
         <name>.text:SysCtlPeripheralPresent</name>
         <load_address>0x4afc</load_address>
         <run_address>0x4afc</run_address>
         <size>0x38</size>
         <input_file_ref idref="fl-e3"/>
      </object_component>
      <object_component id="oc-33c">
         <name>.text</name>
         <load_address>0x4b34</load_address>
         <run_address>0x4b34</run_address>
         <size>0x38</size>
         <input_file_ref idref="fl-ea"/>
      </object_component>
      <object_component id="oc-31f">
         <name>.text:I2CMWrite</name>
         <load_address>0x4b6c</load_address>
         <run_address>0x4b6c</run_address>
         <size>0x36</size>
         <input_file_ref idref="fl-3"/>
      </object_component>
      <object_component id="oc-319">
         <name>.text:I2CMInit</name>
         <load_address>0x4ba2</load_address>
         <run_address>0x4ba2</run_address>
         <size>0x34</size>
         <input_file_ref idref="fl-e6"/>
      </object_component>
      <object_component id="oc-249">
         <name>.text:IntRegister</name>
         <load_address>0x4bd8</load_address>
         <run_address>0x4bd8</run_address>
         <size>0x34</size>
         <input_file_ref idref="fl-e2"/>
      </object_component>
      <object_component id="oc-1d3">
         <name>.text:SysCtlPeripheralEnable</name>
         <load_address>0x4c0c</load_address>
         <run_address>0x4c0c</run_address>
         <size>0x34</size>
         <input_file_ref idref="fl-e3"/>
      </object_component>
      <object_component id="oc-2d0">
         <name>.text:GPIODirModeSet</name>
         <load_address>0x4c40</load_address>
         <run_address>0x4c40</run_address>
         <size>0x2a</size>
         <input_file_ref idref="fl-e1"/>
      </object_component>
      <object_component id="oc-3c0">
         <name>.text:I2CMStateReadFirst</name>
         <load_address>0x4c6a</load_address>
         <run_address>0x4c6a</run_address>
         <size>0x2a</size>
         <input_file_ref idref="fl-e6"/>
      </object_component>
      <object_component id="oc-3c6">
         <name>.text:I2CMStateReadOne</name>
         <load_address>0x4c94</load_address>
         <run_address>0x4c94</run_address>
         <size>0x20</size>
         <input_file_ref idref="fl-e6"/>
      </object_component>
      <object_component id="oc-2dc">
         <name>.text:UARTDisable</name>
         <load_address>0x4cb4</load_address>
         <run_address>0x4cb4</run_address>
         <size>0x20</size>
         <input_file_ref idref="fl-e4"/>
      </object_component>
      <object_component id="oc-2b3">
         <name>.text:_SysCtlMemTimingGet</name>
         <load_address>0x4cd4</load_address>
         <run_address>0x4cd4</run_address>
         <size>0x20</size>
         <input_file_ref idref="fl-e3"/>
      </object_component>
      <object_component id="oc-3a8">
         <name>.text:I2CMStateReadWait</name>
         <load_address>0x4cf4</load_address>
         <run_address>0x4cf4</run_address>
         <size>0x1a</size>
         <input_file_ref idref="fl-e6"/>
      </object_component>
      <object_component id="oc-225">
         <name>.text:GPIOPinTypeGPIOOutput</name>
         <load_address>0x4d0e</load_address>
         <run_address>0x4d0e</run_address>
         <size>0x18</size>
         <input_file_ref idref="fl-e1"/>
      </object_component>
      <object_component id="oc-79">
         <name>.text</name>
         <load_address>0x4d28</load_address>
         <run_address>0x4d28</run_address>
         <size>0x18</size>
         <input_file_ref idref="fl-dc"/>
      </object_component>
      <object_component id="oc-1fb">
         <name>.text:UARTEnable</name>
         <load_address>0x4d40</load_address>
         <run_address>0x4d40</run_address>
         <size>0x14</size>
         <input_file_ref idref="fl-e4"/>
      </object_component>
      <object_component id="oc-16d">
         <name>.text</name>
         <load_address>0x4d54</load_address>
         <run_address>0x4d54</run_address>
         <size>0x14</size>
         <input_file_ref idref="fl-db"/>
      </object_component>
      <object_component id="oc-313">
         <name>.text:GPIOPinTypeI2C</name>
         <load_address>0x4d68</load_address>
         <run_address>0x4d68</run_address>
         <size>0x12</size>
         <input_file_ref idref="fl-e1"/>
      </object_component>
      <object_component id="oc-30d">
         <name>.text:GPIOPinTypeI2CSCL</name>
         <load_address>0x4d7a</load_address>
         <run_address>0x4d7a</run_address>
         <size>0x12</size>
         <input_file_ref idref="fl-e1"/>
      </object_component>
      <object_component id="oc-1df">
         <name>.text:GPIOPinTypeUART</name>
         <load_address>0x4d8c</load_address>
         <run_address>0x4d8c</run_address>
         <size>0x12</size>
         <input_file_ref idref="fl-e1"/>
      </object_component>
      <object_component id="oc-12">
         <name>.text:decompress:none</name>
         <load_address>0x4d9e</load_address>
         <run_address>0x4d9e</run_address>
         <size>0xe</size>
         <input_file_ref idref="fl-d1"/>
      </object_component>
      <object_component id="oc-2e">
         <name>.text</name>
         <load_address>0x4dac</load_address>
         <run_address>0x4dac</run_address>
         <size>0xc</size>
         <input_file_ref idref="fl-2"/>
      </object_component>
      <object_component id="oc-40b">
         <name>.text:IntTrigger</name>
         <load_address>0x4db8</load_address>
         <run_address>0x4db8</run_address>
         <size>0xc</size>
         <input_file_ref idref="fl-e2"/>
      </object_component>
      <object_component id="oc-445">
         <name>.text:I2CMasterEnable</name>
         <load_address>0x4dc4</load_address>
         <run_address>0x4dc4</run_address>
         <size>0xa</size>
         <input_file_ref idref="fl-eb"/>
      </object_component>
      <object_component id="oc-207">
         <name>.text:UARTCharGet</name>
         <load_address>0x4dce</load_address>
         <run_address>0x4dce</run_address>
         <size>0xa</size>
         <input_file_ref idref="fl-e4"/>
      </object_component>
      <object_component id="oc-201">
         <name>.text:UARTCharPut</name>
         <load_address>0x4dd8</load_address>
         <run_address>0x4dd8</run_address>
         <size>0xa</size>
         <input_file_ref idref="fl-e4"/>
      </object_component>
      <object_component id="oc-396">
         <name>.text:I2CMasterIntClear</name>
         <load_address>0x4de2</load_address>
         <run_address>0x4de2</run_address>
         <size>0x8</size>
         <input_file_ref idref="fl-eb"/>
      </object_component>
      <object_component id="oc-3f4">
         <name>.text:I2CMasterIntEnableEx</name>
         <load_address>0x4dea</load_address>
         <run_address>0x4dea</run_address>
         <size>0x8</size>
         <input_file_ref idref="fl-eb"/>
      </object_component>
      <object_component id="oc-431">
         <name>.text:I2CMasterSlaveAddrSet</name>
         <load_address>0x4df2</load_address>
         <run_address>0x4df2</run_address>
         <size>0x8</size>
         <input_file_ref idref="fl-eb"/>
      </object_component>
      <object_component id="oc-231">
         <name>.text:GPIOPinRead</name>
         <load_address>0x4dfa</load_address>
         <run_address>0x4dfa</run_address>
         <size>0x6</size>
         <input_file_ref idref="fl-e1"/>
      </object_component>
      <object_component id="oc-237">
         <name>.text:GPIOPinWrite</name>
         <load_address>0x4e00</load_address>
         <run_address>0x4e00</run_address>
         <size>0x6</size>
         <input_file_ref idref="fl-e1"/>
      </object_component>
      <object_component id="oc-1e5">
         <name>.text:UARTClockSourceSet</name>
         <load_address>0x4e06</load_address>
         <run_address>0x4e06</run_address>
         <size>0x6</size>
         <input_file_ref idref="fl-e4"/>
      </object_component>
      <object_component id="oc-18">
         <name>.text:decompress:rle24</name>
         <load_address>0x4e0c</load_address>
         <run_address>0x4e0c</run_address>
         <size>0x6</size>
         <input_file_ref idref="fl-d2"/>
      </object_component>
      <object_component id="oc-39c">
         <name>.text:I2CMasterControl</name>
         <load_address>0x4e12</load_address>
         <run_address>0x4e12</run_address>
         <size>0x4</size>
         <input_file_ref idref="fl-eb"/>
      </object_component>
      <object_component id="oc-427">
         <name>.text:I2CMasterDataGet</name>
         <load_address>0x4e16</load_address>
         <run_address>0x4e16</run_address>
         <size>0x4</size>
         <input_file_ref idref="fl-eb"/>
      </object_component>
      <object_component id="oc-439">
         <name>.text:I2CMasterDataPut</name>
         <load_address>0x4e1a</load_address>
         <run_address>0x4e1a</run_address>
         <size>0x4</size>
         <input_file_ref idref="fl-eb"/>
      </object_component>
      <object_component id="oc-6d">
         <name>.text</name>
         <load_address>0x4e1e</load_address>
         <run_address>0x4e1e</run_address>
         <size>0x4</size>
         <input_file_ref idref="fl-d8"/>
      </object_component>
      <object_component id="oc-2c2">
         <name>.const:g_pppui32XTALtoVCO</name>
         <load_address>0x4e24</load_address>
         <run_address>0x4e24</run_address>
         <size>0x1b0</size>
         <input_file_ref idref="fl-e3"/>
      </object_component>
      <object_component id="oc-2cb">
         <name>.const:g_pui32GPIOBaseAddrs</name>
         <load_address>0x4fd4</load_address>
         <run_address>0x4fd4</run_address>
         <size>0x90</size>
         <input_file_ref idref="fl-e1"/>
      </object_component>
      <object_component id="oc-44c">
         <name>.const</name>
         <load_address>0x5064</load_address>
         <run_address>0x5064</run_address>
         <size>0x70</size>
         <input_file_ref idref="fl-e2"/>
      </object_component>
      <object_component id="oc-2bf">
         <name>.const:g_pui32Xtals</name>
         <load_address>0x50d4</load_address>
         <run_address>0x50d4</run_address>
         <size>0x6c</size>
         <input_file_ref idref="fl-e3"/>
      </object_component>
      <object_component id="oc-377">
         <name>.const:g_sXTALtoMEMTIM</name>
         <load_address>0x5140</load_address>
         <run_address>0x5140</run_address>
         <size>0x30</size>
         <input_file_ref idref="fl-e3"/>
      </object_component>
      <object_component id="oc-35b">
         <name>.const</name>
         <load_address>0x5170</load_address>
         <run_address>0x5170</run_address>
         <size>0x20</size>
         <input_file_ref idref="fl-e7"/>
      </object_component>
      <object_component id="oc-2f3">
         <name>.const:.string</name>
         <load_address>0x5190</load_address>
         <run_address>0x5190</run_address>
         <size>0x12</size>
         <input_file_ref idref="fl-6"/>
      </object_component>
      <object_component id="oc-1b6">
         <name>.const</name>
         <load_address>0x51a2</load_address>
         <run_address>0x51a2</run_address>
         <size>0x2</size>
         <input_file_ref idref="fl-4"/>
      </object_component>
      <object_component id="oc-213">
         <name>.const:g_ui32UARTBase</name>
         <load_address>0x51a4</load_address>
         <run_address>0x51a4</run_address>
         <size>0xc</size>
         <input_file_ref idref="fl-6"/>
      </object_component>
      <object_component id="oc-20d">
         <name>.const:g_ui32UARTPeriph</name>
         <load_address>0x51b0</load_address>
         <run_address>0x51b0</run_address>
         <size>0xc</size>
         <input_file_ref idref="fl-6"/>
      </object_component>
      <object_component id="oc-2c5">
         <name>.const</name>
         <load_address>0x51bc</load_address>
         <run_address>0x51bc</run_address>
         <size>0x8</size>
         <input_file_ref idref="fl-e3"/>
      </object_component>
      <object_component id="oc-8f">
         <name>.const</name>
         <load_address>0x51c4</load_address>
         <run_address>0x51c4</run_address>
         <size>0x4</size>
         <input_file_ref idref="fl-d"/>
      </object_component>
      <object_component id="oc-21b">
         <name>.const</name>
         <load_address>0x51c8</load_address>
         <run_address>0x51c8</run_address>
         <size>0x4</size>
         <input_file_ref idref="fl-6"/>
      </object_component>
      <object_component id="oc-47f">
         <name>.cinit..data.load</name>
         <load_address>0x51d0</load_address>
         <run_address>0x51d0</run_address>
         <size>0x33</size>
      </object_component>
      <object_component id="oc-480">
         <name>.cinit..bss.load</name>
         <load_address>0x5208</load_address>
         <run_address>0x5208</run_address>
         <size>0xb</size>
      </object_component>
      <object_component id="oc-47e">
         <name>.cinit..vtable.load</name>
         <load_address>0x5218</load_address>
         <run_address>0x5218</run_address>
         <size>0xb</size>
      </object_component>
      <object_component id="oc-47c">
         <name>__TI_handler_table</name>
         <load_address>0x5224</load_address>
         <run_address>0x5224</run_address>
         <size>0x8</size>
      </object_component>
      <object_component id="oc-47d">
         <name>__TI_cinit_table</name>
         <load_address>0x522c</load_address>
         <run_address>0x522c</run_address>
         <size>0x18</size>
      </object_component>
      <object_component id="oc-302">
         <name>.vtable</name>
         <uninitialized>true</uninitialized>
         <run_address>0x20000000</run_address>
         <size>0x26c</size>
         <input_file_ref idref="fl-e2"/>
      </object_component>
      <object_component id="oc-267">
         <name>.data</name>
         <load_address>0x2000d211</load_address>
         <run_address>0x2000d211</run_address>
         <size>0x1</size>
         <input_file_ref idref="fl-3"/>
      </object_component>
      <object_component id="oc-1aa">
         <name>.data</name>
         <load_address>0x2000d240</load_address>
         <run_address>0x2000d240</run_address>
         <size>0x8</size>
         <input_file_ref idref="fl-4"/>
      </object_component>
      <object_component id="oc-1eb">
         <name>.data</name>
         <load_address>0x2000d214</load_address>
         <run_address>0x2000d214</run_address>
         <size>0x10</size>
         <input_file_ref idref="fl-5"/>
      </object_component>
      <object_component id="oc-210">
         <name>.data</name>
         <load_address>0x2000d258</load_address>
         <run_address>0x2000d258</run_address>
         <size>0x5</size>
         <input_file_ref idref="fl-6"/>
      </object_component>
      <object_component id="oc-8c">
         <name>.data</name>
         <load_address>0x2000d1c8</load_address>
         <run_address>0x2000d1c8</run_address>
         <size>0x30</size>
         <input_file_ref idref="fl-b"/>
      </object_component>
      <object_component id="oc-191">
         <name>.data</name>
         <load_address>0x2000d250</load_address>
         <run_address>0x2000d250</run_address>
         <size>0x8</size>
         <input_file_ref idref="fl-c"/>
      </object_component>
      <object_component id="oc-99">
         <name>.data</name>
         <load_address>0x2000d248</load_address>
         <run_address>0x2000d248</run_address>
         <size>0x8</size>
         <input_file_ref idref="fl-d"/>
      </object_component>
      <object_component id="oc-26a">
         <name>.data</name>
         <load_address>0x2000d1f8</load_address>
         <run_address>0x2000d1f8</run_address>
         <size>0x19</size>
         <input_file_ref idref="fl-11"/>
      </object_component>
      <object_component id="oc-329">
         <name>.data:I2C7WriteData</name>
         <load_address>0x2000d238</load_address>
         <run_address>0x2000d238</run_address>
         <size>0x8</size>
         <input_file_ref idref="fl-11"/>
      </object_component>
      <object_component id="oc-23f">
         <name>.data</name>
         <load_address>0x2000d260</load_address>
         <run_address>0x2000d260</run_address>
         <size>0x4</size>
         <input_file_ref idref="fl-12"/>
      </object_component>
      <object_component id="oc-da">
         <name>.data:$O1$$</name>
         <load_address>0x2000d224</load_address>
         <run_address>0x2000d224</run_address>
         <size>0xc</size>
         <input_file_ref idref="fl-d4"/>
      </object_component>
      <object_component id="oc-85">
         <name>.data</name>
         <load_address>0x2000d264</load_address>
         <run_address>0x2000d264</run_address>
         <size>0x4</size>
         <input_file_ref idref="fl-d9"/>
      </object_component>
      <object_component id="oc-dd">
         <name>.data:$O1$$</name>
         <load_address>0x2000d230</load_address>
         <run_address>0x2000d230</run_address>
         <size>0x8</size>
         <input_file_ref idref="fl-db"/>
      </object_component>
      <object_component id="oc-2b">
         <name>.bss:pulStack</name>
         <uninitialized>true</uninitialized>
         <run_address>0x2000c6e4</run_address>
         <size>0x100</size>
         <input_file_ref idref="fl-2"/>
      </object_component>
      <object_component id="oc-1b0">
         <name>.bss:xHeap</name>
         <uninitialized>true</uninitialized>
         <run_address>0x20000270</run_address>
         <size>0xc350</size>
         <input_file_ref idref="fl-4"/>
      </object_component>
      <object_component id="oc-1ad">
         <name>.bss:xStart</name>
         <uninitialized>true</uninitialized>
         <run_address>0x2000c9bc</run_address>
         <size>0x8</size>
         <input_file_ref idref="fl-4"/>
      </object_component>
      <object_component id="oc-1b3">
         <name>.bss:xEnd</name>
         <uninitialized>true</uninitialized>
         <run_address>0x2000c9b4</run_address>
         <size>0x8</size>
         <input_file_ref idref="fl-4"/>
      </object_component>
      <object_component id="oc-f0">
         <name>.bss:pxReadyTasksLists</name>
         <uninitialized>true</uninitialized>
         <run_address>0x2000c850</run_address>
         <size>0x64</size>
         <input_file_ref idref="fl-b"/>
      </object_component>
      <object_component id="oc-10b">
         <name>.bss:xDelayedTaskList1</name>
         <uninitialized>true</uninitialized>
         <run_address>0x2000c934</run_address>
         <size>0x14</size>
         <input_file_ref idref="fl-b"/>
      </object_component>
      <object_component id="oc-10e">
         <name>.bss:xDelayedTaskList2</name>
         <uninitialized>true</uninitialized>
         <run_address>0x2000c948</run_address>
         <size>0x14</size>
         <input_file_ref idref="fl-b"/>
      </object_component>
      <object_component id="oc-102">
         <name>.bss</name>
         <uninitialized>true</uninitialized>
         <run_address>0x2000c9a4</run_address>
         <size>0x8</size>
         <input_file_ref idref="fl-b"/>
      </object_component>
      <object_component id="oc-ff">
         <name>.bss:xPendingReadyList</name>
         <uninitialized>true</uninitialized>
         <run_address>0x2000c95c</run_address>
         <size>0x14</size>
         <input_file_ref idref="fl-b"/>
      </object_component>
      <object_component id="oc-f3">
         <name>.bss:xTasksWaitingTermination</name>
         <uninitialized>true</uninitialized>
         <run_address>0x2000c984</run_address>
         <size>0x14</size>
         <input_file_ref idref="fl-b"/>
      </object_component>
      <object_component id="oc-fc">
         <name>.bss:xSuspendedTaskList</name>
         <uninitialized>true</uninitialized>
         <run_address>0x2000c970</run_address>
         <size>0x14</size>
         <input_file_ref idref="fl-b"/>
      </object_component>
      <object_component id="oc-197">
         <name>.bss:xActiveTimerList1</name>
         <uninitialized>true</uninitialized>
         <run_address>0x2000c90c</run_address>
         <size>0x14</size>
         <input_file_ref idref="fl-c"/>
      </object_component>
      <object_component id="oc-19a">
         <name>.bss:xActiveTimerList2</name>
         <uninitialized>true</uninitialized>
         <run_address>0x2000c920</run_address>
         <size>0x14</size>
         <input_file_ref idref="fl-c"/>
      </object_component>
      <object_component id="oc-194">
         <name>.bss</name>
         <uninitialized>true</uninitialized>
         <run_address>0x2000c9ac</run_address>
         <size>0x8</size>
         <input_file_ref idref="fl-c"/>
      </object_component>
      <object_component id="oc-28f">
         <name>.common:xQueueRegistry</name>
         <uninitialized>true</uninitialized>
         <run_address>0x2000c8b4</run_address>
         <size>0x40</size>
      </object_component>
      <object_component id="oc-273">
         <name>.common:fMagneto</name>
         <uninitialized>true</uninitialized>
         <run_address>0x2000c998</run_address>
         <size>0xc</size>
      </object_component>
      <object_component id="oc-26d">
         <name>.common:sMPU9150</name>
         <uninitialized>true</uninitialized>
         <run_address>0x2000c7e4</run_address>
         <size>0x6c</size>
      </object_component>
      <object_component id="oc-272">
         <name>.common:g_bMPU9150Done</name>
         <uninitialized>true</uninitialized>
         <run_address>0x2000c9c4</run_address>
         <size>0x1</size>
      </object_component>
      <object_component id="oc-274">
         <name>.common:magnetometerReport</name>
         <uninitialized>true</uninitialized>
         <run_address>0x2000c8f4</run_address>
         <size>0x18</size>
      </object_component>
      <object_component id="oc-326">
         <name>.common:I2C7_Instance</name>
         <uninitialized>true</uninitialized>
         <run_address>0x2000c5c0</run_address>
         <size>0x124</size>
      </object_component>
      <object_component id="oc-282">
         <name>.common:task_done</name>
         <uninitialized>true</uninitialized>
         <run_address>0x2000c9c5</run_address>
         <size>0x1</size>
      </object_component>
      <object_component id="oc-2a">
         <name>.stack</name>
         <uninitialized>true</uninitialized>
         <run_address>0x2000c9c8</run_address>
         <size>0x0</size>
         <input_file_ref idref="fl-d0"/>
      </object_component>
      <object_component id="oc-481">
         <name>.stack</name>
         <uninitialized>true</uninitialized>
         <run_address>0x2000c9c8</run_address>
         <size>0x0</size>
      </object_component>
      <object_component id="oc-41">
         <name>.debug_info</name>
         <load_address>0x0</load_address>
         <run_address>0x0</run_address>
         <size>0x178</size>
         <input_file_ref idref="fl-2"/>
      </object_component>
      <object_component id="oc-2c">
         <name>.debug_info</name>
         <load_address>0x178</load_address>
         <run_address>0x178</run_address>
         <size>0xe7</size>
         <input_file_ref idref="fl-2"/>
      </object_component>
      <object_component id="oc-10">
         <name>.debug_info</name>
         <load_address>0x25f</load_address>
         <run_address>0x25f</run_address>
         <size>0xf0</size>
         <input_file_ref idref="fl-2"/>
      </object_component>
      <object_component id="oc-2f">
         <name>.debug_info</name>
         <load_address>0x34f</load_address>
         <run_address>0x34f</run_address>
         <size>0x29c</size>
         <input_file_ref idref="fl-2"/>
      </object_component>
      <object_component id="oc-aa">
         <name>.debug_info</name>
         <load_address>0x5eb</load_address>
         <run_address>0x5eb</run_address>
         <size>0x84</size>
         <input_file_ref idref="fl-2"/>
      </object_component>
      <object_component id="oc-117">
         <name>.debug_info</name>
         <load_address>0x66f</load_address>
         <run_address>0x66f</run_address>
         <size>0x18b</size>
         <input_file_ref idref="fl-2"/>
      </object_component>
      <object_component id="oc-220">
         <name>.debug_info</name>
         <load_address>0x7fa</load_address>
         <run_address>0x7fa</run_address>
         <size>0x4e</size>
         <input_file_ref idref="fl-2"/>
      </object_component>
      <object_component id="oc-12a">
         <name>.debug_info</name>
         <load_address>0x848</load_address>
         <run_address>0x848</run_address>
         <size>0x469</size>
         <input_file_ref idref="fl-3"/>
      </object_component>
      <object_component id="oc-268">
         <name>.debug_info</name>
         <load_address>0xcb1</load_address>
         <run_address>0xcb1</run_address>
         <size>0xeb</size>
         <input_file_ref idref="fl-3"/>
      </object_component>
      <object_component id="oc-320">
         <name>.debug_info</name>
         <load_address>0xd9c</load_address>
         <run_address>0xd9c</run_address>
         <size>0x270</size>
         <input_file_ref idref="fl-3"/>
      </object_component>
      <object_component id="oc-d3">
         <name>.debug_info</name>
         <load_address>0x100c</load_address>
         <run_address>0x100c</run_address>
         <size>0x1db</size>
         <input_file_ref idref="fl-3"/>
      </object_component>
      <object_component id="oc-112">
         <name>.debug_info</name>
         <load_address>0x11e7</load_address>
         <run_address>0x11e7</run_address>
         <size>0x2ef</size>
         <input_file_ref idref="fl-3"/>
      </object_component>
      <object_component id="oc-1c1">
         <name>.debug_info</name>
         <load_address>0x14d6</load_address>
         <run_address>0x14d6</run_address>
         <size>0x4e6</size>
         <input_file_ref idref="fl-3"/>
      </object_component>
      <object_component id="oc-35f">
         <name>.debug_info</name>
         <load_address>0x19bc</load_address>
         <run_address>0x19bc</run_address>
         <size>0x108</size>
         <input_file_ref idref="fl-3"/>
      </object_component>
      <object_component id="oc-284">
         <name>.debug_info</name>
         <load_address>0x1ac4</load_address>
         <run_address>0x1ac4</run_address>
         <size>0x16c</size>
         <input_file_ref idref="fl-3"/>
      </object_component>
      <object_component id="oc-12b">
         <name>.debug_info</name>
         <load_address>0x1c30</load_address>
         <run_address>0x1c30</run_address>
         <size>0x8b</size>
         <input_file_ref idref="fl-3"/>
      </object_component>
      <object_component id="oc-9e">
         <name>.debug_info</name>
         <load_address>0x1cbb</load_address>
         <run_address>0x1cbb</run_address>
         <size>0x2c</size>
         <input_file_ref idref="fl-3"/>
      </object_component>
      <object_component id="oc-a3">
         <name>.debug_info</name>
         <load_address>0x1ce7</load_address>
         <run_address>0x1ce7</run_address>
         <size>0xae</size>
         <input_file_ref idref="fl-3"/>
      </object_component>
      <object_component id="oc-125">
         <name>.debug_info</name>
         <load_address>0x1d95</load_address>
         <run_address>0x1d95</run_address>
         <size>0x14c</size>
         <input_file_ref idref="fl-3"/>
      </object_component>
      <object_component id="oc-1ba">
         <name>.debug_info</name>
         <load_address>0x1ee1</load_address>
         <run_address>0x1ee1</run_address>
         <size>0x1bd</size>
         <input_file_ref idref="fl-4"/>
      </object_component>
      <object_component id="oc-1b1">
         <name>.debug_info</name>
         <load_address>0x209e</load_address>
         <run_address>0x209e</run_address>
         <size>0xc9</size>
         <input_file_ref idref="fl-4"/>
      </object_component>
      <object_component id="oc-1b7">
         <name>.debug_info</name>
         <load_address>0x2167</load_address>
         <run_address>0x2167</run_address>
         <size>0xdd</size>
         <input_file_ref idref="fl-4"/>
      </object_component>
      <object_component id="oc-1ae">
         <name>.debug_info</name>
         <load_address>0x2244</load_address>
         <run_address>0x2244</run_address>
         <size>0xcb</size>
         <input_file_ref idref="fl-4"/>
      </object_component>
      <object_component id="oc-1b4">
         <name>.debug_info</name>
         <load_address>0x230f</load_address>
         <run_address>0x230f</run_address>
         <size>0xc7</size>
         <input_file_ref idref="fl-4"/>
      </object_component>
      <object_component id="oc-1ab">
         <name>.debug_info</name>
         <load_address>0x23d6</load_address>
         <run_address>0x23d6</run_address>
         <size>0xe5</size>
         <input_file_ref idref="fl-4"/>
      </object_component>
      <object_component id="oc-106">
         <name>.debug_info</name>
         <load_address>0x24bb</load_address>
         <run_address>0x24bb</run_address>
         <size>0x477</size>
         <input_file_ref idref="fl-4"/>
      </object_component>
      <object_component id="oc-180">
         <name>.debug_info</name>
         <load_address>0x2932</load_address>
         <run_address>0x2932</run_address>
         <size>0x110</size>
         <input_file_ref idref="fl-4"/>
      </object_component>
      <object_component id="oc-2a6">
         <name>.debug_info</name>
         <load_address>0x2a42</load_address>
         <run_address>0x2a42</run_address>
         <size>0x99</size>
         <input_file_ref idref="fl-4"/>
      </object_component>
      <object_component id="oc-1ec">
         <name>.debug_info</name>
         <load_address>0x2adb</load_address>
         <run_address>0x2adb</run_address>
         <size>0x18e</size>
         <input_file_ref idref="fl-5"/>
      </object_component>
      <object_component id="oc-140">
         <name>.debug_info</name>
         <load_address>0x2c69</load_address>
         <run_address>0x2c69</run_address>
         <size>0x317</size>
         <input_file_ref idref="fl-5"/>
      </object_component>
      <object_component id="oc-21f">
         <name>.debug_info</name>
         <load_address>0x2f80</load_address>
         <run_address>0x2f80</run_address>
         <size>0x241</size>
         <input_file_ref idref="fl-6"/>
      </object_component>
      <object_component id="oc-211">
         <name>.debug_info</name>
         <load_address>0x31c1</load_address>
         <run_address>0x31c1</run_address>
         <size>0xde</size>
         <input_file_ref idref="fl-6"/>
      </object_component>
      <object_component id="oc-21c">
         <name>.debug_info</name>
         <load_address>0x329f</load_address>
         <run_address>0x329f</run_address>
         <size>0xd8</size>
         <input_file_ref idref="fl-6"/>
      </object_component>
      <object_component id="oc-214">
         <name>.debug_info</name>
         <load_address>0x3377</load_address>
         <run_address>0x3377</run_address>
         <size>0xe6</size>
         <input_file_ref idref="fl-6"/>
      </object_component>
      <object_component id="oc-20e">
         <name>.debug_info</name>
         <load_address>0x345d</load_address>
         <run_address>0x345d</run_address>
         <size>0xea</size>
         <input_file_ref idref="fl-6"/>
      </object_component>
      <object_component id="oc-146">
         <name>.debug_info</name>
         <load_address>0x3547</load_address>
         <run_address>0x3547</run_address>
         <size>0x7e7</size>
         <input_file_ref idref="fl-6"/>
      </object_component>
      <object_component id="oc-28c">
         <name>.debug_info</name>
         <load_address>0x3d2e</load_address>
         <run_address>0x3d2e</run_address>
         <size>0x427</size>
         <input_file_ref idref="fl-8"/>
      </object_component>
      <object_component id="oc-366">
         <name>.debug_info</name>
         <load_address>0x4155</load_address>
         <run_address>0x4155</run_address>
         <size>0x39</size>
         <input_file_ref idref="fl-8"/>
      </object_component>
      <object_component id="oc-17b">
         <name>.debug_info</name>
         <load_address>0x418e</load_address>
         <run_address>0x418e</run_address>
         <size>0x46</size>
         <input_file_ref idref="fl-8"/>
      </object_component>
      <object_component id="oc-36b">
         <name>.debug_info</name>
         <load_address>0x41d4</load_address>
         <run_address>0x41d4</run_address>
         <size>0x76</size>
         <input_file_ref idref="fl-8"/>
      </object_component>
      <object_component id="oc-186">
         <name>.debug_info</name>
         <load_address>0x424a</load_address>
         <run_address>0x424a</run_address>
         <size>0x136</size>
         <input_file_ref idref="fl-9"/>
      </object_component>
      <object_component id="oc-eb">
         <name>.debug_info</name>
         <load_address>0x4380</load_address>
         <run_address>0x4380</run_address>
         <size>0x577</size>
         <input_file_ref idref="fl-9"/>
      </object_component>
      <object_component id="oc-290">
         <name>.debug_info</name>
         <load_address>0x48f7</load_address>
         <run_address>0x48f7</run_address>
         <size>0x649</size>
         <input_file_ref idref="fl-a"/>
      </object_component>
      <object_component id="oc-18c">
         <name>.debug_info</name>
         <load_address>0x4f40</load_address>
         <run_address>0x4f40</run_address>
         <size>0x2c6c</size>
         <input_file_ref idref="fl-a"/>
      </object_component>
      <object_component id="oc-372">
         <name>.debug_info</name>
         <load_address>0x7bac</load_address>
         <run_address>0x7bac</run_address>
         <size>0x1cd</size>
         <input_file_ref idref="fl-a"/>
      </object_component>
      <object_component id="oc-293">
         <name>.debug_info</name>
         <load_address>0x7d79</load_address>
         <run_address>0x7d79</run_address>
         <size>0x46</size>
         <input_file_ref idref="fl-a"/>
      </object_component>
      <object_component id="oc-e7">
         <name>.debug_info</name>
         <load_address>0x7dbf</load_address>
         <run_address>0x7dbf</run_address>
         <size>0x59a</size>
         <input_file_ref idref="fl-b"/>
      </object_component>
      <object_component id="oc-8d">
         <name>.debug_info</name>
         <load_address>0x8359</load_address>
         <run_address>0x8359</run_address>
         <size>0x300</size>
         <input_file_ref idref="fl-b"/>
      </object_component>
      <object_component id="oc-f1">
         <name>.debug_info</name>
         <load_address>0x8659</load_address>
         <run_address>0x8659</run_address>
         <size>0xfc</size>
         <input_file_ref idref="fl-b"/>
      </object_component>
      <object_component id="oc-10c">
         <name>.debug_info</name>
         <load_address>0x8755</load_address>
         <run_address>0x8755</run_address>
         <size>0xfc</size>
         <input_file_ref idref="fl-b"/>
      </object_component>
      <object_component id="oc-10f">
         <name>.debug_info</name>
         <load_address>0x8851</load_address>
         <run_address>0x8851</run_address>
         <size>0xfc</size>
         <input_file_ref idref="fl-b"/>
      </object_component>
      <object_component id="oc-103">
         <name>.debug_info</name>
         <load_address>0x894d</load_address>
         <run_address>0x894d</run_address>
         <size>0x13e</size>
         <input_file_ref idref="fl-b"/>
      </object_component>
      <object_component id="oc-100">
         <name>.debug_info</name>
         <load_address>0x8a8b</load_address>
         <run_address>0x8a8b</run_address>
         <size>0xfc</size>
         <input_file_ref idref="fl-b"/>
      </object_component>
      <object_component id="oc-f4">
         <name>.debug_info</name>
         <load_address>0x8b87</load_address>
         <run_address>0x8b87</run_address>
         <size>0x10a</size>
         <input_file_ref idref="fl-b"/>
      </object_component>
      <object_component id="oc-fd">
         <name>.debug_info</name>
         <load_address>0x8c91</load_address>
         <run_address>0x8c91</run_address>
         <size>0xfe</size>
         <input_file_ref idref="fl-b"/>
      </object_component>
      <object_component id="oc-93">
         <name>.debug_info</name>
         <load_address>0x8d8f</load_address>
         <run_address>0x8d8f</run_address>
         <size>0x4b58</size>
         <input_file_ref idref="fl-b"/>
      </object_component>
      <object_component id="oc-11c">
         <name>.debug_info</name>
         <load_address>0xd8e7</load_address>
         <run_address>0xd8e7</run_address>
         <size>0x169</size>
         <input_file_ref idref="fl-b"/>
      </object_component>
      <object_component id="oc-19e">
         <name>.debug_info</name>
         <load_address>0xda50</load_address>
         <run_address>0xda50</run_address>
         <size>0x643</size>
         <input_file_ref idref="fl-c"/>
      </object_component>
      <object_component id="oc-198">
         <name>.debug_info</name>
         <load_address>0xe093</load_address>
         <run_address>0xe093</run_address>
         <size>0xfd</size>
         <input_file_ref idref="fl-c"/>
      </object_component>
      <object_component id="oc-19b">
         <name>.debug_info</name>
         <load_address>0xe190</load_address>
         <run_address>0xe190</run_address>
         <size>0xfd</size>
         <input_file_ref idref="fl-c"/>
      </object_component>
      <object_component id="oc-195">
         <name>.debug_info</name>
         <load_address>0xe28d</load_address>
         <run_address>0xe28d</run_address>
         <size>0x135</size>
         <input_file_ref idref="fl-c"/>
      </object_component>
      <object_component id="oc-192">
         <name>.debug_info</name>
         <load_address>0xe3c2</load_address>
         <run_address>0xe3c2</run_address>
         <size>0xf1</size>
         <input_file_ref idref="fl-c"/>
      </object_component>
      <object_component id="oc-f7">
         <name>.debug_info</name>
         <load_address>0xe4b3</load_address>
         <run_address>0xe4b3</run_address>
         <size>0x1968</size>
         <input_file_ref idref="fl-c"/>
      </object_component>
      <object_component id="oc-19f">
         <name>.debug_info</name>
         <load_address>0xfe1b</load_address>
         <run_address>0xfe1b</run_address>
         <size>0x1ce</size>
         <input_file_ref idref="fl-c"/>
      </object_component>
      <object_component id="oc-9d">
         <name>.debug_info</name>
         <load_address>0xffe9</load_address>
         <run_address>0xffe9</run_address>
         <size>0x20c</size>
         <input_file_ref idref="fl-d"/>
      </object_component>
      <object_component id="oc-90">
         <name>.debug_info</name>
         <load_address>0x101f5</load_address>
         <run_address>0x101f5</run_address>
         <size>0x12a</size>
         <input_file_ref idref="fl-d"/>
      </object_component>
      <object_component id="oc-9a">
         <name>.debug_info</name>
         <load_address>0x1031f</load_address>
         <run_address>0x1031f</run_address>
         <size>0x145</size>
         <input_file_ref idref="fl-d"/>
      </object_component>
      <object_component id="oc-3a">
         <name>.debug_info</name>
         <load_address>0x10464</load_address>
         <run_address>0x10464</run_address>
         <size>0x7f6</size>
         <input_file_ref idref="fl-d"/>
      </object_component>
      <object_component id="oc-35">
         <name>.debug_info</name>
         <load_address>0x10c5a</load_address>
         <run_address>0x10c5a</run_address>
         <size>0x262</size>
         <input_file_ref idref="fl-e"/>
      </object_component>
      <object_component id="oc-26e">
         <name>.debug_info</name>
         <load_address>0x10ebc</load_address>
         <run_address>0x10ebc</run_address>
         <size>0x5f9</size>
         <input_file_ref idref="fl-f"/>
      </object_component>
      <object_component id="oc-158">
         <name>.debug_info</name>
         <load_address>0x114b5</load_address>
         <run_address>0x114b5</run_address>
         <size>0x3d0</size>
         <input_file_ref idref="fl-f"/>
      </object_component>
      <object_component id="oc-244">
         <name>.debug_info</name>
         <load_address>0x11885</load_address>
         <run_address>0x11885</run_address>
         <size>0xdf</size>
         <input_file_ref idref="fl-f"/>
      </object_component>
      <object_component id="oc-23e">
         <name>.debug_info</name>
         <load_address>0x11964</load_address>
         <run_address>0x11964</run_address>
         <size>0x270</size>
         <input_file_ref idref="fl-10"/>
      </object_component>
      <object_component id="oc-14c">
         <name>.debug_info</name>
         <load_address>0x11bd4</load_address>
         <run_address>0x11bd4</run_address>
         <size>0x20e</size>
         <input_file_ref idref="fl-10"/>
      </object_component>
      <object_component id="oc-327">
         <name>.debug_info</name>
         <load_address>0x11de2</load_address>
         <run_address>0x11de2</run_address>
         <size>0x47a</size>
         <input_file_ref idref="fl-11"/>
      </object_component>
      <object_component id="oc-26b">
         <name>.debug_info</name>
         <load_address>0x1225c</load_address>
         <run_address>0x1225c</run_address>
         <size>0x211</size>
         <input_file_ref idref="fl-11"/>
      </object_component>
      <object_component id="oc-32a">
         <name>.debug_info</name>
         <load_address>0x1246d</load_address>
         <run_address>0x1246d</run_address>
         <size>0xeb</size>
         <input_file_ref idref="fl-11"/>
      </object_component>
      <object_component id="oc-250">
         <name>.debug_info</name>
         <load_address>0x12558</load_address>
         <run_address>0x12558</run_address>
         <size>0x454</size>
         <input_file_ref idref="fl-11"/>
      </object_component>
      <object_component id="oc-243">
         <name>.debug_info</name>
         <load_address>0x129ac</load_address>
         <run_address>0x129ac</run_address>
         <size>0x224</size>
         <input_file_ref idref="fl-12"/>
      </object_component>
      <object_component id="oc-240">
         <name>.debug_info</name>
         <load_address>0x12bd0</load_address>
         <run_address>0x12bd0</run_address>
         <size>0xef</size>
         <input_file_ref idref="fl-12"/>
      </object_component>
      <object_component id="oc-152">
         <name>.debug_info</name>
         <load_address>0x12cbf</load_address>
         <run_address>0x12cbf</run_address>
         <size>0x25d</size>
         <input_file_ref idref="fl-12"/>
      </object_component>
      <object_component id="oc-270">
         <name>.debug_info</name>
         <load_address>0x12f1c</load_address>
         <run_address>0x12f1c</run_address>
         <size>0x5f7</size>
         <input_file_ref idref="fl-14"/>
      </object_component>
      <object_component id="oc-15e">
         <name>.debug_info</name>
         <load_address>0x13513</load_address>
         <run_address>0x13513</run_address>
         <size>0x3c5</size>
         <input_file_ref idref="fl-14"/>
      </object_component>
      <object_component id="oc-25">
         <name>.debug_info</name>
         <load_address>0x138d8</load_address>
         <run_address>0x138d8</run_address>
         <size>0x17c</size>
         <input_file_ref idref="fl-d0"/>
      </object_component>
      <object_component id="oc-4d">
         <name>.debug_info</name>
         <load_address>0x13a54</load_address>
         <run_address>0x13a54</run_address>
         <size>0x15c</size>
         <input_file_ref idref="fl-d1"/>
      </object_component>
      <object_component id="oc-15">
         <name>.debug_info</name>
         <load_address>0x13bb0</load_address>
         <run_address>0x13bb0</run_address>
         <size>0x1fb</size>
         <input_file_ref idref="fl-d1"/>
      </object_component>
      <object_component id="oc-48">
         <name>.debug_info</name>
         <load_address>0x13dab</load_address>
         <run_address>0x13dab</run_address>
         <size>0x46</size>
         <input_file_ref idref="fl-d1"/>
      </object_component>
      <object_component id="oc-b0">
         <name>.debug_info</name>
         <load_address>0x13df1</load_address>
         <run_address>0x13df1</run_address>
         <size>0x2c</size>
         <input_file_ref idref="fl-d1"/>
      </object_component>
      <object_component id="oc-55">
         <name>.debug_info</name>
         <load_address>0x13e1d</load_address>
         <run_address>0x13e1d</run_address>
         <size>0x150</size>
         <input_file_ref idref="fl-d2"/>
      </object_component>
      <object_component id="oc-52">
         <name>.debug_info</name>
         <load_address>0x13f6d</load_address>
         <run_address>0x13f6d</run_address>
         <size>0x263</size>
         <input_file_ref idref="fl-d2"/>
      </object_component>
      <object_component id="oc-1b">
         <name>.debug_info</name>
         <load_address>0x141d0</load_address>
         <run_address>0x141d0</run_address>
         <size>0x1cd</size>
         <input_file_ref idref="fl-d2"/>
      </object_component>
      <object_component id="oc-56">
         <name>.debug_info</name>
         <load_address>0x1439d</load_address>
         <run_address>0x1439d</run_address>
         <size>0x39</size>
         <input_file_ref idref="fl-d2"/>
      </object_component>
      <object_component id="oc-ba">
         <name>.debug_info</name>
         <load_address>0x143d6</load_address>
         <run_address>0x143d6</run_address>
         <size>0x2c</size>
         <input_file_ref idref="fl-d2"/>
      </object_component>
      <object_component id="oc-e1">
         <name>.debug_info</name>
         <load_address>0x14402</load_address>
         <run_address>0x14402</run_address>
         <size>0x250</size>
         <input_file_ref idref="fl-d4"/>
      </object_component>
      <object_component id="oc-db">
         <name>.debug_info</name>
         <load_address>0x14652</load_address>
         <run_address>0x14652</run_address>
         <size>0x1a1</size>
         <input_file_ref idref="fl-d4"/>
      </object_component>
      <object_component id="oc-80">
         <name>.debug_info</name>
         <load_address>0x147f3</load_address>
         <run_address>0x147f3</run_address>
         <size>0x230</size>
         <input_file_ref idref="fl-d4"/>
      </object_component>
      <object_component id="oc-43">
         <name>.debug_info</name>
         <load_address>0x14a23</load_address>
         <run_address>0x14a23</run_address>
         <size>0x12d</size>
         <input_file_ref idref="fl-d5"/>
      </object_component>
      <object_component id="oc-5c">
         <name>.debug_info</name>
         <load_address>0x14b50</load_address>
         <run_address>0x14b50</run_address>
         <size>0x15b</size>
         <input_file_ref idref="fl-d6"/>
      </object_component>
      <object_component id="oc-68">
         <name>.debug_info</name>
         <load_address>0x14cab</load_address>
         <run_address>0x14cab</run_address>
         <size>0x154</size>
         <input_file_ref idref="fl-d7"/>
      </object_component>
      <object_component id="oc-6e">
         <name>.debug_info</name>
         <load_address>0x14dff</load_address>
         <run_address>0x14dff</run_address>
         <size>0x164</size>
         <input_file_ref idref="fl-d8"/>
      </object_component>
      <object_component id="oc-86">
         <name>.debug_info</name>
         <load_address>0x14f63</load_address>
         <run_address>0x14f63</run_address>
         <size>0x125</size>
         <input_file_ref idref="fl-d9"/>
      </object_component>
      <object_component id="oc-218">
         <name>.debug_info</name>
         <load_address>0x15088</load_address>
         <run_address>0x15088</run_address>
         <size>0x156</size>
         <input_file_ref idref="fl-da"/>
      </object_component>
      <object_component id="oc-175">
         <name>.debug_info</name>
         <load_address>0x151de</load_address>
         <run_address>0x151de</run_address>
         <size>0x140</size>
         <input_file_ref idref="fl-db"/>
      </object_component>
      <object_component id="oc-de">
         <name>.debug_info</name>
         <load_address>0x1531e</load_address>
         <run_address>0x1531e</run_address>
         <size>0x12f</size>
         <input_file_ref idref="fl-db"/>
      </object_component>
      <object_component id="oc-16f">
         <name>.debug_info</name>
         <load_address>0x1544d</load_address>
         <run_address>0x1544d</run_address>
         <size>0x23b</size>
         <input_file_ref idref="fl-db"/>
      </object_component>
      <object_component id="oc-d9">
         <name>.debug_info</name>
         <load_address>0x15688</load_address>
         <run_address>0x15688</run_address>
         <size>0x182</size>
         <input_file_ref idref="fl-dc"/>
      </object_component>
      <object_component id="oc-7d">
         <name>.debug_info</name>
         <load_address>0x1580a</load_address>
         <run_address>0x1580a</run_address>
         <size>0x183</size>
         <input_file_ref idref="fl-dc"/>
      </object_component>
      <object_component id="oc-166">
         <name>.debug_info</name>
         <load_address>0x1598d</load_address>
         <run_address>0x1598d</run_address>
         <size>0x5e</size>
         <input_file_ref idref="fl-dc"/>
      </object_component>
      <object_component id="oc-d1">
         <name>.debug_info</name>
         <load_address>0x159eb</load_address>
         <run_address>0x159eb</run_address>
         <size>0x305</size>
         <input_file_ref idref="fl-dd"/>
      </object_component>
      <object_component id="oc-77">
         <name>.debug_info</name>
         <load_address>0x15cf0</load_address>
         <run_address>0x15cf0</run_address>
         <size>0x1ac</size>
         <input_file_ref idref="fl-dd"/>
      </object_component>
      <object_component id="oc-135">
         <name>.debug_info</name>
         <load_address>0x15e9c</load_address>
         <run_address>0x15e9c</run_address>
         <size>0x39</size>
         <input_file_ref idref="fl-dd"/>
      </object_component>
      <object_component id="oc-13a">
         <name>.debug_info</name>
         <load_address>0x15ed5</load_address>
         <run_address>0x15ed5</run_address>
         <size>0xcd</size>
         <input_file_ref idref="fl-dd"/>
      </object_component>
      <object_component id="oc-131">
         <name>.debug_info</name>
         <load_address>0x15fa2</load_address>
         <run_address>0x15fa2</run_address>
         <size>0x1fc</size>
         <input_file_ref idref="fl-de"/>
      </object_component>
      <object_component id="oc-c8">
         <name>.debug_info</name>
         <load_address>0x1619e</load_address>
         <run_address>0x1619e</run_address>
         <size>0x19f</size>
         <input_file_ref idref="fl-de"/>
      </object_component>
      <object_component id="oc-1c8">
         <name>.debug_info</name>
         <load_address>0x1633d</load_address>
         <run_address>0x1633d</run_address>
         <size>0x2c</size>
         <input_file_ref idref="fl-de"/>
      </object_component>
      <object_component id="oc-2f0">
         <name>.debug_info</name>
         <load_address>0x16369</load_address>
         <run_address>0x16369</run_address>
         <size>0x163</size>
         <input_file_ref idref="fl-df"/>
      </object_component>
      <object_component id="oc-cb">
         <name>.debug_info</name>
         <load_address>0x164cc</load_address>
         <run_address>0x164cc</run_address>
         <size>0x161</size>
         <input_file_ref idref="fl-e0"/>
      </object_component>
      <object_component id="oc-2cf">
         <name>.debug_info</name>
         <load_address>0x1662d</load_address>
         <run_address>0x1662d</run_address>
         <size>0x230</size>
         <input_file_ref idref="fl-e1"/>
      </object_component>
      <object_component id="oc-2cc">
         <name>.debug_info</name>
         <load_address>0x1685d</load_address>
         <run_address>0x1685d</run_address>
         <size>0x15b</size>
         <input_file_ref idref="fl-e1"/>
      </object_component>
      <object_component id="oc-23b">
         <name>.debug_info</name>
         <load_address>0x169b8</load_address>
         <run_address>0x169b8</run_address>
         <size>0x2a3</size>
         <input_file_ref idref="fl-e1"/>
      </object_component>
      <object_component id="oc-2d3">
         <name>.debug_info</name>
         <load_address>0x16c5b</load_address>
         <run_address>0x16c5b</run_address>
         <size>0x2b3</size>
         <input_file_ref idref="fl-e1"/>
      </object_component>
      <object_component id="oc-22f">
         <name>.debug_info</name>
         <load_address>0x16f0e</load_address>
         <run_address>0x16f0e</run_address>
         <size>0x316</size>
         <input_file_ref idref="fl-e1"/>
      </object_component>
      <object_component id="oc-1e3">
         <name>.debug_info</name>
         <load_address>0x17224</load_address>
         <run_address>0x17224</run_address>
         <size>0x27b</size>
         <input_file_ref idref="fl-e1"/>
      </object_component>
      <object_component id="oc-311">
         <name>.debug_info</name>
         <load_address>0x1749f</load_address>
         <run_address>0x1749f</run_address>
         <size>0x27f</size>
         <input_file_ref idref="fl-e1"/>
      </object_component>
      <object_component id="oc-317">
         <name>.debug_info</name>
         <load_address>0x1771e</load_address>
         <run_address>0x1771e</run_address>
         <size>0x279</size>
         <input_file_ref idref="fl-e1"/>
      </object_component>
[...]
      </symbol>
      <symbol id="sm-4e9">
         <name>xTimerGenericCommand</name>
         <value>0x235b</value>
         <object_component_ref idref="oc-f6"/>
      </symbol>
      <symbol id="sm-4ea">
         <name>pvTimerGetTimerID</name>
         <value>0x27b5</value>
         <object_component_ref idref="oc-f6"/>
      </symbol>
      <symbol id="sm-4eb">
         <name>vTimerSetTimerID</name>
         <value>0x27cf</value>
         <object_component_ref idref="oc-f6"/>
      </symbol>
      <symbol id="sm-51c">
         <name>ulMaxSyscallInterruptPriority</name>
         <value>0x51c4</value>
         <object_component_ref idref="oc-8f"/>
      </symbol>
      <symbol id="sm-51d">
         <name>vPortSetupTimerInterrupt</name>
         <value>0x36fb</value>
         <object_component_ref idref="oc-39"/>
      </symbol>
      <symbol id="sm-51e">
         <name>vPortEndScheduler</name>
         <value>0x3695</value>
         <object_component_ref idref="oc-39"/>
      </symbol>
      <symbol id="sm-51f">
         <name>xPortSysTickCount</name>
         <value>0x2000d24c</value>
         <object_component_ref idref="oc-99"/>
      </symbol>
      <symbol id="sm-520">
         <name>xPortSysTickHandler</name>
         <value>0x36cd</value>
         <object_component_ref idref="oc-39"/>
      </symbol>
      <symbol id="sm-521">
         <name>pxPortInitialiseStack</name>
         <value>0x35f9</value>
         <object_component_ref idref="oc-39"/>
      </symbol>
      <symbol id="sm-522">
         <name>vPortExitCritical</name>
         <value>0x36b7</value>
         <object_component_ref idref="oc-39"/>
      </symbol>
      <symbol id="sm-523">
         <name>xPortStartScheduler</name>
         <value>0x365f</value>
         <object_component_ref idref="oc-39"/>
      </symbol>
      <symbol id="sm-524">
         <name>vPortEnterCritical</name>
         <value>0x3697</value>
         <object_component_ref idref="oc-39"/>
      </symbol>
      <symbol id="sm-533">
         <name>vPortStartFirstTask</name>
         <value>0x3d05</value>
         <object_component_ref idref="oc-34"/>
      </symbol>
      <symbol id="sm-534">
         <name>ulPortGetIPSR</name>
         <value>0x3c6d</value>
         <object_component_ref idref="oc-34"/>
      </symbol>
      <symbol id="sm-535">
         <name>vPortEnableVFP</name>
         <value>0x3d21</value>
         <object_component_ref idref="oc-34"/>
      </symbol>
      <symbol id="sm-536">
         <name>xPortPendSVHandler</name>
         <value>0x3c85</value>
         <object_component_ref idref="oc-34"/>
      </symbol>
      <symbol id="sm-537">
         <name>vPortSVCHandler</name>
         <value>0x3ce5</value>
         <object_component_ref idref="oc-34"/>
      </symbol>
      <symbol id="sm-568">
         <name>fMagneto</name>
         <value>0x2000c998</value>
      </symbol>
      <symbol id="sm-569">
         <name>sMPU9150</name>
         <value>0x2000c7e4</value>
      </symbol>
      <symbol id="sm-56a">
         <name>g_bMPU9150Done</name>
         <value>0x2000c9c4</value>
      </symbol>
      <symbol id="sm-56b">
         <name>magnetometerReport</name>
         <value>0x2000c8f4</value>
      </symbol>
      <symbol id="sm-56c">
         <name>MagnetometerInit</name>
         <value>0x3045</value>
         <object_component_ref idref="oc-157"/>
      </symbol>
      <symbol id="sm-56d">
         <name>MPU9150Callback1</name>
         <value>0x3085</value>
         <object_component_ref idref="oc-157"/>
      </symbol>
      <symbol id="sm-56e">
         <name>Task_Magnetometer</name>
         <value>0x309f</value>
         <object_component_ref idref="oc-157"/>
      </symbol>
      <symbol id="sm-57f">
         <name>Task_Blink_LED_D1</name>
         <value>0x47a5</value>
         <object_component_ref idref="oc-14b"/>
      </symbol>
      <symbol id="sm-5b9">
         <name>I2C7_Instance</name>
         <value>0x2000c5c0</value>
      </symbol>
      <symbol id="sm-5ba">
         <name>I2C7_Interrupts_Nbr</name>
         <value>0x2000d1f8</value>
         <object_component_ref idref="oc-26a"/>
      </symbol>
      <symbol id="sm-5bb">
         <name>I2C7_Initialization</name>
         <value>0x34f1</value>
         <object_component_ref idref="oc-24f"/>
      </symbol>
      <symbol id="sm-5bc">
         <name>I2C7_Callbacks_Nbr</name>
         <value>0x2000d1fc</value>
         <object_component_ref idref="oc-26a"/>
      </symbol>
      <symbol id="sm-5bd">
         <name>Task_I2C7_Handler</name>
         <value>0x3577</value>
         <object_component_ref idref="oc-24f"/>
      </symbol>
      <symbol id="sm-5be">
         <name>I2C7_Status</name>
         <value>0x2000d208</value>
         <object_component_ref idref="oc-26a"/>
      </symbol>
      <symbol id="sm-5bf">
         <name>I2C7_SimpleDone</name>
         <value>0x2000d210</value>
         <object_component_ref idref="oc-26a"/>
      </symbol>
      <symbol id="sm-5c0">
         <name>I2C7_Instance_Ref</name>
         <value>0x2000d200</value>
         <object_component_ref idref="oc-26a"/>
      </symbol>
      <symbol id="sm-5c1">
         <name>I2C7_HWStatus</name>
         <value>0x2000d20c</value>
         <object_component_ref idref="oc-26a"/>
      </symbol>
      <symbol id="sm-5c2">
         <name>I2CMSimpleCallback</name>
         <value>0x34cf</value>
         <object_component_ref idref="oc-24f"/>
      </symbol>
      <symbol id="sm-5c3">
         <name>I2C7WriteData</name>
         <value>0x2000d238</value>
         <object_component_ref idref="oc-329"/>
      </symbol>
      <symbol id="sm-5c4">
         <name>I2C7_Initialized</name>
         <value>0x2000d204</value>
         <object_component_ref idref="oc-26a"/>
      </symbol>
      <symbol id="sm-5c5">
         <name>I2C7_IntServiceRoutine</name>
         <value>0x34bd</value>
         <object_component_ref idref="oc-24f"/>
      </symbol>
      <symbol id="sm-5e1">
         <name>ReportData_Queue</name>
         <value>0x2000d260</value>
         <object_component_ref idref="oc-23f"/>
      </symbol>
      <symbol id="sm-5e2">
         <name>Task_ReportData</name>
         <value>0x3d31</value>
         <object_component_ref idref="oc-151"/>
      </symbol>
      <symbol id="sm-602">
         <name>task_done</name>
         <value>0x2000c9c5</value>
      </symbol>
      <symbol id="sm-603">
         <name>MPU9150Callback</name>
         <value>0x33cd</value>
         <object_component_ref idref="oc-15d"/>
      </symbol>
      <symbol id="sm-604">
         <name>Task_gyro</name>
         <value>0x33df</value>
         <object_component_ref idref="oc-15d"/>
      </symbol>
      <symbol id="sm-605">
         <name>GyroInit</name>
         <value>0x3371</value>
         <object_component_ref idref="oc-15d"/>
      </symbol>
      <symbol id="sm-616">
         <name>_c_int00</name>
         <value>0x46ad</value>
         <object_component_ref idref="oc-24"/>
      </symbol>
      <symbol id="sm-617">
         <name>__stack</name>
         <value>0x2000c9c8</value>
         <object_component_ref idref="oc-2a"/>
      </symbol>
      <symbol id="sm-62e">
         <name>__TI_decompress_none</name>
         <value>0x4d9f</value>
         <object_component_ref idref="oc-12"/>
      </symbol>
      <symbol id="sm-656">
         <name>__TI_decompress_rle24</name>
         <value>0x4e0d</value>
         <object_component_ref idref="oc-18"/>
      </symbol>
      <symbol id="sm-678">
         <name>C$$EXIT</name>
         <value>0x4701</value>
         <object_component_ref idref="oc-7f"/>
      </symbol>
      <symbol id="sm-679">
         <name>abort</name>
         <value>0x4705</value>
         <object_component_ref idref="oc-7f"/>
      </symbol>
      <symbol id="sm-67a">
         <name>exit</name>
         <value>0x470d</value>
         <object_component_ref idref="oc-7f"/>
      </symbol>
      <symbol id="sm-67b">
         <name>__TI_dtors_ptr</name>
         <value>0x2000d228</value>
         <object_component_ref idref="oc-da"/>
      </symbol>
      <symbol id="sm-67c">
         <name>__TI_cleanup_ptr</name>
         <value>0x2000d224</value>
         <object_component_ref idref="oc-da"/>
      </symbol>
      <symbol id="sm-67d">
         <name>__TI_enable_exit_profile_output</name>
         <value>0x2000d22c</value>
         <object_component_ref idref="oc-da"/>
      </symbol>
      <symbol id="sm-698">
         <name>memcpy</name>
         <value>0x3e89</value>
         <object_component_ref idref="oc-42"/>
      </symbol>
      <symbol id="sm-699">
         <name>__aeabi_memcpy</name>
         <value>0x3e89</value>
         <object_component_ref idref="oc-42"/>
      </symbol>
      <symbol id="sm-69a">
         <name>__aeabi_memcpy8</name>
         <value>0x3e89</value>
         <object_component_ref idref="oc-42"/>
      </symbol>
      <symbol id="sm-69b">
         <name>__aeabi_memcpy4</name>
         <value>0x3e89</value>
         <object_component_ref idref="oc-42"/>
      </symbol>
      <symbol id="sm-6aa">
         <name>__aeabi_memset</name>
         <value>0x415b</value>
         <object_component_ref idref="oc-5b"/>
      </symbol>
      <symbol id="sm-6ab">
         <name>memset</name>
         <value>0x4161</value>
         <object_component_ref idref="oc-5b"/>
      </symbol>
      <symbol id="sm-6ac">
         <name>__aeabi_memset8</name>
         <value>0x415b</value>
         <object_component_ref idref="oc-5b"/>
      </symbol>
      <symbol id="sm-6ad">
         <name>__aeabi_memset4</name>
         <value>0x415b</value>
         <object_component_ref idref="oc-5b"/>
      </symbol>
      <symbol id="sm-6ae">
         <name>__aeabi_memclr8</name>
         <value>0x4159</value>
         <object_component_ref idref="oc-5b"/>
      </symbol>
      <symbol id="sm-6af">
         <name>__aeabi_memclr4</name>
         <value>0x4159</value>
         <object_component_ref idref="oc-5b"/>
      </symbol>
      <symbol id="sm-6b0">
         <name>__aeabi_memclr</name>
         <value>0x4159</value>
         <object_component_ref idref="oc-5b"/>
      </symbol>
      <symbol id="sm-6ba">
         <name>__mpu_init</name>
         <value>0x3d2f</value>
         <object_component_ref idref="oc-67"/>
      </symbol>
      <symbol id="sm-6c4">
         <name>_system_pre_init</name>
         <value>0x4e1f</value>
         <object_component_ref idref="oc-6d"/>
      </symbol>
      <symbol id="sm-6cc">
         <name>main_func_sp</name>
         <value>0x2000d264</value>
         <object_component_ref idref="oc-85"/>
      </symbol>
      <symbol id="sm-6db">
         <name>__aeabi_uidivmod</name>
         <value>0x4a7d</value>
         <object_component_ref idref="oc-216"/>
      </symbol>
      <symbol id="sm-6dc">
         <name>__aeabi_uidiv</name>
         <value>0x4a7d</value>
         <object_component_ref idref="oc-216"/>
      </symbol>
      <symbol id="sm-6f5">
         <name>_nop</name>
         <value>0x4d63</value>
         <object_component_ref idref="oc-16d"/>
      </symbol>
      <symbol id="sm-6f6">
         <name>_lock</name>
         <value>0x2000d230</value>
         <object_component_ref idref="oc-dd"/>
      </symbol>
      <symbol id="sm-6f7">
         <name>_unlock</name>
         <value>0x2000d234</value>
         <object_component_ref idref="oc-dd"/>
      </symbol>
      <symbol id="sm-6f8">
         <name>_register_lock</name>
         <value>0x4d5b</value>
         <object_component_ref idref="oc-16d"/>
      </symbol>
      <symbol id="sm-6f9">
         <name>_register_unlock</name>
         <value>0x4d55</value>
         <object_component_ref idref="oc-16d"/>
      </symbol>
      <symbol id="sm-70d">
         <name>_args_main</name>
         <value>0x4d29</value>
         <object_component_ref idref="oc-79"/>
      </symbol>
      <symbol id="sm-732">
         <name>__TI_auto_init</name>
         <value>0x424d</value>
         <object_component_ref idref="oc-73"/>
      </symbol>
      <symbol id="sm-74c">
         <name>copy_in</name>
         <value>0x4841</value>
         <object_component_ref idref="oc-c4"/>
      </symbol>
      <symbol id="sm-756">
         <name>__aeabi_idiv0</name>
         <value>0x3b77</value>
         <object_component_ref idref="oc-2ec"/>
      </symbol>
      <symbol id="sm-760">
         <name>_system_post_cinit</name>
         <value>0x41d3</value>
         <object_component_ref idref="oc-ca"/>
      </symbol>
      <symbol id="sm-7ba">
         <name>GPIOPinConfigure</name>
         <value>0x48d9</value>
         <object_component_ref idref="oc-1d9"/>
      </symbol>
      <symbol id="sm-7bb">
         <name>GPIOPinTypeI2CSCL</name>
         <value>0x4d7b</value>
         <object_component_ref idref="oc-30d"/>
      </symbol>
      <symbol id="sm-7bc">
         <name>GPIOPinTypeI2C</name>
         <value>0x4d69</value>
         <object_component_ref idref="oc-313"/>
      </symbol>
      <symbol id="sm-7bd">
         <name>GPIOPinTypeUART</name>
         <value>0x4d8d</value>
         <object_component_ref idref="oc-1df"/>
      </symbol>
      <symbol id="sm-7be">
         <name>GPIOPinTypeGPIOOutput</name>
         <value>0x4d0f</value>
         <object_component_ref idref="oc-225"/>
      </symbol>
      <symbol id="sm-7bf">
         <name>GPIOPinRead</name>
         <value>0x4dfb</value>
         <object_component_ref idref="oc-231"/>
      </symbol>
      <symbol id="sm-7c0">
         <name>GPIODirModeSet</name>
         <value>0x4c41</value>
         <object_component_ref idref="oc-2d0"/>
      </symbol>
      <symbol id="sm-7c1">
         <name>GPIOPinWrite</name>
         <value>0x4e01</value>
         <object_component_ref idref="oc-237"/>
      </symbol>
      <symbol id="sm-7c2">
         <name>GPIOPadConfigSet</name>
         <value>0x372d</value>
         <object_component_ref idref="oc-22b"/>
      </symbol>
      <symbol id="sm-829">
         <name>IntIsEnabled</name>
         <value>0x44d5</value>
         <object_component_ref idref="oc-3ff"/>
      </symbol>
      <symbol id="sm-82a">
         <name>IntEnable</name>
         <value>0x446d</value>
         <object_component_ref idref="oc-3ee"/>
      </symbol>
      <symbol id="sm-82b">
         <name>IntTrigger</name>
         <value>0x4db9</value>
         <object_component_ref idref="oc-40b"/>
      </symbol>
      <symbol id="sm-82c">
         <name>IntDisable</name>
         <value>0x4405</value>
         <object_component_ref idref="oc-405"/>
      </symbol>
      <symbol id="sm-82d">
         <name>IntRegister</name>
         <value>0x4bd9</value>
         <object_component_ref idref="oc-249"/>
      </symbol>
      <symbol id="sm-82e">
         <name>g_pfnRAMVectors</name>
         <value>0x20000000</value>
         <object_component_ref idref="oc-302"/>
      </symbol>
      <symbol id="sm-8a6">
         <name>SysCtlPeripheralPresent</name>
         <value>0x4afd</value>
         <object_component_ref idref="oc-1ef"/>
      </symbol>
      <symbol id="sm-8a7">
         <name>SysCtlPeripheralEnable</name>
         <value>0x4c0d</value>
         <object_component_ref idref="oc-1d3"/>
      </symbol>
      <symbol id="sm-8a8">
         <name>SysCtlClockFreqSet</name>
         <value>0x2ca1</value>
         <object_component_ref idref="oc-1cd"/>
      </symbol>
      <symbol id="sm-8e3">
         <name>UARTConfigSetExpClk</name>
         <value>0x49b1</value>
         <object_component_ref idref="oc-1f5"/>
      </symbol>
      <symbol id="sm-8e4">
         <name>UARTDisable</name>
         <value>0x4cb5</value>
         <object_component_ref idref="oc-2dc"/>
      </symbol>
      <symbol id="sm-8e5">
         <name>UARTClockSourceSet</name>
         <value>0x4e07</value>
         <object_component_ref idref="oc-1e5"/>
      </symbol>
      <symbol id="sm-8e6">
         <name>UARTCharPut</name>
         <value>0x4dd9</value>
         <object_component_ref idref="oc-201"/>
      </symbol>
      <symbol id="sm-8e7">
         <name>UARTEnable</name>
         <value>0x4d41</value>
         <object_component_ref idref="oc-1fb"/>
      </symbol>
      <symbol id="sm-8e8">
         <name>UARTCharGet</name>
         <value>0x4dcf</value>
         <object_component_ref idref="oc-207"/>
      </symbol>
      <symbol id="sm-9ba">
         <name>I2CMCommand</name>
         <value>0x4055</value>
         <object_component_ref idref="oc-32d"/>
      </symbol>
      <symbol id="sm-9bb">
         <name>I2CMInit</name>
         <value>0x4ba3</value>
         <object_component_ref idref="oc-319"/>
      </symbol>
      <symbol id="sm-9bc">
         <name>I2CMReadModifyWrite8</name>
         <value>0x41d5</value>
         <object_component_ref idref="oc-354"/>
      </symbol>
      <symbol id="sm-9bd">
         <name>I2CMIntHandler</name>
         <value>0x3a85</value>
         <object_component_ref idref="oc-307"/>
      </symbol>
      <symbol id="sm-a29">
         <name>MPU9150DataMagnetoGetFloat</name>
         <value>0x3ded</value>
         <object_component_ref idref="oc-261"/>
      </symbol>
      <symbol id="sm-a2a">
         <name>MPU9150Init</name>
         <value>0x432d</value>
         <object_component_ref idref="oc-255"/>
      </symbol>
      <symbol id="sm-a2b">
         <name>MPU9150DataRead</name>
         <value>0x4599</value>
         <object_component_ref idref="oc-25b"/>
      </symbol>
      <symbol id="sm-a2c">
         <name>MPU9150ReadModifyWrite</name>
         <value>0x4659</value>
         <object_component_ref idref="oc-276"/>
      </symbol>
      <symbol id="sm-a2d">
         <name>MPU9150DataGyroGetFloat</name>
         <value>0x40dd</value>
         <object_component_ref idref="oc-27c"/>
      </symbol>
      <symbol id="sm-a38">
         <name>__aeabi_dmul</name>
         <value>0x3989</value>
         <object_component_ref idref="oc-341"/>
      </symbol>
      <symbol id="sm-a44">
         <name>__aeabi_d2f</name>
         <value>0x42bd</value>
         <object_component_ref idref="oc-346"/>
      </symbol>
      <symbol id="sm-a4f">
         <name>__aeabi_f2d</name>
         <value>0x4b35</value>
         <object_component_ref idref="oc-33c"/>
      </symbol>
      <symbol id="sm-a98">
         <name>I2CMasterDataPut</name>
         <value>0x4e1b</value>
         <object_component_ref idref="oc-439"/>
      </symbol>
      <symbol id="sm-a99">
         <name>I2CMasterInitExpClk</name>
         <value>0x47f5</value>
         <object_component_ref idref="oc-3e8"/>
      </symbol>
      <symbol id="sm-a9a">
         <name>I2CMasterSlaveAddrSet</name>
         <value>0x4df3</value>
         <object_component_ref idref="oc-431"/>
      </symbol>
      <symbol id="sm-a9b">
         <name>I2CMasterDataGet</name>
         <value>0x4e17</value>
         <object_component_ref idref="oc-427"/>
      </symbol>
      <symbol id="sm-a9c">
         <name>I2CMasterIntEnableEx</name>
         <value>0x4deb</value>
         <object_component_ref idref="oc-3f4"/>
      </symbol>
      <symbol id="sm-a9d">
         <name>I2CMasterControl</name>
         <value>0x4e13</value>
         <object_component_ref idref="oc-39c"/>
      </symbol>
      <symbol id="sm-a9e">
         <name>I2CMasterEnable</name>
         <value>0x4dc5</value>
         <object_component_ref idref="oc-445"/>
      </symbol>
      <symbol id="sm-a9f">
         <name>I2CMasterIntClear</name>
         <value>0x4de3</value>
         <object_component_ref idref="oc-396"/>
      </symbol>
      <symbol id="sm-aa0">
         <name>__TI_static_base__</name>
         <value>0x0</value>
      </symbol>
      <symbol id="sm-aa3">
         <name>SHT$$INIT_ARRAY$$Limit</name>
         <value>0x0</value>
      </symbol>
      <symbol id="sm-aa4">
         <name>SHT$$INIT_ARRAY$$Base</name>
         <value>0x0</value>
      </symbol>
   </symbol_table>
   <title>Link successful</title>
</link_info>
