<?xml version="1.0"?>
<link_info>
   <banner>TI ARM Linker PC v15.12.1.LTS</banner>
   <copyright>Copyright (c) 1996-2015 Texas Instruments Incorporated</copyright>
   <link_time>0x580666f1</link_time>
   <link_errors>0x0</link_errors>
   <output_file>Proj2_Magnetometer.out</output_file>
   <entry_point>
      <name>_c_int00</name>
      <address>0x4391</address>
   </entry_point>
   <input_file_list>
      <input_file id="fl-2">
         <path>.\</path>
         <kind>object</kind>
         <file>FreeRTOS_TM4C1294_Base_Startup.obj</file>
         <name>FreeRTOS_TM4C1294_Base_Startup.obj</name>
      </input_file>
      <input_file id="fl-3">
         <path>.\</path>
         <kind>object</kind>
         <file>Main_Base.obj</file>
         <name>Main_Base.obj</name>
      </input_file>
      <input_file id="fl-4">
         <path>.\</path>
         <kind>object</kind>
         <file>heap_2.obj</file>
         <name>heap_2.obj</name>
      </input_file>
      <input_file id="fl-5">
         <path>.\Drivers\</path>
         <kind>object</kind>
         <file>Processor_Initialization_TM4C1294.obj</file>
         <name>Processor_Initialization_TM4C1294.obj</name>
      </input_file>
      <input_file id="fl-6">
         <path>.\Drivers\</path>
         <kind>object</kind>
         <file>uartstdio.obj</file>
         <name>uartstdio.obj</name>
      </input_file>
      <input_file id="fl-7">
         <path>.\Source\</path>
         <kind>object</kind>
         <file>croutine.obj</file>
         <name>croutine.obj</name>
      </input_file>
      <input_file id="fl-8">
         <path>.\Source\</path>
         <kind>object</kind>
         <file>event_groups.obj</file>
         <name>event_groups.obj</name>
      </input_file>
      <input_file id="fl-9">
         <path>.\Source\</path>
         <kind>object</kind>
         <file>list.obj</file>
         <name>list.obj</name>
      </input_file>
      <input_file id="fl-a">
         <path>.\Source\</path>
         <kind>object</kind>
         <file>queue.obj</file>
         <name>queue.obj</name>
      </input_file>
      <input_file id="fl-b">
         <path>.\Source\</path>
         <kind>object</kind>
         <file>tasks.obj</file>
         <name>tasks.obj</name>
      </input_file>
      <input_file id="fl-c">
         <path>.\Source\</path>
         <kind>object</kind>
         <file>timers.obj</file>
         <name>timers.obj</name>
      </input_file>
      <input_file id="fl-d">
         <path>.\Source\portable\CCS\ARM_CM4F\</path>
         <kind>object</kind>
         <file>port.obj</file>
         <name>port.obj</name>
      </input_file>
      <input_file id="fl-e">
         <path>.\Source\portable\CCS\ARM_CM4F\</path>
         <kind>object</kind>
         <file>portasm.obj</file>
         <name>portasm.obj</name>
      </input_file>
      <input_file id="fl-f">
         <path>.\Tasks\</path>
         <kind>object</kind>
         <file>Magnetometer.obj</file>
         <name>Magnetometer.obj</name>
      </input_file>
      <input_file id="fl-10">
         <path>.\Tasks\</path>
         <kind>object</kind>
         <file>Task_Blinky.obj</file>
         <name>Task_Blinky.obj</name>
      </input_file>
      <input_file id="fl-11">
         <path>.\Tasks\</path>
         <kind>object</kind>
         <file>Task_I2C7_Handler.obj</file>
         <name>Task_I2C7_Handler.obj</name>
      </input_file>
      <input_file id="fl-12">
         <path>.\Tasks\</path>
         <kind>object</kind>
         <file>Task_ReportData.obj</file>
         <name>Task_ReportData.obj</name>
      </input_file>
      <input_file id="fl-13">
         <path>.\Tasks\</path>
         <kind>object</kind>
         <file>Task_ReportTime.obj</file>
         <name>Task_ReportTime.obj</name>
      </input_file>
      <input_file id="fl-cf">
         <path>C:\TI_CodeComposer\ccsv6\tools\compiler\ti-cgt-arm_15.12.1.LTS\lib\</path>
         <kind>archive</kind>
         <file>rtsv7M4_T_le_v4SPD16_eabi.lib</file>
         <name>boot.obj</name>
      </input_file>
      <input_file id="fl-d0">
         <path>C:\TI_CodeComposer\ccsv6\tools\compiler\ti-cgt-arm_15.12.1.LTS\lib\</path>
         <kind>archive</kind>
         <file>rtsv7M4_T_le_v4SPD16_eabi.lib</file>
         <name>copy_decompress_none.obj</name>
      </input_file>
      <input_file id="fl-d1">
         <path>C:\TI_CodeComposer\ccsv6\tools\compiler\ti-cgt-arm_15.12.1.LTS\lib\</path>
         <kind>archive</kind>
         <file>rtsv7M4_T_le_v4SPD16_eabi.lib</file>
         <name>copy_decompress_rle.obj</name>
      </input_file>
      <input_file id="fl-d2">
         <path>C:\TI_CodeComposer\ccsv6\tools\compiler\ti-cgt-arm_15.12.1.LTS\lib\</path>
         <kind>archive</kind>
         <file>rtsv7M4_T_le_v4SPD16_eabi.lib</file>
         <name>copy_zero_init.obj</name>
      </input_file>
      <input_file id="fl-d3">
         <path>C:\TI_CodeComposer\ccsv6\tools\compiler\ti-cgt-arm_15.12.1.LTS\lib\</path>
         <kind>archive</kind>
         <file>rtsv7M4_T_le_v4SPD16_eabi.lib</file>
         <name>exit.obj</name>
      </input_file>
      <input_file id="fl-d4">
         <path>C:\TI_CodeComposer\ccsv6\tools\compiler\ti-cgt-arm_15.12.1.LTS\lib\</path>
         <kind>archive</kind>
         <file>rtsv7M4_T_le_v4SPD16_eabi.lib</file>
         <name>memcpy_t2.obj</name>
      </input_file>
      <input_file id="fl-d5">
         <path>C:\TI_CodeComposer\ccsv6\tools\compiler\ti-cgt-arm_15.12.1.LTS\lib\</path>
         <kind>archive</kind>
         <file>rtsv7M4_T_le_v4SPD16_eabi.lib</file>
         <name>memset_t2.obj</name>
      </input_file>
      <input_file id="fl-d6">
         <path>C:\TI_CodeComposer\ccsv6\tools\compiler\ti-cgt-arm_15.12.1.LTS\lib\</path>
         <kind>archive</kind>
         <file>rtsv7M4_T_le_v4SPD16_eabi.lib</file>
         <name>mpu_init.obj</name>
      </input_file>
      <input_file id="fl-d7">
         <path>C:\TI_CodeComposer\ccsv6\tools\compiler\ti-cgt-arm_15.12.1.LTS\lib\</path>
         <kind>archive</kind>
         <file>rtsv7M4_T_le_v4SPD16_eabi.lib</file>
         <name>pre_init.obj</name>
      </input_file>
      <input_file id="fl-d8">
         <path>C:\TI_CodeComposer\ccsv6\tools\compiler\ti-cgt-arm_15.12.1.LTS\lib\</path>
         <kind>archive</kind>
         <file>rtsv7M4_T_le_v4SPD16_eabi.lib</file>
         <name>stkdepth_vars.obj</name>
      </input_file>
      <input_file id="fl-d9">
         <path>C:\TI_CodeComposer\ccsv6\tools\compiler\ti-cgt-arm_15.12.1.LTS\lib\</path>
         <kind>archive</kind>
         <file>rtsv7M4_T_le_v4SPD16_eabi.lib</file>
         <name>u_divt2.obj</name>
      </input_file>
      <input_file id="fl-da">
         <path>C:\TI_CodeComposer\ccsv6\tools\compiler\ti-cgt-arm_15.12.1.LTS\lib\</path>
         <kind>archive</kind>
         <file>rtsv7M4_T_le_v4SPD16_eabi.lib</file>
         <name>_lock.obj</name>
      </input_file>
      <input_file id="fl-db">
         <path>C:\TI_CodeComposer\ccsv6\tools\compiler\ti-cgt-arm_15.12.1.LTS\lib\</path>
         <kind>archive</kind>
         <file>rtsv7M4_T_le_v4SPD16_eabi.lib</file>
         <name>args_main.obj</name>
      </input_file>
      <input_file id="fl-dc">
         <path>C:\TI_CodeComposer\ccsv6\tools\compiler\ti-cgt-arm_15.12.1.LTS\lib\</path>
         <kind>archive</kind>
         <file>rtsv7M4_T_le_v4SPD16_eabi.lib</file>
         <name>autoinit.obj</name>
      </input_file>
      <input_file id="fl-dd">
         <path>C:\TI_CodeComposer\ccsv6\tools\compiler\ti-cgt-arm_15.12.1.LTS\lib\</path>
         <kind>archive</kind>
         <file>rtsv7M4_T_le_v4SPD16_eabi.lib</file>
         <name>cpy_tbl.obj</name>
      </input_file>
      <input_file id="fl-de">
         <path>C:\TI_CodeComposer\ccsv6\tools\compiler\ti-cgt-arm_15.12.1.LTS\lib\</path>
         <kind>archive</kind>
         <file>rtsv7M4_T_le_v4SPD16_eabi.lib</file>
         <name>i_div0.obj</name>
      </input_file>
      <input_file id="fl-df">
         <path>C:\TI_CodeComposer\ccsv6\tools\compiler\ti-cgt-arm_15.12.1.LTS\lib\</path>
         <kind>archive</kind>
         <file>rtsv7M4_T_le_v4SPD16_eabi.lib</file>
         <name>startup.obj</name>
      </input_file>
      <input_file id="fl-e0">
         <path>C:\TI_CodeComposer\TivaWare\driverlib\ccs\Debug\</path>
         <kind>archive</kind>
         <file>driverlib.lib</file>
         <name>gpio.obj</name>
      </input_file>
      <input_file id="fl-e1">
         <path>C:\TI_CodeComposer\TivaWare\driverlib\ccs\Debug\</path>
         <kind>archive</kind>
         <file>driverlib.lib</file>
         <name>interrupt.obj</name>
      </input_file>
      <input_file id="fl-e2">
         <path>C:\TI_CodeComposer\TivaWare\driverlib\ccs\Debug\</path>
         <kind>archive</kind>
         <file>driverlib.lib</file>
         <name>sysctl.obj</name>
      </input_file>
      <input_file id="fl-e3">
         <path>C:\TI_CodeComposer\TivaWare\driverlib\ccs\Debug\</path>
         <kind>archive</kind>
         <file>driverlib.lib</file>
         <name>uart.obj</name>
      </input_file>
      <input_file id="fl-e4">
         <path>C:\TI_CodeComposer\TivaWare\driverlib\ccs\Debug\</path>
         <kind>archive</kind>
         <file>driverlib.lib</file>
         <name>cpu.obj</name>
      </input_file>
      <input_file id="fl-e5">
         <path>C:\TI_CodeComposer\TivaWare\sensorlib\ccs\Debug\</path>
         <kind>archive</kind>
         <file>sensorlib.lib</file>
         <name>i2cm_drv.obj</name>
      </input_file>
      <input_file id="fl-e6">
         <path>C:\TI_CodeComposer\TivaWare\sensorlib\ccs\Debug\</path>
         <kind>archive</kind>
         <file>sensorlib.lib</file>
         <name>mpu9150.obj</name>
      </input_file>
      <input_file id="fl-e7">
         <path>C:\TI_CodeComposer\ccsv6\tools\compiler\ti-cgt-arm_15.12.1.LTS\lib\</path>
         <kind>archive</kind>
         <file>rtsv7M4_T_le_v4SPD16_eabi.lib</file>
         <name>fd_mul_t2.obj</name>
      </input_file>
      <input_file id="fl-e8">
         <path>C:\TI_CodeComposer\ccsv6\tools\compiler\ti-cgt-arm_15.12.1.LTS\lib\</path>
         <kind>archive</kind>
         <file>rtsv7M4_T_le_v4SPD16_eabi.lib</file>
         <name>fd_tos_t2.obj</name>
      </input_file>
      <input_file id="fl-e9">
         <path>C:\TI_CodeComposer\ccsv6\tools\compiler\ti-cgt-arm_15.12.1.LTS\lib\</path>
         <kind>archive</kind>
         <file>rtsv7M4_T_le_v4SPD16_eabi.lib</file>
         <name>fs_tod_t2.obj</name>
      </input_file>
      <input_file id="fl-ea">
         <path>C:\TI_CodeComposer\TivaWare\driverlib\ccs\Debug\</path>
         <kind>archive</kind>
         <file>driverlib.lib</file>
         <name>i2c.obj</name>
      </input_file>
   </input_file_list>
   <object_component_list>
      <object_component id="oc-f">
         <name>.intvecs</name>
         <load_address>0x0</load_address>
         <run_address>0x0</run_address>
         <size>0x200</size>
         <input_file_ref idref="fl-2"/>
      </object_component>
      <object_component id="oc-92">
         <name>.text</name>
         <load_address>0x200</load_address>
         <run_address>0x200</run_address>
         <size>0x1720</size>
         <input_file_ref idref="fl-b"/>
      </object_component>
      <object_component id="oc-185">
         <name>.text</name>
         <load_address>0x1920</load_address>
         <run_address>0x1920</run_address>
         <size>0x9ac</size>
         <input_file_ref idref="fl-a"/>
      </object_component>
      <object_component id="oc-f6">
         <name>.text</name>
         <load_address>0x22cc</load_address>
         <run_address>0x22cc</run_address>
         <size>0x538</size>
         <input_file_ref idref="fl-c"/>
      </object_component>
      <object_component id="oc-145">
         <name>.text</name>
         <load_address>0x2804</load_address>
         <run_address>0x2804</run_address>
         <size>0x49c</size>
         <input_file_ref idref="fl-6"/>
      </object_component>
      <object_component id="oc-1c2">
         <name>.text:SysCtlClockFreqSet</name>
         <load_address>0x2ca0</load_address>
         <run_address>0x2ca0</run_address>
         <size>0x1ec</size>
         <input_file_ref idref="fl-e2"/>
      </object_component>
      <object_component id="oc-105">
         <name>.text</name>
         <load_address>0x2e8c</load_address>
         <run_address>0x2e8c</run_address>
         <size>0x1b8</size>
         <input_file_ref idref="fl-4"/>
      </object_component>
      <object_component id="oc-157">
         <name>.text</name>
         <load_address>0x3044</load_address>
         <run_address>0x3044</run_address>
         <size>0x198</size>
         <input_file_ref idref="fl-f"/>
      </object_component>
      <object_component id="oc-313">
         <name>.text:MPU9150Callback</name>
         <load_address>0x31dc</load_address>
         <run_address>0x31dc</run_address>
         <size>0x194</size>
         <input_file_ref idref="fl-e6"/>
      </object_component>
      <object_component id="oc-244">
         <name>.text</name>
         <load_address>0x3370</load_address>
         <run_address>0x3370</run_address>
         <size>0x13c</size>
         <input_file_ref idref="fl-11"/>
      </object_component>
      <object_component id="oc-39">
         <name>.text</name>
         <load_address>0x34ac</load_address>
         <run_address>0x34ac</run_address>
         <size>0x134</size>
         <input_file_ref idref="fl-d"/>
      </object_component>
      <object_component id="oc-220">
         <name>.text:GPIOPadConfigSet</name>
         <load_address>0x35e0</load_address>
         <run_address>0x35e0</run_address>
         <size>0x132</size>
         <input_file_ref idref="fl-e0"/>
      </object_component>
      <object_component id="oc-ea">
         <name>.text</name>
         <load_address>0x3712</load_address>
         <run_address>0x3712</run_address>
         <size>0x12a</size>
         <input_file_ref idref="fl-9"/>
      </object_component>
      <object_component id="oc-321">
         <name>.text</name>
         <load_address>0x383c</load_address>
         <run_address>0x383c</run_address>
         <size>0xfc</size>
         <input_file_ref idref="fl-e7"/>
      </object_component>
      <object_component id="oc-2e7">
         <name>.text:I2CMIntHandler</name>
         <load_address>0x3938</load_address>
         <run_address>0x3938</run_address>
         <size>0xf2</size>
         <input_file_ref idref="fl-e5"/>
      </object_component>
      <object_component id="oc-2cc">
         <name>.text</name>
         <load_address>0x3a2a</load_address>
         <run_address>0x3a2a</run_address>
         <size>0x2</size>
         <input_file_ref idref="fl-de"/>
      </object_component>
      <object_component id="oc-34">
         <name>.text</name>
         <load_address>0x3a2c</load_address>
         <run_address>0x3a2c</run_address>
         <size>0xd2</size>
         <input_file_ref idref="fl-e"/>
      </object_component>
      <object_component id="oc-67">
         <name>.text</name>
         <load_address>0x3afe</load_address>
         <run_address>0x3afe</run_address>
         <size>0x2</size>
         <input_file_ref idref="fl-d6"/>
      </object_component>
      <object_component id="oc-d2">
         <name>.text</name>
         <load_address>0x3b00</load_address>
         <run_address>0x3b00</run_address>
         <size>0xbc</size>
         <input_file_ref idref="fl-3"/>
      </object_component>
      <object_component id="oc-151">
         <name>.text</name>
         <load_address>0x3bbc</load_address>
         <run_address>0x3bbc</run_address>
         <size>0xbc</size>
         <input_file_ref idref="fl-12"/>
      </object_component>
      <object_component id="oc-256">
         <name>.text:MPU9150DataMagnetoGetFloat</name>
         <load_address>0x3c78</load_address>
         <run_address>0x3c78</run_address>
         <size>0x9c</size>
         <input_file_ref idref="fl-e6"/>
      </object_component>
      <object_component id="oc-42">
         <name>.text</name>
         <load_address>0x3d14</load_address>
         <run_address>0x3d14</run_address>
         <size>0x9c</size>
         <input_file_ref idref="fl-d4"/>
      </object_component>
      <object_component id="oc-3b6">
         <name>.text:I2CMStateIdle</name>
         <load_address>0x3db0</load_address>
         <run_address>0x3db0</run_address>
         <size>0x98</size>
         <input_file_ref idref="fl-e5"/>
      </object_component>
      <object_component id="oc-13f">
         <name>.text</name>
         <load_address>0x3e48</load_address>
         <run_address>0x3e48</run_address>
         <size>0x98</size>
         <input_file_ref idref="fl-5"/>
      </object_component>
      <object_component id="oc-30d">
         <name>.text:I2CMCommand</name>
         <load_address>0x3ee0</load_address>
         <run_address>0x3ee0</run_address>
         <size>0x88</size>
         <input_file_ref idref="fl-e5"/>
      </object_component>
      <object_component id="oc-5b">
         <name>.text</name>
         <load_address>0x3f68</load_address>
         <run_address>0x3f68</run_address>
         <size>0x7a</size>
         <input_file_ref idref="fl-d5"/>
      </object_component>
      <object_component id="oc-ca">
         <name>.text</name>
         <load_address>0x3fe2</load_address>
         <run_address>0x3fe2</run_address>
         <size>0x2</size>
         <input_file_ref idref="fl-df"/>
      </object_component>
      <object_component id="oc-73">
         <name>.text</name>
         <load_address>0x3fe4</load_address>
         <run_address>0x3fe4</run_address>
         <size>0x70</size>
         <input_file_ref idref="fl-dc"/>
      </object_component>
      <object_component id="oc-326">
         <name>.text</name>
         <load_address>0x4054</load_address>
         <run_address>0x4054</run_address>
         <size>0x6e</size>
         <input_file_ref idref="fl-e8"/>
      </object_component>
      <object_component id="oc-24a">
         <name>.text:MPU9150Init</name>
         <load_address>0x40c4</load_address>
         <run_address>0x40c4</run_address>
         <size>0x6c</size>
         <input_file_ref idref="fl-e6"/>
      </object_component>
      <object_component id="oc-4e">
         <name>.text</name>
         <load_address>0x4130</load_address>
         <run_address>0x4130</run_address>
         <size>0x6a</size>
         <input_file_ref idref="fl-d1"/>
      </object_component>
      <object_component id="oc-3dd">
         <name>.text:IntDisable</name>
         <load_address>0x419c</load_address>
         <run_address>0x419c</run_address>
         <size>0x68</size>
         <input_file_ref idref="fl-e1"/>
      </object_component>
      <object_component id="oc-3c6">
         <name>.text:IntEnable</name>
         <load_address>0x4204</load_address>
         <run_address>0x4204</run_address>
         <size>0x68</size>
         <input_file_ref idref="fl-e1"/>
      </object_component>
      <object_component id="oc-3d7">
         <name>.text:IntIsEnabled</name>
         <load_address>0x426c</load_address>
         <run_address>0x426c</run_address>
         <size>0x64</size>
         <input_file_ref idref="fl-e1"/>
      </object_component>
      <object_component id="oc-250">
         <name>.text:MPU9150DataRead</name>
         <load_address>0x42d0</load_address>
         <run_address>0x42d0</run_address>
         <size>0x60</size>
         <input_file_ref idref="fl-e6"/>
      </object_component>
      <object_component id="oc-3a4">
         <name>.text:I2CMStateWritePause</name>
         <load_address>0x4330</load_address>
         <run_address>0x4330</run_address>
         <size>0x5e</size>
         <input_file_ref idref="fl-e5"/>
      </object_component>
      <object_component id="oc-24">
         <name>.text</name>
         <load_address>0x4390</load_address>
         <run_address>0x4390</run_address>
         <size>0x54</size>
         <input_file_ref idref="fl-cf"/>
      </object_component>
      <object_component id="oc-7f">
         <name>.text</name>
         <load_address>0x43e4</load_address>
         <run_address>0x43e4</run_address>
         <size>0x54</size>
         <input_file_ref idref="fl-d3"/>
      </object_component>
      <object_component id="oc-3aa">
         <name>.text:I2CMStateWriteFinal</name>
         <load_address>0x4438</load_address>
         <run_address>0x4438</run_address>
         <size>0x50</size>
         <input_file_ref idref="fl-e5"/>
      </object_component>
      <object_component id="oc-14b">
         <name>.text</name>
         <load_address>0x4488</load_address>
         <run_address>0x4488</run_address>
         <size>0x50</size>
         <input_file_ref idref="fl-10"/>
      </object_component>
      <object_component id="oc-3c0">
         <name>.text:I2CMasterInitExpClk</name>
         <load_address>0x44d8</load_address>
         <run_address>0x44d8</run_address>
         <size>0x4c</size>
         <input_file_ref idref="fl-ea"/>
      </object_component>
      <object_component id="oc-c4">
         <name>.text</name>
         <load_address>0x4524</load_address>
         <run_address>0x4524</run_address>
         <size>0x4c</size>
         <input_file_ref idref="fl-dd"/>
      </object_component>
      <object_component id="oc-392">
         <name>.text:I2CMStateReadNext</name>
         <load_address>0x4570</load_address>
         <run_address>0x4570</run_address>
         <size>0x4a</size>
         <input_file_ref idref="fl-e5"/>
      </object_component>
      <object_component id="oc-1ce">
         <name>.text:GPIOPinConfigure</name>
         <load_address>0x45bc</load_address>
         <run_address>0x45bc</run_address>
         <size>0x48</size>
         <input_file_ref idref="fl-e0"/>
      </object_component>
      <object_component id="oc-3b0">
         <name>.text:I2CMStateWriteNext</name>
         <load_address>0x4604</load_address>
         <run_address>0x4604</run_address>
         <size>0x48</size>
         <input_file_ref idref="fl-e5"/>
      </object_component>
      <object_component id="oc-299">
         <name>.text:_SysCtlFrequencyGet</name>
         <load_address>0x464c</load_address>
         <run_address>0x464c</run_address>
         <size>0x48</size>
         <input_file_ref idref="fl-e2"/>
      </object_component>
      <object_component id="oc-1ea">
         <name>.text:UARTConfigSetExpClk</name>
         <load_address>0x4694</load_address>
         <run_address>0x4694</run_address>
         <size>0x46</size>
         <input_file_ref idref="fl-e3"/>
      </object_component>
      <object_component id="oc-37a">
         <name>.text:I2CMStateCallback</name>
         <load_address>0x46da</load_address>
         <run_address>0x46da</run_address>
         <size>0x44</size>
         <input_file_ref idref="fl-e5"/>
      </object_component>
      <object_component id="oc-38c">
         <name>.text:I2CMStateReadFinal</name>
         <load_address>0x471e</load_address>
         <run_address>0x471e</run_address>
         <size>0x42</size>
         <input_file_ref idref="fl-e5"/>
      </object_component>
      <object_component id="oc-20b">
         <name>.text</name>
         <load_address>0x4760</load_address>
         <run_address>0x4760</run_address>
         <size>0x40</size>
         <input_file_ref idref="fl-d9"/>
      </object_component>
      <object_component id="oc-386">
         <name>.text:I2CMStateReadPause</name>
         <load_address>0x47a0</load_address>
         <run_address>0x47a0</run_address>
         <size>0x3e</size>
         <input_file_ref idref="fl-e5"/>
      </object_component>
      <object_component id="oc-1e4">
         <name>.text:SysCtlPeripheralPresent</name>
         <load_address>0x47e0</load_address>
         <run_address>0x47e0</run_address>
         <size>0x38</size>
         <input_file_ref idref="fl-e2"/>
      </object_component>
      <object_component id="oc-31c">
         <name>.text</name>
         <load_address>0x4818</load_address>
         <run_address>0x4818</run_address>
         <size>0x38</size>
         <input_file_ref idref="fl-e9"/>
      </object_component>
      <object_component id="oc-2ff">
         <name>.text:I2CMWrite</name>
         <load_address>0x4850</load_address>
         <run_address>0x4850</run_address>
         <size>0x36</size>
         <input_file_ref idref="fl-f"/>
      </object_component>
      <object_component id="oc-2f9">
         <name>.text:I2CMInit</name>
         <load_address>0x4886</load_address>
         <run_address>0x4886</run_address>
         <size>0x34</size>
         <input_file_ref idref="fl-e5"/>
      </object_component>
      <object_component id="oc-23e">
         <name>.text:IntRegister</name>
         <load_address>0x48bc</load_address>
         <run_address>0x48bc</run_address>
         <size>0x34</size>
         <input_file_ref idref="fl-e1"/>
      </object_component>
      <object_component id="oc-1c8">
         <name>.text:SysCtlPeripheralEnable</name>
         <load_address>0x48f0</load_address>
         <run_address>0x48f0</run_address>
         <size>0x34</size>
         <input_file_ref idref="fl-e2"/>
      </object_component>
      <object_component id="oc-2b0">
         <name>.text:GPIODirModeSet</name>
         <load_address>0x4924</load_address>
         <run_address>0x4924</run_address>
         <size>0x2a</size>
         <input_file_ref idref="fl-e0"/>
      </object_component>
      <object_component id="oc-398">
         <name>.text:I2CMStateReadFirst</name>
         <load_address>0x494e</load_address>
         <run_address>0x494e</run_address>
         <size>0x2a</size>
         <input_file_ref idref="fl-e5"/>
      </object_component>
      <object_component id="oc-39e">
         <name>.text:I2CMStateReadOne</name>
         <load_address>0x4978</load_address>
         <run_address>0x4978</run_address>
         <size>0x20</size>
         <input_file_ref idref="fl-e5"/>
      </object_component>
      <object_component id="oc-2bc">
         <name>.text:UARTDisable</name>
         <load_address>0x4998</load_address>
         <run_address>0x4998</run_address>
         <size>0x20</size>
         <input_file_ref idref="fl-e3"/>
      </object_component>
      <object_component id="oc-293">
         <name>.text:_SysCtlMemTimingGet</name>
         <load_address>0x49b8</load_address>
         <run_address>0x49b8</run_address>
         <size>0x20</size>
         <input_file_ref idref="fl-e2"/>
      </object_component>
      <object_component id="oc-380">
         <name>.text:I2CMStateReadWait</name>
         <load_address>0x49d8</load_address>
         <run_address>0x49d8</run_address>
         <size>0x1a</size>
         <input_file_ref idref="fl-e5"/>
      </object_component>
      <object_component id="oc-21a">
         <name>.text:GPIOPinTypeGPIOOutput</name>
         <load_address>0x49f2</load_address>
         <run_address>0x49f2</run_address>
         <size>0x18</size>
         <input_file_ref idref="fl-e0"/>
      </object_component>
      <object_component id="oc-79">
         <name>.text</name>
         <load_address>0x4a0c</load_address>
         <run_address>0x4a0c</run_address>
         <size>0x18</size>
         <input_file_ref idref="fl-db"/>
      </object_component>
      <object_component id="oc-1f0">
         <name>.text:UARTEnable</name>
         <load_address>0x4a24</load_address>
         <run_address>0x4a24</run_address>
         <size>0x14</size>
         <input_file_ref idref="fl-e3"/>
      </object_component>
      <object_component id="oc-167">
         <name>.text</name>
         <load_address>0x4a38</load_address>
         <run_address>0x4a38</run_address>
         <size>0x14</size>
         <input_file_ref idref="fl-da"/>
      </object_component>
      <object_component id="oc-2f3">
         <name>.text:GPIOPinTypeI2C</name>
         <load_address>0x4a4c</load_address>
         <run_address>0x4a4c</run_address>
         <size>0x12</size>
         <input_file_ref idref="fl-e0"/>
      </object_component>
      <object_component id="oc-2ed">
         <name>.text:GPIOPinTypeI2CSCL</name>
         <load_address>0x4a5e</load_address>
         <run_address>0x4a5e</run_address>
         <size>0x12</size>
         <input_file_ref idref="fl-e0"/>
      </object_component>
      <object_component id="oc-1d4">
         <name>.text:GPIOPinTypeUART</name>
         <load_address>0x4a70</load_address>
         <run_address>0x4a70</run_address>
         <size>0x12</size>
         <input_file_ref idref="fl-e0"/>
      </object_component>
      <object_component id="oc-12">
         <name>.text:decompress:none</name>
         <load_address>0x4a82</load_address>
         <run_address>0x4a82</run_address>
         <size>0xe</size>
         <input_file_ref idref="fl-d0"/>
      </object_component>
      <object_component id="oc-2e">
         <name>.text</name>
         <load_address>0x4a90</load_address>
         <run_address>0x4a90</run_address>
         <size>0xc</size>
         <input_file_ref idref="fl-2"/>
      </object_component>
      <object_component id="oc-3e3">
         <name>.text:IntTrigger</name>
         <load_address>0x4a9c</load_address>
         <run_address>0x4a9c</run_address>
         <size>0xc</size>
         <input_file_ref idref="fl-e1"/>
      </object_component>
      <object_component id="oc-419">
         <name>.text:I2CMasterEnable</name>
         <load_address>0x4aa8</load_address>
         <run_address>0x4aa8</run_address>
         <size>0xa</size>
         <input_file_ref idref="fl-ea"/>
      </object_component>
      <object_component id="oc-1fc">
         <name>.text:UARTCharGet</name>
         <load_address>0x4ab2</load_address>
         <run_address>0x4ab2</run_address>
         <size>0xa</size>
         <input_file_ref idref="fl-e3"/>
      </object_component>
      <object_component id="oc-1f6">
         <name>.text:UARTCharPut</name>
         <load_address>0x4abc</load_address>
         <run_address>0x4abc</run_address>
         <size>0xa</size>
         <input_file_ref idref="fl-e3"/>
      </object_component>
      <object_component id="oc-36e">
         <name>.text:I2CMasterIntClear</name>
         <load_address>0x4ac6</load_address>
         <run_address>0x4ac6</run_address>
         <size>0x8</size>
         <input_file_ref idref="fl-ea"/>
      </object_component>
      <object_component id="oc-3cc">
         <name>.text:I2CMasterIntEnableEx</name>
         <load_address>0x4ace</load_address>
         <run_address>0x4ace</run_address>
         <size>0x8</size>
         <input_file_ref idref="fl-ea"/>
      </object_component>
      <object_component id="oc-405">
         <name>.text:I2CMasterSlaveAddrSet</name>
         <load_address>0x4ad6</load_address>
         <run_address>0x4ad6</run_address>
         <size>0x8</size>
         <input_file_ref idref="fl-ea"/>
      </object_component>
      <object_component id="oc-226">
         <name>.text:GPIOPinRead</name>
         <load_address>0x4ade</load_address>
         <run_address>0x4ade</run_address>
         <size>0x6</size>
         <input_file_ref idref="fl-e0"/>
      </object_component>
      <object_component id="oc-22c">
         <name>.text:GPIOPinWrite</name>
         <load_address>0x4ae4</load_address>
         <run_address>0x4ae4</run_address>
         <size>0x6</size>
         <input_file_ref idref="fl-e0"/>
      </object_component>
      <object_component id="oc-1da">
         <name>.text:UARTClockSourceSet</name>
         <load_address>0x4aea</load_address>
         <run_address>0x4aea</run_address>
         <size>0x6</size>
         <input_file_ref idref="fl-e3"/>
      </object_component>
      <object_component id="oc-18">
         <name>.text:decompress:rle24</name>
         <load_address>0x4af0</load_address>
         <run_address>0x4af0</run_address>
         <size>0x6</size>
         <input_file_ref idref="fl-d1"/>
      </object_component>
      <object_component id="oc-374">
         <name>.text:I2CMasterControl</name>
         <load_address>0x4af6</load_address>
         <run_address>0x4af6</run_address>
         <size>0x4</size>
         <input_file_ref idref="fl-ea"/>
      </object_component>
      <object_component id="oc-3fb">
         <name>.text:I2CMasterDataGet</name>
         <load_address>0x4afa</load_address>
         <run_address>0x4afa</run_address>
         <size>0x4</size>
         <input_file_ref idref="fl-ea"/>
      </object_component>
      <object_component id="oc-40d">
         <name>.text:I2CMasterDataPut</name>
         <load_address>0x4afe</load_address>
         <run_address>0x4afe</run_address>
         <size>0x4</size>
         <input_file_ref idref="fl-ea"/>
      </object_component>
      <object_component id="oc-6d">
         <name>.text</name>
         <load_address>0x4b02</load_address>
         <run_address>0x4b02</run_address>
         <size>0x4</size>
         <input_file_ref idref="fl-d7"/>
      </object_component>
      <object_component id="oc-2a2">
         <name>.const:g_pppui32XTALtoVCO</name>
         <load_address>0x4b08</load_address>
         <run_address>0x4b08</run_address>
         <size>0x1b0</size>
         <input_file_ref idref="fl-e2"/>
      </object_component>
      <object_component id="oc-2ab">
         <name>.const:g_pui32GPIOBaseAddrs</name>
         <load_address>0x4cb8</load_address>
         <run_address>0x4cb8</run_address>
         <size>0x90</size>
         <input_file_ref idref="fl-e0"/>
      </object_component>
      <object_component id="oc-420">
         <name>.const</name>
         <load_address>0x4d48</load_address>
         <run_address>0x4d48</run_address>
         <size>0x70</size>
         <input_file_ref idref="fl-e1"/>
      </object_component>
      <object_component id="oc-29f">
         <name>.const:g_pui32Xtals</name>
         <load_address>0x4db8</load_address>
         <run_address>0x4db8</run_address>
         <size>0x6c</size>
         <input_file_ref idref="fl-e2"/>
      </object_component>
      <object_component id="oc-34f">
         <name>.const:g_sXTALtoMEMTIM</name>
         <load_address>0x4e24</load_address>
         <run_address>0x4e24</run_address>
         <size>0x30</size>
         <input_file_ref idref="fl-e2"/>
      </object_component>
      <object_component id="oc-2d3">
         <name>.const:.string</name>
         <load_address>0x4e54</load_address>
         <run_address>0x4e54</run_address>
         <size>0x12</size>
         <input_file_ref idref="fl-6"/>
      </object_component>
      <object_component id="oc-1b0">
         <name>.const</name>
         <load_address>0x4e66</load_address>
         <run_address>0x4e66</run_address>
         <size>0x2</size>
         <input_file_ref idref="fl-4"/>
      </object_component>
      <object_component id="oc-208">
         <name>.const:g_ui32UARTBase</name>
         <load_address>0x4e68</load_address>
         <run_address>0x4e68</run_address>
         <size>0xc</size>
         <input_file_ref idref="fl-6"/>
      </object_component>
      <object_component id="oc-202">
         <name>.const:g_ui32UARTPeriph</name>
         <load_address>0x4e74</load_address>
         <run_address>0x4e74</run_address>
         <size>0xc</size>
         <input_file_ref idref="fl-6"/>
      </object_component>
      <object_component id="oc-2a5">
         <name>.const</name>
         <load_address>0x4e80</load_address>
         <run_address>0x4e80</run_address>
         <size>0x8</size>
         <input_file_ref idref="fl-e2"/>
      </object_component>
      <object_component id="oc-8f">
         <name>.const</name>
         <load_address>0x4e88</load_address>
         <run_address>0x4e88</run_address>
         <size>0x4</size>
         <input_file_ref idref="fl-d"/>
      </object_component>
      <object_component id="oc-210">
         <name>.const</name>
         <load_address>0x4e8c</load_address>
         <run_address>0x4e8c</run_address>
         <size>0x4</size>
         <input_file_ref idref="fl-6"/>
      </object_component>
      <object_component id="oc-452">
         <name>.cinit..data.load</name>
         <load_address>0x4e90</load_address>
         <run_address>0x4e90</run_address>
         <size>0x33</size>
      </object_component>
      <object_component id="oc-453">
         <name>.cinit..bss.load</name>
         <load_address>0x4ec8</load_address>
         <run_address>0x4ec8</run_address>
         <size>0xb</size>
      </object_component>
      <object_component id="oc-451">
         <name>.cinit..vtable.load</name>
         <load_address>0x4ed8</load_address>
         <run_address>0x4ed8</run_address>
         <size>0xb</size>
      </object_component>
      <object_component id="oc-44f">
         <name>__TI_handler_table</name>
         <load_address>0x4ee4</load_address>
         <run_address>0x4ee4</run_address>
         <size>0x8</size>
      </object_component>
      <object_component id="oc-450">
         <name>__TI_cinit_table</name>
         <load_address>0x4eec</load_address>
         <run_address>0x4eec</run_address>
         <size>0x18</size>
      </object_component>
      <object_component id="oc-2e2">
         <name>.vtable</name>
         <uninitialized>true</uninitialized>
         <run_address>0x20000000</run_address>
         <size>0x26c</size>
         <input_file_ref idref="fl-e1"/>
      </object_component>
      <object_component id="oc-25c">
         <name>.data</name>
         <load_address>0x2000d211</load_address>
         <run_address>0x2000d211</run_address>
         <size>0x1</size>
         <input_file_ref idref="fl-3"/>
      </object_component>
      <object_component id="oc-1a4">
         <name>.data</name>
         <load_address>0x2000d240</load_address>
         <run_address>0x2000d240</run_address>
         <size>0x8</size>
         <input_file_ref idref="fl-4"/>
      </object_component>
      <object_component id="oc-1e0">
         <name>.data</name>
         <load_address>0x2000d214</load_address>
         <run_address>0x2000d214</run_address>
         <size>0x10</size>
         <input_file_ref idref="fl-5"/>
      </object_component>
      <object_component id="oc-205">
         <name>.data</name>
         <load_address>0x2000d258</load_address>
         <run_address>0x2000d258</run_address>
         <size>0x5</size>
         <input_file_ref idref="fl-6"/>
      </object_component>
      <object_component id="oc-8c">
         <name>.data</name>
         <load_address>0x2000d1c8</load_address>
         <run_address>0x2000d1c8</run_address>
         <size>0x30</size>
         <input_file_ref idref="fl-b"/>
      </object_component>
      <object_component id="oc-18b">
         <name>.data</name>
         <load_address>0x2000d250</load_address>
         <run_address>0x2000d250</run_address>
         <size>0x8</size>
         <input_file_ref idref="fl-c"/>
      </object_component>
      <object_component id="oc-99">
         <name>.data</name>
         <load_address>0x2000d248</load_address>
         <run_address>0x2000d248</run_address>
         <size>0x8</size>
         <input_file_ref idref="fl-d"/>
      </object_component>
      <object_component id="oc-25f">
         <name>.data</name>
         <load_address>0x2000d1f8</load_address>
         <run_address>0x2000d1f8</run_address>
         <size>0x19</size>
         <input_file_ref idref="fl-11"/>
      </object_component>
      <object_component id="oc-309">
         <name>.data:I2C7WriteData</name>
         <load_address>0x2000d238</load_address>
         <run_address>0x2000d238</run_address>
         <size>0x8</size>
         <input_file_ref idref="fl-11"/>
      </object_component>
      <object_component id="oc-234">
         <name>.data</name>
         <load_address>0x2000d260</load_address>
         <run_address>0x2000d260</run_address>
         <size>0x4</size>
         <input_file_ref idref="fl-12"/>
      </object_component>
      <object_component id="oc-da">
         <name>.data:$O1$$</name>
         <load_address>0x2000d224</load_address>
         <run_address>0x2000d224</run_address>
         <size>0xc</size>
         <input_file_ref idref="fl-d3"/>
      </object_component>
      <object_component id="oc-85">
         <name>.data</name>
         <load_address>0x2000d264</load_address>
         <run_address>0x2000d264</run_address>
         <size>0x4</size>
         <input_file_ref idref="fl-d8"/>
      </object_component>
      <object_component id="oc-dd">
         <name>.data:$O1$$</name>
         <load_address>0x2000d230</load_address>
         <run_address>0x2000d230</run_address>
         <size>0x8</size>
         <input_file_ref idref="fl-da"/>
      </object_component>
      <object_component id="oc-2b">
         <name>.bss:pulStack</name>
         <uninitialized>true</uninitialized>
         <run_address>0x2000c6e4</run_address>
         <size>0x100</size>
         <input_file_ref idref="fl-2"/>
      </object_component>
      <object_component id="oc-1aa">
         <name>.bss:xHeap</name>
         <uninitialized>true</uninitialized>
         <run_address>0x20000270</run_address>
         <size>0xc350</size>
         <input_file_ref idref="fl-4"/>
      </object_component>
      <object_component id="oc-1a7">
         <name>.bss:xStart</name>
         <uninitialized>true</uninitialized>
         <run_address>0x2000c9bc</run_address>
         <size>0x8</size>
         <input_file_ref idref="fl-4"/>
      </object_component>
      <object_component id="oc-1ad">
         <name>.bss:xEnd</name>
         <uninitialized>true</uninitialized>
         <run_address>0x2000c9b4</run_address>
         <size>0x8</size>
         <input_file_ref idref="fl-4"/>
      </object_component>
      <object_component id="oc-f0">
         <name>.bss:pxReadyTasksLists</name>
         <uninitialized>true</uninitialized>
         <run_address>0x2000c850</run_address>
         <size>0x64</size>
         <input_file_ref idref="fl-b"/>
      </object_component>
      <object_component id="oc-10b">
         <name>.bss:xDelayedTaskList1</name>
         <uninitialized>true</uninitialized>
         <run_address>0x2000c934</run_address>
         <size>0x14</size>
         <input_file_ref idref="fl-b"/>
      </object_component>
      <object_component id="oc-10e">
         <name>.bss:xDelayedTaskList2</name>
         <uninitialized>true</uninitialized>
         <run_address>0x2000c948</run_address>
         <size>0x14</size>
         <input_file_ref idref="fl-b"/>
      </object_component>
      <object_component id="oc-102">
         <name>.bss</name>
         <uninitialized>true</uninitialized>
         <run_address>0x2000c9a4</run_address>
         <size>0x8</size>
         <input_file_ref idref="fl-b"/>
      </object_component>
      <object_component id="oc-ff">
         <name>.bss:xPendingReadyList</name>
         <uninitialized>true</uninitialized>
         <run_address>0x2000c95c</run_address>
         <size>0x14</size>
         <input_file_ref idref="fl-b"/>
      </object_component>
      <object_component id="oc-f3">
         <name>.bss:xTasksWaitingTermination</name>
         <uninitialized>true</uninitialized>
         <run_address>0x2000c984</run_address>
         <size>0x14</size>
         <input_file_ref idref="fl-b"/>
      </object_component>
      <object_component id="oc-fc">
         <name>.bss:xSuspendedTaskList</name>
         <uninitialized>true</uninitialized>
         <run_address>0x2000c970</run_address>
         <size>0x14</size>
         <input_file_ref idref="fl-b"/>
      </object_component>
      <object_component id="oc-191">
         <name>.bss:xActiveTimerList1</name>
         <uninitialized>true</uninitialized>
         <run_address>0x2000c90c</run_address>
         <size>0x14</size>
         <input_file_ref idref="fl-c"/>
      </object_component>
      <object_component id="oc-194">
         <name>.bss:xActiveTimerList2</name>
         <uninitialized>true</uninitialized>
         <run_address>0x2000c920</run_address>
         <size>0x14</size>
         <input_file_ref idref="fl-c"/>
      </object_component>
      <object_component id="oc-18e">
         <name>.bss</name>
         <uninitialized>true</uninitialized>
         <run_address>0x2000c9ac</run_address>
         <size>0x8</size>
         <input_file_ref idref="fl-c"/>
      </object_component>
      <object_component id="oc-26f">
         <name>.common:xQueueRegistry</name>
         <uninitialized>true</uninitialized>
         <run_address>0x2000c8b4</run_address>
         <size>0x40</size>
      </object_component>
      <object_component id="oc-266">
         <name>.common:fMagneto</name>
         <uninitialized>true</uninitialized>
         <run_address>0x2000c998</run_address>
         <size>0xc</size>
      </object_component>
      <object_component id="oc-262">
         <name>.common:sMPU9150</name>
         <uninitialized>true</uninitialized>
         <run_address>0x2000c7e4</run_address>
         <size>0x6c</size>
      </object_component>
      <object_component id="oc-265">
         <name>.common:g_bMPU9150Done</name>
         <uninitialized>true</uninitialized>
         <run_address>0x2000c9c4</run_address>
         <size>0x1</size>
      </object_component>
      <object_component id="oc-267">
         <name>.common:magnetometerReport</name>
         <uninitialized>true</uninitialized>
         <run_address>0x2000c8f4</run_address>
         <size>0x18</size>
      </object_component>
      <object_component id="oc-306">
         <name>.common:I2C7_Instance</name>
         <uninitialized>true</uninitialized>
         <run_address>0x2000c5c0</run_address>
         <size>0x124</size>
      </object_component>
      <object_component id="oc-2a">
         <name>.stack</name>
         <uninitialized>true</uninitialized>
         <run_address>0x2000c9c8</run_address>
         <size>0x0</size>
         <input_file_ref idref="fl-cf"/>
      </object_component>
      <object_component id="oc-454">
         <name>.stack</name>
         <uninitialized>true</uninitialized>
         <run_address>0x2000c9c8</run_address>
         <size>0x0</size>
      </object_component>
      <object_component id="oc-41">
         <name>.debug_info</name>
         <load_address>0x0</load_address>
         <run_address>0x0</run_address>
         <size>0x178</size>
         <input_file_ref idref="fl-2"/>
      </object_component>
      <object_component id="oc-2c">
         <name>.debug_info</name>
         <load_address>0x178</load_address>
         <run_address>0x178</run_address>
         <size>0xe7</size>
         <input_file_ref idref="fl-2"/>
      </object_component>
      <object_component id="oc-10">
         <name>.debug_info</name>
         <load_address>0x25f</load_address>
         <run_address>0x25f</run_address>
         <size>0xf0</size>
         <input_file_ref idref="fl-2"/>
      </object_component>
      <object_component id="oc-2f">
         <name>.debug_info</name>
         <load_address>0x34f</load_address>
         <run_address>0x34f</run_address>
         <size>0x29c</size>
         <input_file_ref idref="fl-2"/>
      </object_component>
      <object_component id="oc-aa">
         <name>.debug_info</name>
         <load_address>0x5eb</load_address>
         <run_address>0x5eb</run_address>
         <size>0x84</size>
         <input_file_ref idref="fl-2"/>
      </object_component>
      <object_component id="oc-117">
         <name>.debug_info</name>
         <load_address>0x66f</load_address>
         <run_address>0x66f</run_address>
         <size>0x18b</size>
         <input_file_ref idref="fl-2"/>
      </object_component>
      <object_component id="oc-215">
         <name>.debug_info</name>
         <load_address>0x7fa</load_address>
         <run_address>0x7fa</run_address>
         <size>0x4e</size>
         <input_file_ref idref="fl-2"/>
      </object_component>
      <object_component id="oc-12a">
         <name>.debug_info</name>
         <load_address>0x848</load_address>
         <run_address>0x848</run_address>
         <size>0x300</size>
         <input_file_ref idref="fl-3"/>
      </object_component>
      <object_component id="oc-25d">
         <name>.debug_info</name>
         <load_address>0xb48</load_address>
         <run_address>0xb48</run_address>
         <size>0xeb</size>
         <input_file_ref idref="fl-3"/>
      </object_component>
      <object_component id="oc-d3">
         <name>.debug_info</name>
         <load_address>0xc33</load_address>
         <run_address>0xc33</run_address>
         <size>0x1c2</size>
         <input_file_ref idref="fl-3"/>
      </object_component>
      <object_component id="oc-112">
         <name>.debug_info</name>
         <load_address>0xdf5</load_address>
         <run_address>0xdf5</run_address>
         <size>0x2ef</size>
         <input_file_ref idref="fl-3"/>
      </object_component>
      <object_component id="oc-12b">
         <name>.debug_info</name>
         <load_address>0x10e4</load_address>
         <run_address>0x10e4</run_address>
         <size>0x8b</size>
         <input_file_ref idref="fl-3"/>
      </object_component>
      <object_component id="oc-9e">
         <name>.debug_info</name>
         <load_address>0x116f</load_address>
         <run_address>0x116f</run_address>
         <size>0x2c</size>
         <input_file_ref idref="fl-3"/>
      </object_component>
      <object_component id="oc-a3">
         <name>.debug_info</name>
         <load_address>0x119b</load_address>
         <run_address>0x119b</run_address>
         <size>0xae</size>
         <input_file_ref idref="fl-3"/>
      </object_component>
      <object_component id="oc-125">
         <name>.debug_info</name>
         <load_address>0x1249</load_address>
         <run_address>0x1249</run_address>
         <size>0x14c</size>
         <input_file_ref idref="fl-3"/>
      </object_component>
      <object_component id="oc-1b4">
         <name>.debug_info</name>
         <load_address>0x1395</load_address>
         <run_address>0x1395</run_address>
         <size>0x1bd</size>
         <input_file_ref idref="fl-4"/>
      </object_component>
      <object_component id="oc-1ab">
         <name>.debug_info</name>
         <load_address>0x1552</load_address>
         <run_address>0x1552</run_address>
         <size>0xc9</size>
         <input_file_ref idref="fl-4"/>
      </object_component>
      <object_component id="oc-1b1">
         <name>.debug_info</name>
         <load_address>0x161b</load_address>
         <run_address>0x161b</run_address>
         <size>0xdd</size>
         <input_file_ref idref="fl-4"/>
      </object_component>
      <object_component id="oc-1a8">
         <name>.debug_info</name>
         <load_address>0x16f8</load_address>
         <run_address>0x16f8</run_address>
         <size>0xcb</size>
         <input_file_ref idref="fl-4"/>
      </object_component>
      <object_component id="oc-1ae">
         <name>.debug_info</name>
         <load_address>0x17c3</load_address>
         <run_address>0x17c3</run_address>
         <size>0xc7</size>
         <input_file_ref idref="fl-4"/>
      </object_component>
      <object_component id="oc-1a5">
         <name>.debug_info</name>
         <load_address>0x188a</load_address>
         <run_address>0x188a</run_address>
         <size>0xe5</size>
         <input_file_ref idref="fl-4"/>
      </object_component>
      <object_component id="oc-106">
         <name>.debug_info</name>
         <load_address>0x196f</load_address>
         <run_address>0x196f</run_address>
         <size>0x477</size>
         <input_file_ref idref="fl-4"/>
      </object_component>
      <object_component id="oc-17a">
         <name>.debug_info</name>
         <load_address>0x1de6</load_address>
         <run_address>0x1de6</run_address>
         <size>0x110</size>
         <input_file_ref idref="fl-4"/>
      </object_component>
      <object_component id="oc-286">
         <name>.debug_info</name>
         <load_address>0x1ef6</load_address>
         <run_address>0x1ef6</run_address>
         <size>0x99</size>
         <input_file_ref idref="fl-4"/>
      </object_component>
      <object_component id="oc-1e1">
         <name>.debug_info</name>
         <load_address>0x1f8f</load_address>
         <run_address>0x1f8f</run_address>
         <size>0x18e</size>
         <input_file_ref idref="fl-5"/>
      </object_component>
      <object_component id="oc-140">
         <name>.debug_info</name>
         <load_address>0x211d</load_address>
         <run_address>0x211d</run_address>
         <size>0x317</size>
         <input_file_ref idref="fl-5"/>
      </object_component>
      <object_component id="oc-214">
         <name>.debug_info</name>
         <load_address>0x2434</load_address>
         <run_address>0x2434</run_address>
         <size>0x241</size>
         <input_file_ref idref="fl-6"/>
      </object_component>
      <object_component id="oc-206">
         <name>.debug_info</name>
         <load_address>0x2675</load_address>
         <run_address>0x2675</run_address>
         <size>0xde</size>
         <input_file_ref idref="fl-6"/>
      </object_component>
      <object_component id="oc-211">
         <name>.debug_info</name>
         <load_address>0x2753</load_address>
         <run_address>0x2753</run_address>
         <size>0xd8</size>
         <input_file_ref idref="fl-6"/>
      </object_component>
      <object_component id="oc-209">
         <name>.debug_info</name>
         <load_address>0x282b</load_address>
         <run_address>0x282b</run_address>
         <size>0xe6</size>
         <input_file_ref idref="fl-6"/>
      </object_component>
      <object_component id="oc-203">
         <name>.debug_info</name>
         <load_address>0x2911</load_address>
         <run_address>0x2911</run_address>
         <size>0xea</size>
         <input_file_ref idref="fl-6"/>
      </object_component>
      <object_component id="oc-146">
         <name>.debug_info</name>
         <load_address>0x29fb</load_address>
         <run_address>0x29fb</run_address>
         <size>0x7e7</size>
         <input_file_ref idref="fl-6"/>
      </object_component>
      <object_component id="oc-26c">
         <name>.debug_info</name>
         <load_address>0x31e2</load_address>
         <run_address>0x31e2</run_address>
         <size>0x427</size>
         <input_file_ref idref="fl-8"/>
      </object_component>
      <object_component id="oc-33e">
         <name>.debug_info</name>
         <load_address>0x3609</load_address>
         <run_address>0x3609</run_address>
         <size>0x39</size>
         <input_file_ref idref="fl-8"/>
      </object_component>
      <object_component id="oc-175">
         <name>.debug_info</name>
         <load_address>0x3642</load_address>
         <run_address>0x3642</run_address>
         <size>0x46</size>
         <input_file_ref idref="fl-8"/>
      </object_component>
      <object_component id="oc-343">
         <name>.debug_info</name>
         <load_address>0x3688</load_address>
         <run_address>0x3688</run_address>
         <size>0x76</size>
         <input_file_ref idref="fl-8"/>
      </object_component>
      <object_component id="oc-180">
         <name>.debug_info</name>
         <load_address>0x36fe</load_address>
         <run_address>0x36fe</run_address>
         <size>0x136</size>
         <input_file_ref idref="fl-9"/>
      </object_component>
      <object_component id="oc-eb">
         <name>.debug_info</name>
         <load_address>0x3834</load_address>
         <run_address>0x3834</run_address>
         <size>0x577</size>
         <input_file_ref idref="fl-9"/>
      </object_component>
      <object_component id="oc-270">
         <name>.debug_info</name>
         <load_address>0x3dab</load_address>
         <run_address>0x3dab</run_address>
         <size>0x649</size>
         <input_file_ref idref="fl-a"/>
      </object_component>
      <object_component id="oc-186">
         <name>.debug_info</name>
         <load_address>0x43f4</load_address>
         <run_address>0x43f4</run_address>
         <size>0x2c6c</size>
         <input_file_ref idref="fl-a"/>
      </object_component>
      <object_component id="oc-34a">
         <name>.debug_info</name>
         <load_address>0x7060</load_address>
         <run_address>0x7060</run_address>
         <size>0x1cd</size>
         <input_file_ref idref="fl-a"/>
      </object_component>
      <object_component id="oc-273">
         <name>.debug_info</name>
         <load_address>0x722d</load_address>
         <run_address>0x722d</run_address>
         <size>0x46</size>
         <input_file_ref idref="fl-a"/>
      </object_component>
      <object_component id="oc-e7">
         <name>.debug_info</name>
         <load_address>0x7273</load_address>
         <run_address>0x7273</run_address>
         <size>0x59a</size>
         <input_file_ref idref="fl-b"/>
      </object_component>
      <object_component id="oc-8d">
         <name>.debug_info</name>
         <load_address>0x780d</load_address>
         <run_address>0x780d</run_address>
         <size>0x300</size>
         <input_file_ref idref="fl-b"/>
      </object_component>
      <object_component id="oc-f1">
         <name>.debug_info</name>
         <load_address>0x7b0d</load_address>
         <run_address>0x7b0d</run_address>
         <size>0xfc</size>
         <input_file_ref idref="fl-b"/>
      </object_component>
      <object_component id="oc-10c">
         <name>.debug_info</name>
         <load_address>0x7c09</load_address>
         <run_address>0x7c09</run_address>
         <size>0xfc</size>
         <input_file_ref idref="fl-b"/>
      </object_component>
      <object_component id="oc-10f">
         <name>.debug_info</name>
         <load_address>0x7d05</load_address>
         <run_address>0x7d05</run_address>
         <size>0xfc</size>
         <input_file_ref idref="fl-b"/>
      </object_component>
      <object_component id="oc-103">
         <name>.debug_info</name>
         <load_address>0x7e01</load_address>
         <run_address>0x7e01</run_address>
         <size>0x13e</size>
         <input_file_ref idref="fl-b"/>
      </object_component>
      <object_component id="oc-100">
         <name>.debug_info</name>
         <load_address>0x7f3f</load_address>
         <run_address>0x7f3f</run_address>
         <size>0xfc</size>
         <input_file_ref idref="fl-b"/>
      </object_component>
      <object_component id="oc-f4">
         <name>.debug_info</name>
         <load_address>0x803b</load_address>
         <run_address>0x803b</run_address>
         <size>0x10a</size>
         <input_file_ref idref="fl-b"/>
      </object_component>
      <object_component id="oc-fd">
         <name>.debug_info</name>
         <load_address>0x8145</load_address>
         <run_address>0x8145</run_address>
         <size>0xfe</size>
         <input_file_ref idref="fl-b"/>
      </object_component>
      <object_component id="oc-93">
         <name>.debug_info</name>
         <load_address>0x8243</load_address>
         <run_address>0x8243</run_address>
         <size>0x4b58</size>
         <input_file_ref idref="fl-b"/>
      </object_component>
      <object_component id="oc-11c">
         <name>.debug_info</name>
         <load_address>0xcd9b</load_address>
         <run_address>0xcd9b</run_address>
         <size>0x169</size>
         <input_file_ref idref="fl-b"/>
      </object_component>
      <object_component id="oc-198">
         <name>.debug_info</name>
         <load_address>0xcf04</load_address>
         <run_address>0xcf04</run_address>
         <size>0x643</size>
         <input_file_ref idref="fl-c"/>
      </object_component>
      <object_component id="oc-192">
         <name>.debug_info</name>
         <load_address>0xd547</load_address>
         <run_address>0xd547</run_address>
         <size>0xfd</size>
         <input_file_ref idref="fl-c"/>
      </object_component>
      <object_component id="oc-195">
         <name>.debug_info</name>
         <load_address>0xd644</load_address>
         <run_address>0xd644</run_address>
         <size>0xfd</size>
         <input_file_ref idref="fl-c"/>
      </object_component>
      <object_component id="oc-18f">
         <name>.debug_info</name>
         <load_address>0xd741</load_address>
         <run_address>0xd741</run_address>
         <size>0x135</size>
         <input_file_ref idref="fl-c"/>
      </object_component>
      <object_component id="oc-18c">
         <name>.debug_info</name>
         <load_address>0xd876</load_address>
         <run_address>0xd876</run_address>
         <size>0xf1</size>
         <input_file_ref idref="fl-c"/>
      </object_component>
      <object_component id="oc-f7">
         <name>.debug_info</name>
         <load_address>0xd967</load_address>
         <run_address>0xd967</run_address>
         <size>0x1968</size>
         <input_file_ref idref="fl-c"/>
      </object_component>
      <object_component id="oc-199">
         <name>.debug_info</name>
         <load_address>0xf2cf</load_address>
         <run_address>0xf2cf</run_address>
         <size>0x1ce</size>
         <input_file_ref idref="fl-c"/>
      </object_component>
      <object_component id="oc-9d">
         <name>.debug_info</name>
         <load_address>0xf49d</load_address>
         <run_address>0xf49d</run_address>
         <size>0x20c</size>
         <input_file_ref idref="fl-d"/>
      </object_component>
      <object_component id="oc-90">
         <name>.debug_info</name>
         <load_address>0xf6a9</load_address>
         <run_address>0xf6a9</run_address>
         <size>0x12a</size>
         <input_file_ref idref="fl-d"/>
      </object_component>
      <object_component id="oc-9a">
         <name>.debug_info</name>
         <load_address>0xf7d3</load_address>
         <run_address>0xf7d3</run_address>
         <size>0x145</size>
         <input_file_ref idref="fl-d"/>
      </object_component>
      <object_component id="oc-3a">
         <name>.debug_info</name>
         <load_address>0xf918</load_address>
         <run_address>0xf918</run_address>
         <size>0x7f6</size>
         <input_file_ref idref="fl-d"/>
      </object_component>
      <object_component id="oc-35">
         <name>.debug_info</name>
         <load_address>0x1010e</load_address>
         <run_address>0x1010e</run_address>
         <size>0x262</size>
         <input_file_ref idref="fl-e"/>
      </object_component>
      <object_component id="oc-263">
         <name>.debug_info</name>
         <load_address>0x10370</load_address>
         <run_address>0x10370</run_address>
         <size>0x5f9</size>
         <input_file_ref idref="fl-f"/>
      </object_component>
      <object_component id="oc-300">
         <name>.debug_info</name>
         <load_address>0x10969</load_address>
         <run_address>0x10969</run_address>
         <size>0x279</size>
         <input_file_ref idref="fl-f"/>
      </object_component>
      <object_component id="oc-158">
         <name>.debug_info</name>
         <load_address>0x10be2</load_address>
         <run_address>0x10be2</run_address>
         <size>0x3ce</size>
         <input_file_ref idref="fl-f"/>
      </object_component>
      <object_component id="oc-332">
         <name>.debug_info</name>
         <load_address>0x10fb0</load_address>
         <run_address>0x10fb0</run_address>
         <size>0x4e6</size>
         <input_file_ref idref="fl-f"/>
      </object_component>
      <object_component id="oc-3ed">
         <name>.debug_info</name>
         <load_address>0x11496</load_address>
         <run_address>0x11496</run_address>
         <size>0x108</size>
         <input_file_ref idref="fl-f"/>
      </object_component>
      <object_component id="oc-337">
         <name>.debug_info</name>
         <load_address>0x1159e</load_address>
         <run_address>0x1159e</run_address>
         <size>0x16c</size>
         <input_file_ref idref="fl-f"/>
      </object_component>
      <object_component id="oc-239">
         <name>.debug_info</name>
         <load_address>0x1170a</load_address>
         <run_address>0x1170a</run_address>
         <size>0xdf</size>
         <input_file_ref idref="fl-f"/>
      </object_component>
      <object_component id="oc-233">
         <name>.debug_info</name>
         <load_address>0x117e9</load_address>
         <run_address>0x117e9</run_address>
         <size>0x270</size>
         <input_file_ref idref="fl-10"/>
      </object_component>
      <object_component id="oc-14c">
         <name>.debug_info</name>
         <load_address>0x11a59</load_address>
         <run_address>0x11a59</run_address>
         <size>0x20e</size>
         <input_file_ref idref="fl-10"/>
      </object_component>
      <object_component id="oc-307">
         <name>.debug_info</name>
         <load_address>0x11c67</load_address>
         <run_address>0x11c67</run_address>
         <size>0x47a</size>
         <input_file_ref idref="fl-11"/>
      </object_component>
      <object_component id="oc-260">
         <name>.debug_info</name>
         <load_address>0x120e1</load_address>
         <run_address>0x120e1</run_address>
         <size>0x211</size>
         <input_file_ref idref="fl-11"/>
      </object_component>
      <object_component id="oc-30a">
         <name>.debug_info</name>
         <load_address>0x122f2</load_address>
         <run_address>0x122f2</run_address>
         <size>0xeb</size>
         <input_file_ref idref="fl-11"/>
      </object_component>
      <object_component id="oc-245">
         <name>.debug_info</name>
         <load_address>0x123dd</load_address>
         <run_address>0x123dd</run_address>
         <size>0x454</size>
         <input_file_ref idref="fl-11"/>
      </object_component>
      <object_component id="oc-238">
         <name>.debug_info</name>
         <load_address>0x12831</load_address>
         <run_address>0x12831</run_address>
         <size>0x224</size>
         <input_file_ref idref="fl-12"/>
      </object_component>
      <object_component id="oc-235">
         <name>.debug_info</name>
         <load_address>0x12a55</load_address>
         <run_address>0x12a55</run_address>
         <size>0xef</size>
         <input_file_ref idref="fl-12"/>
      </object_component>
      <object_component id="oc-152">
         <name>.debug_info</name>
         <load_address>0x12b44</load_address>
         <run_address>0x12b44</run_address>
         <size>0x25d</size>
         <input_file_ref idref="fl-12"/>
      </object_component>
      <object_component id="oc-27">
         <name>.debug_info</name>
         <load_address>0x12da1</load_address>
         <run_address>0x12da1</run_address>
         <size>0x17c</size>
         <input_file_ref idref="fl-cf"/>
      </object_component>
      <object_component id="oc-4d">
         <name>.debug_info</name>
         <load_address>0x12f1d</load_address>
         <run_address>0x12f1d</run_address>
         <size>0x15c</size>
         <input_file_ref idref="fl-d0"/>
      </object_component>
      <object_component id="oc-15">
         <name>.debug_info</name>
         <load_address>0x13079</load_address>
         <run_address>0x13079</run_address>
         <size>0x1fb</size>
         <input_file_ref idref="fl-d0"/>
      </object_component>
      <object_component id="oc-48">
         <name>.debug_info</name>
         <load_address>0x13274</load_address>
         <run_address>0x13274</run_address>
         <size>0x46</size>
         <input_file_ref idref="fl-d0"/>
      </object_component>
      <object_component id="oc-b0">
         <name>.debug_info</name>
         <load_address>0x132ba</load_address>
         <run_address>0x132ba</run_address>
         <size>0x2c</size>
         <input_file_ref idref="fl-d0"/>
      </object_component>
      <object_component id="oc-55">
         <name>.debug_info</name>
         <load_address>0x132e6</load_address>
         <run_address>0x132e6</run_address>
         <size>0x150</size>
         <input_file_ref idref="fl-d1"/>
      </object_component>
      <object_component id="oc-51">
         <name>.debug_info</name>
         <load_address>0x13436</load_address>
         <run_address>0x13436</run_address>
         <size>0x263</size>
         <input_file_ref idref="fl-d1"/>
      </object_component>
      <object_component id="oc-1a">
         <name>.debug_info</name>
         <load_address>0x13699</load_address>
         <run_address>0x13699</run_address>
         <size>0x1cd</size>
         <input_file_ref idref="fl-d1"/>
      </object_component>
      <object_component id="oc-56">
         <name>.debug_info</name>
         <load_address>0x13866</load_address>
         <run_address>0x13866</run_address>
         <size>0x39</size>
         <input_file_ref idref="fl-d1"/>
      </object_component>
      <object_component id="oc-ba">
         <name>.debug_info</name>
         <load_address>0x1389f</load_address>
         <run_address>0x1389f</run_address>
         <size>0x2c</size>
         <input_file_ref idref="fl-d1"/>
      </object_component>
      <object_component id="oc-e1">
         <name>.debug_info</name>
         <load_address>0x138cb</load_address>
         <run_address>0x138cb</run_address>
         <size>0x250</size>
         <input_file_ref idref="fl-d3"/>
      </object_component>
      <object_component id="oc-db">
         <name>.debug_info</name>
         <load_address>0x13b1b</load_address>
         <run_address>0x13b1b</run_address>
         <size>0x1a1</size>
         <input_file_ref idref="fl-d3"/>
      </object_component>
      <object_component id="oc-83">
         <name>.debug_info</name>
         <load_address>0x13cbc</load_address>
         <run_address>0x13cbc</run_address>
         <size>0x230</size>
         <input_file_ref idref="fl-d3"/>
      </object_component>
      <object_component id="oc-44">
         <name>.debug_info</name>
         <load_address>0x13eec</load_address>
         <run_address>0x13eec</run_address>
         <size>0x12d</size>
         <input_file_ref idref="fl-d4"/>
      </object_component>
      <object_component id="oc-5d">
         <name>.debug_info</name>
         <load_address>0x14019</load_address>
         <run_address>0x14019</run_address>
         <size>0x15b</size>
         <input_file_ref idref="fl-d5"/>
      </object_component>
      <object_component id="oc-6b">
         <name>.debug_info</name>
         <load_address>0x14174</load_address>
         <run_address>0x14174</run_address>
         <size>0x154</size>
         <input_file_ref idref="fl-d6"/>
      </object_component>
      <object_component id="oc-71">
         <name>.debug_info</name>
         <load_address>0x142c8</load_address>
         <run_address>0x142c8</run_address>
         <size>0x164</size>
         <input_file_ref idref="fl-d7"/>
      </object_component>
      <object_component id="oc-86">
         <name>.debug_info</name>
         <load_address>0x1442c</load_address>
         <run_address>0x1442c</run_address>
         <size>0x125</size>
         <input_file_ref idref="fl-d8"/>
      </object_component>
      <object_component id="oc-20c">
         <name>.debug_info</name>
         <load_address>0x14551</load_address>
         <run_address>0x14551</run_address>
         <size>0x156</size>
         <input_file_ref idref="fl-d9"/>
      </object_component>
      <object_component id="oc-16f">
         <name>.debug_info</name>
         <load_address>0x146a7</load_address>
         <run_address>0x146a7</run_address>
         <size>0x140</size>
         <input_file_ref idref="fl-da"/>
      </object_component>
      <object_component id="oc-de">
         <name>.debug_info</name>
         <load_address>0x147e7</load_address>
         <run_address>0x147e7</run_address>
         <size>0x12f</size>
         <input_file_ref idref="fl-da"/>
      </object_component>
      <object_component id="oc-16b">
         <name>.debug_info</name>
         <load_address>0x14916</load_address>
         <run_address>0x14916</run_address>
         <size>0x23b</size>
         <input_file_ref idref="fl-da"/>
      </object_component>
      <object_component id="oc-d9">
         <name>.debug_info</name>
         <load_address>0x14b51</load_address>
         <run_address>0x14b51</run_address>
         <size>0x182</size>
         <input_file_ref idref="fl-db"/>
      </object_component>
      <object_component id="oc-7c">
         <name>.debug_info</name>
         <load_address>0x14cd3</load_address>
         <run_address>0x14cd3</run_address>
         <size>0x183</size>
         <input_file_ref idref="fl-db"/>
      </object_component>
      <object_component id="oc-160">
         <name>.debug_info</name>
         <load_address>0x14e56</load_address>
         <run_address>0x14e56</run_address>
         <size>0x5e</size>
         <input_file_ref idref="fl-db"/>
      </object_component>
      <object_component id="oc-d1">
         <name>.debug_info</name>
         <load_address>0x14eb4</load_address>
         <run_address>0x14eb4</run_address>
         <size>0x305</size>
         <input_file_ref idref="fl-dc"/>
      </object_component>
      <object_component id="oc-75">
         <name>.debug_info</name>
         <load_address>0x151b9</load_address>
         <run_address>0x151b9</run_address>
         <size>0x1ac</size>
         <input_file_ref idref="fl-dc"/>
      </object_component>
      <object_component id="oc-135">
         <name>.debug_info</name>
         <load_address>0x15365</load_address>
         <run_address>0x15365</run_address>
         <size>0x39</size>
         <input_file_ref idref="fl-dc"/>
      </object_component>
      <object_component id="oc-13a">
         <name>.debug_info</name>
         <load_address>0x1539e</load_address>
         <run_address>0x1539e</run_address>
         <size>0xcd</size>
         <input_file_ref idref="fl-dc"/>
      </object_component>
      <object_component id="oc-131">
         <name>.debug_info</name>
         <load_address>0x1546b</load_address>
         <run_address>0x1546b</run_address>
         <size>0x1fc</size>
         <input_file_ref idref="fl-dd"/>
      </object_component>
      <object_component id="oc-c8">
         <name>.debug_info</name>
         <load_address>0x15667</load_address>
         <run_address>0x15667</run_address>
         <size>0x19f</size>
         <input_file_ref idref="fl-dd"/>
      </object_component>
      <object_component id="oc-1bd">
         <name>.debug_info</name>
         <load_address>0x15806</load_address>
         <run_address>0x15806</run_address>
         <size>0x2c</size>
         <input_file_ref idref="fl-dd"/>
      </object_component>
      <object_component id="oc-2ce">
         <name>.debug_info</name>
         <load_address>0x15832</load_address>
         <run_address>0x15832</run_address>
         <size>0x163</size>
         <input_file_ref idref="fl-de"/>
      </object_component>
      <object_component id="oc-ce">
         <name>.debug_info</name>
         <load_address>0x15995</load_address>
         <run_address>0x15995</run_address>
         <size>0x161</size>
         <input_file_ref idref="fl-df"/>
      </object_component>
      <object_component id="oc-2af">
         <name>.debug_info</name>
         <load_address>0x15af6</load_address>
         <run_address>0x15af6</run_address>
         <size>0x230</size>
         <input_file_ref idref="fl-e0"/>
      </object_component>
      <object_component id="oc-2ac">
         <name>.debug_info</name>
         <load_address>0x15d26</load_address>
         <run_address>0x15d26</run_address>
         <size>0x15b</size>
         <input_file_ref idref="fl-e0"/>
      </object_component>
      <object_component id="oc-22e">
         <name>.debug_info</name>
         <load_address>0x15e81</load_address>
         <run_address>0x15e81</run_address>
         <size>0x2a3</size>
         <input_file_ref idref="fl-e0"/>
      </object_component>
      <object_component id="oc-2b2">
         <name>.debug_info</name>
         <load_address>0x16124</load_address>
         <run_address>0x16124</run_address>
         <size>0x2b3</size>
         <input_file_ref idref="fl-e0"/>
      </object_component>
      <object_component id="oc-222">
         <name>.debug_info</name>
         <load_address>0x163d7</load_address>
         <run_address>0x163d7</run_address>
         <size>0x316</size>
         <input_file_ref idref="fl-e0"/>
      </object_component>
      <object_component id="oc-1d5">
         <name>.debug_info</name>
         <load_address>0x166ed</load_address>
         <run_address>0x166ed</run_address>
         <size>0x27b</size>
         <input_file_ref idref="fl-e0"/>
      </object_component>
      <object_component id="oc-2ee">
         <name>.debug_info</name>
         <load_address>0x16968</load_address>
         <run_address>0x16968</run_address>
         <size>0x27f</size>
         <input_file_ref idref="fl-e0"/>
      </object_component>
      <object_component id="oc-2f4">
         <name>.debug_info</name>
         <load_address>0x16be7</load_address>
         <run_address>0x16be7</run_address>
         <size>0x279</size>
         <input_file_ref idref="fl-e0"/>
      </object_component>
      <object_component id="oc-21b">
         <name>.debug_info</name>
         <load_address>0x16e60</load_address>
         <run_address>0x16e60</run_address>
         <size>0x2b7</size>
         <input_file_ref idref="fl-e0"/>
      </object_component>
      <object_component id="oc-227">
         <name>.debug_info</name>
         <load_address>0x17117</load_address>
         <run_address>0x17117</run_address>
         <size>0x27b</size>
         <input_file_ref idref="fl-e0"/>
      </object_component>
      <object_component id="oc-1cf">
         <name>.debug_info</name>
         <load_address>0x17392</load_address>
         <run_address>0x17392</run_address>
         <size>0x280</size>
         <input_file_ref idref="fl-e0"/>
      </object_component>
      <object_component id="oc-2e6">
         <name>.debug_info</name>
         <load_address>0x17612</load_address>
         <run_address>0x17612</run_address>
         <size>0x20e</size>
         <input_file_ref idref="fl-e1"/>
      </object_component>
      <object_component id="oc-421">
         <name>.debug_info</name>
         <load_address>0x17820</load_address>
         <run_address>0x17820</run_address>
         <size>0x210</size>
         <input_file_ref idref="fl-e1"/>
      </object_component>
      <object_component id="oc-2e3">
         <name>.debug_info</name>
         <load_address>0x17a30</load_address>
         <run_address>0x17a30</run_address>
         <size>0x157</size>
         <input_file_ref idref="fl-e1"/>
      </object_component>
      <object_component id="oc-3e4">
         <name>.debug_info</name>
         <load_address>0x17b87</load_address>
         <run_address>0x17b87</run_address>
         <size>0x26a</size>
         <input_file_ref idref="fl-e1"/>
      </object_component>
      <object_component id="oc-23f">
         <name>.debug_info</name>
         <load_address>0x17df1</load_address>
         <run_address>0x17df1</run_address>
         <size>0x2c1</size>
         <input_file_ref idref="fl-e1"/>
      </object_component>
      <object_component id="oc-3d8">
         <name>.debug_info</name>
         <load_address>0x180b2</load_address>
         <run_address>0x180b2</run_address>
         <size>0x2a1</size>
         <input_file_ref idref="fl-e1"/>
      </object_component>
      <object_component id="oc-3c7">
         <name>.debug_info</name>
         <load_address>0x18353</load_address>
         <run_address>0x18353</run_address>
         <size>0x268</size>
[...]
         <value>0xc35</value>
         <object_component_ref idref="oc-92"/>
      </symbol>
      <symbol id="sm-447">
         <name>xTaskRemoveFromEventList</name>
         <value>0xd15</value>
         <object_component_ref idref="oc-92"/>
      </symbol>
      <symbol id="sm-4cb">
         <name>xTimerCreateTimerTask</name>
         <value>0x22cd</value>
         <object_component_ref idref="oc-f6"/>
      </symbol>
      <symbol id="sm-4cc">
         <name>pcTimerGetTimerName</name>
         <value>0x23c9</value>
         <object_component_ref idref="oc-f6"/>
      </symbol>
      <symbol id="sm-4cd">
         <name>xTimerIsTimerActive</name>
         <value>0x2789</value>
         <object_component_ref idref="oc-f6"/>
      </symbol>
      <symbol id="sm-4ce">
         <name>xTimerCreate</name>
         <value>0x2307</value>
         <object_component_ref idref="oc-f6"/>
      </symbol>
      <symbol id="sm-4cf">
         <name>xTimerGenericCommand</name>
         <value>0x235b</value>
         <object_component_ref idref="oc-f6"/>
      </symbol>
      <symbol id="sm-4d0">
         <name>pvTimerGetTimerID</name>
         <value>0x27b5</value>
         <object_component_ref idref="oc-f6"/>
      </symbol>
      <symbol id="sm-4d1">
         <name>vTimerSetTimerID</name>
         <value>0x27cf</value>
         <object_component_ref idref="oc-f6"/>
      </symbol>
      <symbol id="sm-502">
         <name>ulMaxSyscallInterruptPriority</name>
         <value>0x4e88</value>
         <object_component_ref idref="oc-8f"/>
      </symbol>
      <symbol id="sm-503">
         <name>vPortSetupTimerInterrupt</name>
         <value>0x35af</value>
         <object_component_ref idref="oc-39"/>
      </symbol>
      <symbol id="sm-504">
         <name>vPortEndScheduler</name>
         <value>0x3549</value>
         <object_component_ref idref="oc-39"/>
      </symbol>
      <symbol id="sm-505">
         <name>xPortSysTickCount</name>
         <value>0x2000d24c</value>
         <object_component_ref idref="oc-99"/>
      </symbol>
      <symbol id="sm-506">
         <name>xPortSysTickHandler</name>
         <value>0x3581</value>
         <object_component_ref idref="oc-39"/>
      </symbol>
      <symbol id="sm-507">
         <name>pxPortInitialiseStack</name>
         <value>0x34ad</value>
         <object_component_ref idref="oc-39"/>
      </symbol>
      <symbol id="sm-508">
         <name>vPortExitCritical</name>
         <value>0x356b</value>
         <object_component_ref idref="oc-39"/>
      </symbol>
      <symbol id="sm-509">
         <name>xPortStartScheduler</name>
         <value>0x3513</value>
         <object_component_ref idref="oc-39"/>
      </symbol>
      <symbol id="sm-50a">
         <name>vPortEnterCritical</name>
         <value>0x354b</value>
         <object_component_ref idref="oc-39"/>
      </symbol>
      <symbol id="sm-519">
         <name>vPortStartFirstTask</name>
         <value>0x3ad5</value>
         <object_component_ref idref="oc-34"/>
      </symbol>
      <symbol id="sm-51a">
         <name>ulPortGetIPSR</name>
         <value>0x3a3d</value>
         <object_component_ref idref="oc-34"/>
      </symbol>
      <symbol id="sm-51b">
         <name>vPortEnableVFP</name>
         <value>0x3af1</value>
         <object_component_ref idref="oc-34"/>
      </symbol>
      <symbol id="sm-51c">
         <name>xPortPendSVHandler</name>
         <value>0x3a55</value>
         <object_component_ref idref="oc-34"/>
      </symbol>
      <symbol id="sm-51d">
         <name>vPortSVCHandler</name>
         <value>0x3ab5</value>
         <object_component_ref idref="oc-34"/>
      </symbol>
      <symbol id="sm-565">
         <name>fMagneto</name>
         <value>0x2000c998</value>
      </symbol>
      <symbol id="sm-566">
         <name>sMPU9150</name>
         <value>0x2000c7e4</value>
      </symbol>
      <symbol id="sm-567">
         <name>g_bMPU9150Done</name>
         <value>0x2000c9c4</value>
      </symbol>
      <symbol id="sm-568">
         <name>magnetometerReport</name>
         <value>0x2000c8f4</value>
      </symbol>
      <symbol id="sm-569">
         <name>MPU9150Callback</name>
         <value>0x3085</value>
         <object_component_ref idref="oc-157"/>
      </symbol>
      <symbol id="sm-56a">
         <name>MagnetometerInit</name>
         <value>0x3045</value>
         <object_component_ref idref="oc-157"/>
      </symbol>
      <symbol id="sm-56b">
         <name>I2CMWrite</name>
         <value>0x4851</value>
         <object_component_ref idref="oc-2ff"/>
      </symbol>
      <symbol id="sm-56c">
         <name>Task_Magnetometer</name>
         <value>0x309f</value>
         <object_component_ref idref="oc-157"/>
      </symbol>
      <symbol id="sm-57d">
         <name>Task_Blink_LED_D1</name>
         <value>0x4489</value>
         <object_component_ref idref="oc-14b"/>
      </symbol>
      <symbol id="sm-5b7">
         <name>I2C7_Instance</name>
         <value>0x2000c5c0</value>
      </symbol>
      <symbol id="sm-5b8">
         <name>I2C7_Interrupts_Nbr</name>
         <value>0x2000d1f8</value>
         <object_component_ref idref="oc-25f"/>
      </symbol>
      <symbol id="sm-5b9">
         <name>I2C7_Initialization</name>
         <value>0x33a5</value>
         <object_component_ref idref="oc-244"/>
      </symbol>
      <symbol id="sm-5ba">
         <name>I2C7_Callbacks_Nbr</name>
         <value>0x2000d1fc</value>
         <object_component_ref idref="oc-25f"/>
      </symbol>
      <symbol id="sm-5bb">
         <name>Task_I2C7_Handler</name>
         <value>0x342b</value>
         <object_component_ref idref="oc-244"/>
      </symbol>
      <symbol id="sm-5bc">
         <name>I2C7_Status</name>
         <value>0x2000d208</value>
         <object_component_ref idref="oc-25f"/>
      </symbol>
      <symbol id="sm-5bd">
         <name>I2C7_SimpleDone</name>
         <value>0x2000d210</value>
         <object_component_ref idref="oc-25f"/>
      </symbol>
      <symbol id="sm-5be">
         <name>I2C7_Instance_Ref</name>
         <value>0x2000d200</value>
         <object_component_ref idref="oc-25f"/>
      </symbol>
      <symbol id="sm-5bf">
         <name>I2C7_HWStatus</name>
         <value>0x2000d20c</value>
         <object_component_ref idref="oc-25f"/>
      </symbol>
      <symbol id="sm-5c0">
         <name>I2CMSimpleCallback</name>
         <value>0x3383</value>
         <object_component_ref idref="oc-244"/>
      </symbol>
      <symbol id="sm-5c1">
         <name>I2C7WriteData</name>
         <value>0x2000d238</value>
         <object_component_ref idref="oc-309"/>
      </symbol>
      <symbol id="sm-5c2">
         <name>I2C7_Initialized</name>
         <value>0x2000d204</value>
         <object_component_ref idref="oc-25f"/>
      </symbol>
      <symbol id="sm-5c3">
         <name>I2C7_IntServiceRoutine</name>
         <value>0x3371</value>
         <object_component_ref idref="oc-244"/>
      </symbol>
      <symbol id="sm-5df">
         <name>ReportData_Queue</name>
         <value>0x2000d260</value>
         <object_component_ref idref="oc-234"/>
      </symbol>
      <symbol id="sm-5e0">
         <name>Task_ReportData</name>
         <value>0x3bbd</value>
         <object_component_ref idref="oc-151"/>
      </symbol>
      <symbol id="sm-5f2">
         <name>_c_int00</name>
         <value>0x4391</value>
         <object_component_ref idref="oc-24"/>
      </symbol>
      <symbol id="sm-5f3">
         <name>__stack</name>
         <value>0x2000c9c8</value>
         <object_component_ref idref="oc-2a"/>
      </symbol>
      <symbol id="sm-60a">
         <name>__TI_decompress_none</name>
         <value>0x4a83</value>
         <object_component_ref idref="oc-12"/>
      </symbol>
      <symbol id="sm-632">
         <name>__TI_decompress_rle24</name>
         <value>0x4af1</value>
         <object_component_ref idref="oc-18"/>
      </symbol>
      <symbol id="sm-654">
         <name>C$$EXIT</name>
         <value>0x43e5</value>
         <object_component_ref idref="oc-7f"/>
      </symbol>
      <symbol id="sm-655">
         <name>abort</name>
         <value>0x43e9</value>
         <object_component_ref idref="oc-7f"/>
      </symbol>
      <symbol id="sm-656">
         <name>exit</name>
         <value>0x43f1</value>
         <object_component_ref idref="oc-7f"/>
      </symbol>
      <symbol id="sm-657">
         <name>__TI_dtors_ptr</name>
         <value>0x2000d228</value>
         <object_component_ref idref="oc-da"/>
      </symbol>
      <symbol id="sm-658">
         <name>__TI_cleanup_ptr</name>
         <value>0x2000d224</value>
         <object_component_ref idref="oc-da"/>
      </symbol>
      <symbol id="sm-659">
         <name>__TI_enable_exit_profile_output</name>
         <value>0x2000d22c</value>
         <object_component_ref idref="oc-da"/>
      </symbol>
      <symbol id="sm-674">
         <name>memcpy</name>
         <value>0x3d15</value>
         <object_component_ref idref="oc-42"/>
      </symbol>
      <symbol id="sm-675">
         <name>__aeabi_memcpy</name>
         <value>0x3d15</value>
         <object_component_ref idref="oc-42"/>
      </symbol>
      <symbol id="sm-676">
         <name>__aeabi_memcpy8</name>
         <value>0x3d15</value>
         <object_component_ref idref="oc-42"/>
      </symbol>
      <symbol id="sm-677">
         <name>__aeabi_memcpy4</name>
         <value>0x3d15</value>
         <object_component_ref idref="oc-42"/>
      </symbol>
      <symbol id="sm-686">
         <name>__aeabi_memset</name>
         <value>0x3f6b</value>
         <object_component_ref idref="oc-5b"/>
      </symbol>
      <symbol id="sm-687">
         <name>memset</name>
         <value>0x3f71</value>
         <object_component_ref idref="oc-5b"/>
      </symbol>
      <symbol id="sm-688">
         <name>__aeabi_memset8</name>
         <value>0x3f6b</value>
         <object_component_ref idref="oc-5b"/>
      </symbol>
      <symbol id="sm-689">
         <name>__aeabi_memset4</name>
         <value>0x3f6b</value>
         <object_component_ref idref="oc-5b"/>
      </symbol>
      <symbol id="sm-68a">
         <name>__aeabi_memclr8</name>
         <value>0x3f69</value>
         <object_component_ref idref="oc-5b"/>
      </symbol>
      <symbol id="sm-68b">
         <name>__aeabi_memclr4</name>
         <value>0x3f69</value>
         <object_component_ref idref="oc-5b"/>
      </symbol>
      <symbol id="sm-68c">
         <name>__aeabi_memclr</name>
         <value>0x3f69</value>
         <object_component_ref idref="oc-5b"/>
      </symbol>
      <symbol id="sm-696">
         <name>__mpu_init</name>
         <value>0x3aff</value>
         <object_component_ref idref="oc-67"/>
      </symbol>
      <symbol id="sm-6a0">
         <name>_system_pre_init</name>
         <value>0x4b03</value>
         <object_component_ref idref="oc-6d"/>
      </symbol>
      <symbol id="sm-6a8">
         <name>main_func_sp</name>
         <value>0x2000d264</value>
         <object_component_ref idref="oc-85"/>
      </symbol>
      <symbol id="sm-6b7">
         <name>__aeabi_uidivmod</name>
         <value>0x4761</value>
         <object_component_ref idref="oc-20b"/>
      </symbol>
      <symbol id="sm-6b8">
         <name>__aeabi_uidiv</name>
         <value>0x4761</value>
         <object_component_ref idref="oc-20b"/>
      </symbol>
      <symbol id="sm-6d1">
         <name>_nop</name>
         <value>0x4a47</value>
         <object_component_ref idref="oc-167"/>
      </symbol>
      <symbol id="sm-6d2">
         <name>_lock</name>
         <value>0x2000d230</value>
         <object_component_ref idref="oc-dd"/>
      </symbol>
      <symbol id="sm-6d3">
         <name>_unlock</name>
         <value>0x2000d234</value>
         <object_component_ref idref="oc-dd"/>
      </symbol>
      <symbol id="sm-6d4">
         <name>_register_lock</name>
         <value>0x4a3f</value>
         <object_component_ref idref="oc-167"/>
      </symbol>
      <symbol id="sm-6d5">
         <name>_register_unlock</name>
         <value>0x4a39</value>
         <object_component_ref idref="oc-167"/>
      </symbol>
      <symbol id="sm-6e9">
         <name>_args_main</name>
         <value>0x4a0d</value>
         <object_component_ref idref="oc-79"/>
      </symbol>
      <symbol id="sm-70e">
         <name>__TI_auto_init</name>
         <value>0x3fe5</value>
         <object_component_ref idref="oc-73"/>
      </symbol>
      <symbol id="sm-728">
         <name>copy_in</name>
         <value>0x4525</value>
         <object_component_ref idref="oc-c4"/>
      </symbol>
      <symbol id="sm-732">
         <name>__aeabi_idiv0</name>
         <value>0x3a2b</value>
         <object_component_ref idref="oc-2cc"/>
      </symbol>
      <symbol id="sm-73c">
         <name>_system_post_cinit</name>
         <value>0x3fe3</value>
         <object_component_ref idref="oc-ca"/>
      </symbol>
      <symbol id="sm-796">
         <name>GPIOPinConfigure</name>
         <value>0x45bd</value>
         <object_component_ref idref="oc-1ce"/>
      </symbol>
      <symbol id="sm-797">
         <name>GPIOPinTypeI2CSCL</name>
         <value>0x4a5f</value>
         <object_component_ref idref="oc-2ed"/>
      </symbol>
      <symbol id="sm-798">
         <name>GPIOPinTypeI2C</name>
         <value>0x4a4d</value>
         <object_component_ref idref="oc-2f3"/>
      </symbol>
      <symbol id="sm-799">
         <name>GPIOPinTypeUART</name>
         <value>0x4a71</value>
         <object_component_ref idref="oc-1d4"/>
      </symbol>
      <symbol id="sm-79a">
         <name>GPIOPinTypeGPIOOutput</name>
         <value>0x49f3</value>
         <object_component_ref idref="oc-21a"/>
      </symbol>
      <symbol id="sm-79b">
         <name>GPIOPinRead</name>
         <value>0x4adf</value>
         <object_component_ref idref="oc-226"/>
      </symbol>
      <symbol id="sm-79c">
         <name>GPIODirModeSet</name>
         <value>0x4925</value>
         <object_component_ref idref="oc-2b0"/>
      </symbol>
      <symbol id="sm-79d">
         <name>GPIOPinWrite</name>
         <value>0x4ae5</value>
         <object_component_ref idref="oc-22c"/>
      </symbol>
      <symbol id="sm-79e">
         <name>GPIOPadConfigSet</name>
         <value>0x35e1</value>
         <object_component_ref idref="oc-220"/>
      </symbol>
      <symbol id="sm-805">
         <name>IntIsEnabled</name>
         <value>0x426d</value>
         <object_component_ref idref="oc-3d7"/>
      </symbol>
      <symbol id="sm-806">
         <name>IntEnable</name>
         <value>0x4205</value>
         <object_component_ref idref="oc-3c6"/>
      </symbol>
      <symbol id="sm-807">
         <name>IntTrigger</name>
         <value>0x4a9d</value>
         <object_component_ref idref="oc-3e3"/>
      </symbol>
      <symbol id="sm-808">
         <name>IntDisable</name>
         <value>0x419d</value>
         <object_component_ref idref="oc-3dd"/>
      </symbol>
      <symbol id="sm-809">
         <name>IntRegister</name>
         <value>0x48bd</value>
         <object_component_ref idref="oc-23e"/>
      </symbol>
      <symbol id="sm-80a">
         <name>g_pfnRAMVectors</name>
         <value>0x20000000</value>
         <object_component_ref idref="oc-2e2"/>
      </symbol>
      <symbol id="sm-882">
         <name>SysCtlPeripheralPresent</name>
         <value>0x47e1</value>
         <object_component_ref idref="oc-1e4"/>
      </symbol>
      <symbol id="sm-883">
         <name>SysCtlPeripheralEnable</name>
         <value>0x48f1</value>
         <object_component_ref idref="oc-1c8"/>
      </symbol>
      <symbol id="sm-884">
         <name>SysCtlClockFreqSet</name>
         <value>0x2ca1</value>
         <object_component_ref idref="oc-1c2"/>
      </symbol>
      <symbol id="sm-8bf">
         <name>UARTConfigSetExpClk</name>
         <value>0x4695</value>
         <object_component_ref idref="oc-1ea"/>
      </symbol>
      <symbol id="sm-8c0">
         <name>UARTDisable</name>
         <value>0x4999</value>
         <object_component_ref idref="oc-2bc"/>
      </symbol>
      <symbol id="sm-8c1">
         <name>UARTClockSourceSet</name>
         <value>0x4aeb</value>
         <object_component_ref idref="oc-1da"/>
      </symbol>
      <symbol id="sm-8c2">
         <name>UARTCharPut</name>
         <value>0x4abd</value>
         <object_component_ref idref="oc-1f6"/>
      </symbol>
      <symbol id="sm-8c3">
         <name>UARTEnable</name>
         <value>0x4a25</value>
         <object_component_ref idref="oc-1f0"/>
      </symbol>
      <symbol id="sm-8c4">
         <name>UARTCharGet</name>
         <value>0x4ab3</value>
         <object_component_ref idref="oc-1fc"/>
      </symbol>
      <symbol id="sm-978">
         <name>I2CMCommand</name>
         <value>0x3ee1</value>
         <object_component_ref idref="oc-30d"/>
      </symbol>
      <symbol id="sm-979">
         <name>I2CMInit</name>
         <value>0x4887</value>
         <object_component_ref idref="oc-2f9"/>
      </symbol>
      <symbol id="sm-97a">
         <name>I2CMIntHandler</name>
         <value>0x3939</value>
         <object_component_ref idref="oc-2e7"/>
      </symbol>
      <symbol id="sm-9c5">
         <name>MPU9150DataMagnetoGetFloat</name>
         <value>0x3c79</value>
         <object_component_ref idref="oc-256"/>
      </symbol>
      <symbol id="sm-9c6">
         <name>MPU9150Init</name>
         <value>0x40c5</value>
         <object_component_ref idref="oc-24a"/>
      </symbol>
      <symbol id="sm-9c7">
         <name>MPU9150DataRead</name>
         <value>0x42d1</value>
         <object_component_ref idref="oc-250"/>
      </symbol>
      <symbol id="sm-9d2">
         <name>__aeabi_dmul</name>
         <value>0x383d</value>
         <object_component_ref idref="oc-321"/>
      </symbol>
      <symbol id="sm-9de">
         <name>__aeabi_d2f</name>
         <value>0x4055</value>
         <object_component_ref idref="oc-326"/>
      </symbol>
      <symbol id="sm-9e9">
         <name>__aeabi_f2d</name>
         <value>0x4819</value>
         <object_component_ref idref="oc-31c"/>
      </symbol>
      <symbol id="sm-a32">
         <name>I2CMasterDataPut</name>
         <value>0x4aff</value>
         <object_component_ref idref="oc-40d"/>
      </symbol>
      <symbol id="sm-a33">
         <name>I2CMasterInitExpClk</name>
         <value>0x44d9</value>
         <object_component_ref idref="oc-3c0"/>
      </symbol>
      <symbol id="sm-a34">
         <name>I2CMasterSlaveAddrSet</name>
         <value>0x4ad7</value>
         <object_component_ref idref="oc-405"/>
      </symbol>
      <symbol id="sm-a35">
         <name>I2CMasterDataGet</name>
         <value>0x4afb</value>
         <object_component_ref idref="oc-3fb"/>
      </symbol>
      <symbol id="sm-a36">
         <name>I2CMasterIntEnableEx</name>
         <value>0x4acf</value>
         <object_component_ref idref="oc-3cc"/>
      </symbol>
      <symbol id="sm-a37">
         <name>I2CMasterControl</name>
         <value>0x4af7</value>
         <object_component_ref idref="oc-374"/>
      </symbol>
      <symbol id="sm-a38">
         <name>I2CMasterEnable</name>
         <value>0x4aa9</value>
         <object_component_ref idref="oc-419"/>
      </symbol>
      <symbol id="sm-a39">
         <name>I2CMasterIntClear</name>
         <value>0x4ac7</value>
         <object_component_ref idref="oc-36e"/>
      </symbol>
      <symbol id="sm-a3a">
         <name>__TI_static_base__</name>
         <value>0x0</value>
      </symbol>
      <symbol id="sm-a3d">
         <name>SHT$$INIT_ARRAY$$Limit</name>
         <value>0x0</value>
      </symbol>
      <symbol id="sm-a3e">
         <name>SHT$$INIT_ARRAY$$Base</name>
         <value>0x0</value>
      </symbol>
   </symbol_table>
   <title>Link successful</title>
</link_info>
