******************************************************************************
                  TI ARM Linker PC v15.12.1                    
******************************************************************************
>> Linked Tue Oct 18 13:16:17 2016

OUTPUT FILE NAME:   <Proj2_Magnetometer.out>
ENTRY POINT SYMBOL: "_c_int00"  address: 00004391


MEMORY CONFIGURATION

         name            origin    length      used     unused   attr    fill
----------------------  --------  ---------  --------  --------  ----  --------
  FLASH                 00000000   00100000  00004f02  000fb0fe  R  X
  SRAM                  20000000   00040000  0000d261  00032d9f  RW X


SEGMENT ALLOCATION MAP

run origin  load origin   length   init length attrs members
----------  ----------- ---------- ----------- ----- -------
00000000    00000000    00004f04   00004f04    r-x
  00000000    00000000    00000200   00000200    r-- .intvecs
  00000200    00000200    00004906   00004906    r-x .text
  00004b08    00004b08    00000388   00000388    r-- .const
  00004e90    00004e90    00000074   00000074    r-- .cinit
20000000    20000000    0000d268   00000000    rw-
  20000000    20000000    0000026c   00000000    rw- .vtable
  20000270    20000270    0000c755   00000000    rw- .bss
  2000c9c8    2000c9c8    00000800   00000000    rw- .stack
  2000d1c8    2000d1c8    000000a0   00000000    rw- .data


SECTION ALLOCATION MAP

 output                                  attributes/
section   page    origin      length       input sections
--------  ----  ----------  ----------   ----------------
.intvecs   0    00000000    00000200     
                  00000000    00000200     FreeRTOS_TM4C1294_Base_Startup.obj (.intvecs)

.text      0    00000200    00004906     
                  00000200    00001720     tasks.obj (.text)
                  00001920    000009ac     queue.obj (.text)
                  000022cc    00000538     timers.obj (.text)
                  00002804    0000049c     uartstdio.obj (.text)
                  00002ca0    000001ec     driverlib.lib : sysctl.obj (.text:SysCtlClockFreqSet)
                  00002e8c    000001b8     heap_2.obj (.text)
                  00003044    00000198     Magnetometer.obj (.text)
                  000031dc    00000194     sensorlib.lib : mpu9150.obj (.text:MPU9150Callback)
                  00003370    0000013c     Task_I2C7_Handler.obj (.text)
                  000034ac    00000134     port.obj (.text)
                  000035e0    00000132     driverlib.lib : gpio.obj (.text:GPIOPadConfigSet)
                  00003712    0000012a     list.obj (.text)
                  0000383c    000000fc     rtsv7M4_T_le_v4SPD16_eabi.lib : fd_mul_t2.obj (.text)
                  00003938    000000f2     sensorlib.lib : i2cm_drv.obj (.text:I2CMIntHandler)
                  00003a2a    00000002     rtsv7M4_T_le_v4SPD16_eabi.lib : i_div0.obj (.text)
                  00003a2c    000000d2     portasm.obj (.text)
                  00003afe    00000002     rtsv7M4_T_le_v4SPD16_eabi.lib : mpu_init.obj (.text)
                  00003b00    000000bc     Main_Base.obj (.text)
                  00003bbc    000000bc     Task_ReportData.obj (.text)
                  00003c78    0000009c     sensorlib.lib : mpu9150.obj (.text:MPU9150DataMagnetoGetFloat)
                  00003d14    0000009c     rtsv7M4_T_le_v4SPD16_eabi.lib : memcpy_t2.obj (.text)
                  00003db0    00000098     sensorlib.lib : i2cm_drv.obj (.text:I2CMStateIdle)
                  00003e48    00000098     Processor_Initialization_TM4C1294.obj (.text)
                  00003ee0    00000088     sensorlib.lib : i2cm_drv.obj (.text:I2CMCommand)
                  00003f68    0000007a     rtsv7M4_T_le_v4SPD16_eabi.lib : memset_t2.obj (.text)
                  00003fe2    00000002                                   : startup.obj (.text)
                  00003fe4    00000070                                   : autoinit.obj (.text)
                  00004054    0000006e                                   : fd_tos_t2.obj (.text)
                  000040c2    00000002     --HOLE-- [fill = 0]
                  000040c4    0000006c     sensorlib.lib : mpu9150.obj (.text:MPU9150Init)
                  00004130    0000006a     rtsv7M4_T_le_v4SPD16_eabi.lib : copy_decompress_rle.obj (.text)
                  0000419a    00000002     --HOLE-- [fill = 0]
                  0000419c    00000068     driverlib.lib : interrupt.obj (.text:IntDisable)
                  00004204    00000068                   : interrupt.obj (.text:IntEnable)
                  0000426c    00000064                   : interrupt.obj (.text:IntIsEnabled)
                  000042d0    00000060     sensorlib.lib : mpu9150.obj (.text:MPU9150DataRead)
                  00004330    0000005e                   : i2cm_drv.obj (.text:I2CMStateWritePause)
                  0000438e    00000002     --HOLE-- [fill = 0]
                  00004390    00000054     rtsv7M4_T_le_v4SPD16_eabi.lib : boot.obj (.text)
                  000043e4    00000054                                   : exit.obj (.text)
                  00004438    00000050     sensorlib.lib : i2cm_drv.obj (.text:I2CMStateWriteFinal)
                  00004488    00000050     Task_Blinky.obj (.text)
                  000044d8    0000004c     driverlib.lib : i2c.obj (.text:I2CMasterInitExpClk)
                  00004524    0000004c     rtsv7M4_T_le_v4SPD16_eabi.lib : cpy_tbl.obj (.text)
                  00004570    0000004a     sensorlib.lib : i2cm_drv.obj (.text:I2CMStateReadNext)
                  000045ba    00000002     --HOLE-- [fill = 0]
                  000045bc    00000048     driverlib.lib : gpio.obj (.text:GPIOPinConfigure)
                  00004604    00000048     sensorlib.lib : i2cm_drv.obj (.text:I2CMStateWriteNext)
                  0000464c    00000048     driverlib.lib : sysctl.obj (.text:_SysCtlFrequencyGet)
                  00004694    00000046                   : uart.obj (.text:UARTConfigSetExpClk)
                  000046da    00000044     sensorlib.lib : i2cm_drv.obj (.text:I2CMStateCallback)
                  0000471e    00000042                   : i2cm_drv.obj (.text:I2CMStateReadFinal)
                  00004760    00000040     rtsv7M4_T_le_v4SPD16_eabi.lib : u_divt2.obj (.text)
                  000047a0    0000003e     sensorlib.lib : i2cm_drv.obj (.text:I2CMStateReadPause)
                  000047de    00000002     --HOLE-- [fill = 0]
                  000047e0    00000038     driverlib.lib : sysctl.obj (.text:SysCtlPeripheralPresent)
                  00004818    00000038     rtsv7M4_T_le_v4SPD16_eabi.lib : fs_tod_t2.obj (.text)
                  00004850    00000036     Magnetometer.obj (.text:I2CMWrite)
                  00004886    00000034     sensorlib.lib : i2cm_drv.obj (.text:I2CMInit)
                  000048ba    00000002     --HOLE-- [fill = 0]
                  000048bc    00000034     driverlib.lib : interrupt.obj (.text:IntRegister)
                  000048f0    00000034                   : sysctl.obj (.text:SysCtlPeripheralEnable)
                  00004924    0000002a                   : gpio.obj (.text:GPIODirModeSet)
                  0000494e    0000002a     sensorlib.lib : i2cm_drv.obj (.text:I2CMStateReadFirst)
                  00004978    00000020                   : i2cm_drv.obj (.text:I2CMStateReadOne)
                  00004998    00000020     driverlib.lib : uart.obj (.text:UARTDisable)
                  000049b8    00000020                   : sysctl.obj (.text:_SysCtlMemTimingGet)
                  000049d8    0000001a     sensorlib.lib : i2cm_drv.obj (.text:I2CMStateReadWait)
                  000049f2    00000018     driverlib.lib : gpio.obj (.text:GPIOPinTypeGPIOOutput)
                  00004a0a    00000002     --HOLE-- [fill = 0]
                  00004a0c    00000018     rtsv7M4_T_le_v4SPD16_eabi.lib : args_main.obj (.text)
                  00004a24    00000014     driverlib.lib : uart.obj (.text:UARTEnable)
                  00004a38    00000014     rtsv7M4_T_le_v4SPD16_eabi.lib : _lock.obj (.text)
                  00004a4c    00000012     driverlib.lib : gpio.obj (.text:GPIOPinTypeI2C)
                  00004a5e    00000012                   : gpio.obj (.text:GPIOPinTypeI2CSCL)
                  00004a70    00000012                   : gpio.obj (.text:GPIOPinTypeUART)
                  00004a82    0000000e     rtsv7M4_T_le_v4SPD16_eabi.lib : copy_decompress_none.obj (.text:decompress:none)
                  00004a90    0000000c     FreeRTOS_TM4C1294_Base_Startup.obj (.text)
                  00004a9c    0000000c     driverlib.lib : interrupt.obj (.text:IntTrigger)
                  00004aa8    0000000a                   : i2c.obj (.text:I2CMasterEnable)
                  00004ab2    0000000a                   : uart.obj (.text:UARTCharGet)
                  00004abc    0000000a                   : uart.obj (.text:UARTCharPut)
                  00004ac6    00000008                   : i2c.obj (.text:I2CMasterIntClear)
                  00004ace    00000008                   : i2c.obj (.text:I2CMasterIntEnableEx)
                  00004ad6    00000008                   : i2c.obj (.text:I2CMasterSlaveAddrSet)
                  00004ade    00000006                   : gpio.obj (.text:GPIOPinRead)
                  00004ae4    00000006                   : gpio.obj (.text:GPIOPinWrite)
                  00004aea    00000006                   : uart.obj (.text:UARTClockSourceSet)
                  00004af0    00000006     rtsv7M4_T_le_v4SPD16_eabi.lib : copy_decompress_rle.obj (.text:decompress:rle24)
                  00004af6    00000004     driverlib.lib : i2c.obj (.text:I2CMasterControl)
                  00004afa    00000004                   : i2c.obj (.text:I2CMasterDataGet)
                  00004afe    00000004                   : i2c.obj (.text:I2CMasterDataPut)
                  00004b02    00000004     rtsv7M4_T_le_v4SPD16_eabi.lib : pre_init.obj (.text)

.const     0    00004b08    00000388     
                  00004b08    000001b0     driverlib.lib : sysctl.obj (.const:g_pppui32XTALtoVCO)
                  00004cb8    00000090                   : gpio.obj (.const:g_pui32GPIOBaseAddrs)
                  00004d48    00000070                   : interrupt.obj (.const)
                  00004db8    0000006c                   : sysctl.obj (.const:g_pui32Xtals)
                  00004e24    00000030                   : sysctl.obj (.const:g_sXTALtoMEMTIM)
                  00004e54    00000012     uartstdio.obj (.const:.string)
                  00004e66    00000002     heap_2.obj (.const)
                  00004e68    0000000c     uartstdio.obj (.const:g_ui32UARTBase)
                  00004e74    0000000c     uartstdio.obj (.const:g_ui32UARTPeriph)
                  00004e80    00000008     driverlib.lib : sysctl.obj (.const)
                  00004e88    00000004     port.obj (.const)
                  00004e8c    00000004     uartstdio.obj (.const)

.cinit     0    00004e90    00000074     
                  00004e90    00000033     (.cinit..data.load) [load image, compression = rle]
                  00004ec3    00000005     --HOLE-- [fill = 0]
                  00004ec8    0000000b     (.cinit..bss.load) [load image, compression = rle]
                  00004ed3    00000005     --HOLE-- [fill = 0]
                  00004ed8    0000000b     (.cinit..vtable.load) [load image, compression = rle]
                  00004ee3    00000001     --HOLE-- [fill = 0]
                  00004ee4    00000008     (__TI_handler_table)
                  00004eec    00000018     (__TI_cinit_table)

.init_array 
*          0    00000000    00000000     UNINITIALIZED

.vtable    0    20000000    0000026c     UNINITIALIZED
                  20000000    0000026c     driverlib.lib : interrupt.obj (.vtable)

.bss       0    20000270    0000c755     UNINITIALIZED
                  20000270    0000c350     heap_2.obj (.bss:xHeap)
                  2000c5c0    00000124     (.common:I2C7_Instance)
                  2000c6e4    00000100     FreeRTOS_TM4C1294_Base_Startup.obj (.bss:pulStack)
                  2000c7e4    0000006c     (.common:sMPU9150)
                  2000c850    00000064     tasks.obj (.bss:pxReadyTasksLists)
                  2000c8b4    00000040     (.common:xQueueRegistry)
                  2000c8f4    00000018     (.common:magnetometerReport)
                  2000c90c    00000014     timers.obj (.bss:xActiveTimerList1)
                  2000c920    00000014     timers.obj (.bss:xActiveTimerList2)
                  2000c934    00000014     tasks.obj (.bss:xDelayedTaskList1)
                  2000c948    00000014     tasks.obj (.bss:xDelayedTaskList2)
                  2000c95c    00000014     tasks.obj (.bss:xPendingReadyList)
                  2000c970    00000014     tasks.obj (.bss:xSuspendedTaskList)
                  2000c984    00000014     tasks.obj (.bss:xTasksWaitingTermination)
                  2000c998    0000000c     (.common:fMagneto)
                  2000c9a4    00000008     tasks.obj (.bss)
                  2000c9ac    00000008     timers.obj (.bss)
                  2000c9b4    00000008     heap_2.obj (.bss:xEnd)
                  2000c9bc    00000008     heap_2.obj (.bss:xStart)
                  2000c9c4    00000001     (.common:g_bMPU9150Done)

.stack     0    2000c9c8    00000800     UNINITIALIZED
                  2000c9c8    00000800     --HOLE--

.data      0    2000d1c8    000000a0     UNINITIALIZED
                  2000d1c8    00000030     tasks.obj (.data)
                  2000d1f8    00000019     Task_I2C7_Handler.obj (.data)
                  2000d211    00000001     Main_Base.obj (.data)
                  2000d212    00000002     --HOLE--
                  2000d214    00000010     Processor_Initialization_TM4C1294.obj (.data)
                  2000d224    0000000c     rtsv7M4_T_le_v4SPD16_eabi.lib : exit.obj (.data:$O1$$)
                  2000d230    00000008                                   : _lock.obj (.data:$O1$$)
                  2000d238    00000008     Task_I2C7_Handler.obj (.data:I2C7WriteData)
                  2000d240    00000008     heap_2.obj (.data)
                  2000d248    00000008     port.obj (.data)
                  2000d250    00000008     timers.obj (.data)
                  2000d258    00000005     uartstdio.obj (.data)
                  2000d25d    00000003     --HOLE--
                  2000d260    00000004     Task_ReportData.obj (.data)
                  2000d264    00000004     rtsv7M4_T_le_v4SPD16_eabi.lib : stkdepth_vars.obj (.data)

MODULE SUMMARY

       Module                                  code    ro data   rw data
       ------                                  ----    -------   -------
    .\
       heap_2.obj                              440     2         50024  
       FreeRTOS_TM4C1294_Base_Startup.obj      12      512       256    
       Main_Base.obj                           188     0         1      
    +--+---------------------------------------+-------+---------+---------+
       Total:                                  640     514       50281  
                                                                        
    .\Drivers\
       uartstdio.obj                           1180    46        5      
       Processor_Initialization_TM4C1294.obj   152     0         16     
    +--+---------------------------------------+-------+---------+---------+
       Total:                                  1332    46        21     
                                                                        
    .\Source\
       tasks.obj                               5920    0         256    
       queue.obj                               2476    0         64     
       timers.obj                              1336    0         56     
       list.obj                                298     0         0      
    +--+---------------------------------------+-------+---------+---------+
       Total:                                  10030   0         376    
                                                                        
    .\Source\portable\CCS\ARM_CM4F\
       port.obj                                308     4         8      
       portasm.obj                             210     0         0      
    +--+---------------------------------------+-------+---------+---------+
       Total:                                  518     4         8      
                                                                        
    .\Tasks\
       Task_I2C7_Handler.obj                   316     0         325    
       Magnetometer.obj                        462     0         145    
       Task_ReportData.obj                     188     0         4      
       Task_Blinky.obj                         80      0         0      
    +--+---------------------------------------+-------+---------+---------+
       Total:                                  1046    0         474    
                                                                        
    C:/TI_CodeComposer/TivaWare/driverlib/ccs/Debug/driverlib.lib
       sysctl.obj                              704     596       0      
       interrupt.obj                           372     112       620    
       gpio.obj                                510     144       0      
       uart.obj                                148     0         0      
       i2c.obj                                 122     0         0      
    +--+---------------------------------------+-------+---------+---------+
       Total:                                  1856    852       620    
                                                                        
    C:/TI_CodeComposer/TivaWare/sensorlib/ccs/Debug/sensorlib.lib
       i2cm_drv.obj                            1198    0         0      
       mpu9150.obj                             764     0         0      
    +--+---------------------------------------+-------+---------+---------+
       Total:                                  1962    0         0      
                                                                        
    C:\TI_CodeComposer\ccsv6\tools\compiler\ti-cgt-arm_15.12.1.LTS\lib\rtsv7M4_T_le_v4SPD16_eabi.lib
       fd_mul_t2.obj                           252     0         0      
       memcpy_t2.obj                           156     0         0      
       memset_t2.obj                           122     0         0      
       autoinit.obj                            112     0         0      
       copy_decompress_rle.obj                 112     0         0      
       fd_tos_t2.obj                           110     0         0      
       exit.obj                                84      0         12     
       boot.obj                                84      0         0      
       cpy_tbl.obj                             76      0         0      
       u_divt2.obj                             64      0         0      
       fs_tod_t2.obj                           56      0         0      
       _lock.obj                               20      0         8      
       args_main.obj                           24      0         0      
       copy_decompress_none.obj                14      0         0      
       pre_init.obj                            4       0         0      
       stkdepth_vars.obj                       0       0         4      
       i_div0.obj                              2       0         0      
       mpu_init.obj                            2       0         0      
       startup.obj                             2       0         0      
    +--+---------------------------------------+-------+---------+---------+
       Total:                                  1296    0         24     
                                                                        
       Stack:                                  0       0         2048   
       Linker Generated:                       0       105       0      
    +--+---------------------------------------+-------+---------+---------+
       Grand Total:                            18680   1521      53852  


LINKER GENERATED COPY TABLES

__TI_cinit_table @ 00004eec records: 3, size/record: 8, table size: 24
	.data: load addr=00004e90, load size=00000033 bytes, run addr=2000d1c8, run size=000000a0 bytes, compression=rle
	.bss: load addr=00004ec8, load size=0000000b bytes, run addr=20000270, run size=0000c755 bytes, compression=rle
	.vtable: load addr=00004ed8, load size=0000000b bytes, run addr=20000000, run size=0000026c bytes, compression=rle


LINKER GENERATED HANDLER TABLE

__TI_handler_table @ 00004ee4 records: 2, size/record: 4, table size: 8
	index: 0, handler: __TI_decompress_rle24
	index: 1, handler: __TI_decompress_none


GLOBAL SYMBOLS: SORTED ALPHABETICALLY BY Name 

address   name                             
-------   ----                             
000043e5  C$$EXIT                          
2000d220  FPUInitFlag                      
00004925  GPIODirModeSet                   
000035e1  GPIOPadConfigSet                 
000045bd  GPIOPinConfigure                 
00004adf  GPIOPinRead                      
000049f3  GPIOPinTypeGPIOOutput            
00004a4d  GPIOPinTypeI2C                   
00004a5f  GPIOPinTypeI2CSCL                
00004a71  GPIOPinTypeUART                  
00004ae5  GPIOPinWrite                     
2000d238  I2C7WriteData                    
2000d1fc  I2C7_Callbacks_Nbr               
2000d20c  I2C7_HWStatus                    
000033a5  I2C7_Initialization              
2000d204  I2C7_Initialized                 
2000c5c0  I2C7_Instance                    
2000d200  I2C7_Instance_Ref                
00003371  I2C7_IntServiceRoutine           
2000d1f8  I2C7_Interrupts_Nbr              
2000d210  I2C7_SimpleDone                  
2000d208  I2C7_Status                      
00003ee1  I2CMCommand                      
00004887  I2CMInit                         
00003939  I2CMIntHandler                   
00003383  I2CMSimpleCallback               
00004851  I2CMWrite                        
00004af7  I2CMasterControl                 
00004afb  I2CMasterDataGet                 
00004aff  I2CMasterDataPut                 
00004aa9  I2CMasterEnable                  
000044d9  I2CMasterInitExpClk              
00004ac7  I2CMasterIntClear                
00004acf  I2CMasterIntEnableEx             
00004ad7  I2CMasterSlaveAddrSet            
0000419d  IntDisable                       
00004205  IntEnable                        
0000426d  IntIsEnabled                     
000048bd  IntRegister                      
00004a9d  IntTrigger                       
00003085  MPU9150Callback                  
00003c79  MPU9150DataMagnetoGetFloat       
000042d1  MPU9150DataRead                  
000040c5  MPU9150Init                      
00003045  MagnetometerInit                 
2000d218  ProcessorInitFlag                
00003e49  Processor_Initialization         
2000d260  ReportData_Queue                 
00004a91  ResetISR                         
UNDEFED   SHT$$INIT_ARRAY$$Base            
UNDEFED   SHT$$INIT_ARRAY$$Limit           
00002ca1  SysCtlClockFreqSet               
000048f1  SysCtlPeripheralEnable           
000047e1  SysCtlPeripheralPresent          
00004489  Task_Blink_LED_D1                
0000342b  Task_I2C7_Handler                
0000309f  Task_Magnetometer                
00003bbd  Task_ReportData                  
00004ab3  UARTCharGet                      
00004abd  UARTCharPut                      
00004aeb  UARTClockSourceSet               
00004695  UARTConfigSetExpClk              
00004999  UARTDisable                      
00004a25  UARTEnable                       
00002805  UARTStdioConfig                  
2000d21c  UARTStdioInitFlag                
00003e6d  UART_Initialization              
0000294b  UARTgetc                         
00002891  UARTgets                         
00002c6b  UARTprintf                       
00002971  UARTvprintf                      
0000284b  UARTwrite                        
2000d1c8  __STACK_END                      
00000800  __STACK_SIZE                     
2000cbc8  __STACK_TOP                      
00004eec  __TI_CINIT_Base                  
00004f04  __TI_CINIT_Limit                 
00004ee4  __TI_Handler_Table_Base          
00004eec  __TI_Handler_Table_Limit         
00003fe5  __TI_auto_init                   
2000d224  __TI_cleanup_ptr                 
00004a83  __TI_decompress_none             
00004af1  __TI_decompress_rle24            
2000d228  __TI_dtors_ptr                   
2000d22c  __TI_enable_exit_profile_output  
ffffffff  __TI_pprof_out_hndl              
ffffffff  __TI_prof_data_size              
ffffffff  __TI_prof_data_start             
00000000  __TI_static_base__               
00004055  __aeabi_d2f                      
0000383d  __aeabi_dmul                     
00004819  __aeabi_f2d                      
00003a2b  __aeabi_idiv0                    
00003f69  __aeabi_memclr                   
00003f69  __aeabi_memclr4                  
00003f69  __aeabi_memclr8                  
00003d15  __aeabi_memcpy                   
00003d15  __aeabi_memcpy4                  
00003d15  __aeabi_memcpy8                  
00003f6b  __aeabi_memset                   
00003f6b  __aeabi_memset4                  
00003f6b  __aeabi_memset8                  
00004761  __aeabi_uidiv                    
00004761  __aeabi_uidivmod                 
ffffffff  __binit__                        
ffffffff  __c_args__                       
00003aff  __mpu_init                       
2000c9c8  __stack                          
00004a0d  _args_main                       
00004391  _c_int00                         
2000d230  _lock                            
00004a47  _nop                             
00004a3f  _register_lock                   
00004a39  _register_unlock                 
00003fe3  _system_post_cinit               
00004b03  _system_pre_init                 
2000d234  _unlock                          
000043e9  abort                            
ffffffff  binit                            
00004525  copy_in                          
000043f1  exit                             
2000c998  fMagneto                         
2000c9c4  g_bMPU9150Done                   
20000000  g_pfnRAMVectors                  
00000000  g_pfnVectors                     
2000d214  g_ulSystemClock                  
2000d211  isMPU9150Initialized             
2000c8f4  magnetometerReport               
00003b01  main                             
2000d264  main_func_sp                     
00003d15  memcpy                           
00003f71  memset                           
000023c9  pcTimerGetTimerName              
00002e8d  pvPortMalloc                     
0000146f  pvTaskIncrementMutexHeldCount    
000027b5  pvTimerGetTimerID                
2000d1c8  pxCurrentTCB                     
000034ad  pxPortInitialiseStack            
2000c7e4  sMPU9150                         
00001fe7  ucQueueGetQueueType              
00004e88  ulMaxSyscallInterruptPriority    
00003a3d  ulPortGetIPSR                    
00001487  ulTaskNotifyTake                 
000037f5  uxListRemove                     
00001fc7  uxQueueGetQueueNumber            
00001f69  uxQueueMessagesWaiting           
00001f9f  uxQueueMessagesWaitingFromISR    
00001f7f  uxQueueSpacesAvailable           
000009a1  uxTaskGetNumberOfTasks           
000009b1  uxTaskGetSystemState             
00000ead  uxTaskGetTaskNumber              
000004a9  uxTaskPriorityGet                
000004d5  uxTaskPriorityGetFromISR         
0000144d  uxTaskResetEventItemValue        
00003713  vListInitialise                  
00003743  vListInitialiseItem              
0000378f  vListInsert                      
00003753  vListInsertEnd                   
00003af1  vPortEnableVFP                   
00003549  vPortEndScheduler                
0000354b  vPortEnterCritical               
0000356b  vPortExitCritical                
00002fb9  vPortFree                        
00003021  vPortInitialiseBlocks            
00003ab5  vPortSVCHandler                  
000035af  vPortSetupTimerInterrupt         
00003ad5  vPortStartFirstTask              
000021f5  vQueueAddToRegistry              
00001fb1  vQueueDelete                     
00001fd5  vQueueSetQueueNumber             
00002237  vQueueUnregisterQueue            
00002271  vQueueWaitForMessageRestricted   
0000044d  vTaskDelay                       
000003a5  vTaskDelayUntil                  
00000309  vTaskDelete                      
00000889  vTaskEndScheduler                
00000e9f  vTaskMissedYield                 
00001829  vTaskNotifyGiveFromISR           
00000bd9  vTaskPlaceOnEventList            
00000cad  vTaskPlaceOnEventListRestricted  
00000c35  vTaskPlaceOnUnorderedEventList   
000012f5  vTaskPriorityInherit             
0000052d  vTaskPrioritySet                 
00000725  vTaskResume                      
00000ed1  vTaskSetTaskNumber               
00000e07  vTaskSetTimeOutState             
00000821  vTaskStartScheduler              
00000631  vTaskSuspend                     
000008a5  vTaskSuspendAll                  
00000b61  vTaskSwitchContext               
000027cf  vTimerSetTimerID                 
0000301b  xPortGetFreeHeapSize             
00003a55  xPortPendSVHandler               
00003513  xPortStartScheduler              
2000d24c  xPortSysTickCount                
00003581  xPortSysTickHandler              
00001b19  xQueueCreateCountingSemaphore    
00001a1d  xQueueCreateMutex                
000019ad  xQueueGenericCreate              
00001d49  xQueueGenericReceive             
00001921  xQueueGenericReset               
00001b39  xQueueGenericSend                
00001c3d  xQueueGenericSendFromISR         
00001cc9  xQueueGiveFromISR                
00001a93  xQueueGiveMutexRecursive         
00002191  xQueueIsQueueEmptyFromISR        
000021d3  xQueueIsQueueFullFromISR         
00001f17  xQueuePeekFromISR                
00001e91  xQueueReceiveFromISR             
2000c8b4  xQueueRegistry                   
00001acf  xQueueTakeMutexRecursive         
00000e25  xTaskCheckForTimeOut             
00000201  xTaskGenericCreate               
0000163f  xTaskGenericNotify               
00001721  xTaskGenericNotifyFromISR        
000012a7  xTaskGetCurrentTaskHandle        
000012c1  xTaskGetSchedulerState           
0000097d  xTaskGetTickCount                
0000098d  xTaskGetTickCountFromISR         
00000a81  xTaskIncrementTick               
000018cf  xTaskNotifyStateClear            
00001555  xTaskNotifyWait                  
000013af  xTaskPriorityDisinherit          
00000d15  xTaskRemoveFromEventList         
00000d99  xTaskRemoveFromUnorderedEventList
000008bd  xTaskResumeAll                   
00000795  xTaskResumeFromISR               
00002307  xTimerCreate                     
000022cd  xTimerCreateTimerTask            
0000235b  xTimerGenericCommand             
00002789  xTimerIsTimerActive              


GLOBAL SYMBOLS: SORTED BY Symbol Address 

address   name                             
-------   ----                             
00000000  __TI_static_base__               
00000000  g_pfnVectors                     
00000201  xTaskGenericCreate               
00000309  vTaskDelete                      
000003a5  vTaskDelayUntil                  
0000044d  vTaskDelay                       
000004a9  uxTaskPriorityGet                
000004d5  uxTaskPriorityGetFromISR         
0000052d  vTaskPrioritySet                 
00000631  vTaskSuspend                     
00000725  vTaskResume                      
00000795  xTaskResumeFromISR               
00000800  __STACK_SIZE                     
00000821  vTaskStartScheduler              
00000889  vTaskEndScheduler                
000008a5  vTaskSuspendAll                  
000008bd  xTaskResumeAll                   
0000097d  xTaskGetTickCount                
0000098d  xTaskGetTickCountFromISR         
000009a1  uxTaskGetNumberOfTasks           
000009b1  uxTaskGetSystemState             
00000a81  xTaskIncrementTick               
00000b61  vTaskSwitchContext               
00000bd9  vTaskPlaceOnEventList            
00000c35  vTaskPlaceOnUnorderedEventList   
00000cad  vTaskPlaceOnEventListRestricted  
00000d15  xTaskRemoveFromEventList         
00000d99  xTaskRemoveFromUnorderedEventList
00000e07  vTaskSetTimeOutState             
00000e25  xTaskCheckForTimeOut             
00000e9f  vTaskMissedYield                 
00000ead  uxTaskGetTaskNumber              
00000ed1  vTaskSetTaskNumber               
000012a7  xTaskGetCurrentTaskHandle        
000012c1  xTaskGetSchedulerState           
000012f5  vTaskPriorityInherit             
000013af  xTaskPriorityDisinherit          
0000144d  uxTaskResetEventItemValue        
0000146f  pvTaskIncrementMutexHeldCount    
00001487  ulTaskNotifyTake                 
00001555  xTaskNotifyWait                  
0000163f  xTaskGenericNotify               
00001721  xTaskGenericNotifyFromISR        
00001829  vTaskNotifyGiveFromISR           
000018cf  xTaskNotifyStateClear            
00001921  xQueueGenericReset               
000019ad  xQueueGenericCreate              
00001a1d  xQueueCreateMutex                
00001a93  xQueueGiveMutexRecursive         
00001acf  xQueueTakeMutexRecursive         
00001b19  xQueueCreateCountingSemaphore    
00001b39  xQueueGenericSend                
00001c3d  xQueueGenericSendFromISR         
00001cc9  xQueueGiveFromISR                
00001d49  xQueueGenericReceive             
00001e91  xQueueReceiveFromISR             
00001f17  xQueuePeekFromISR                
00001f69  uxQueueMessagesWaiting           
00001f7f  uxQueueSpacesAvailable           
00001f9f  uxQueueMessagesWaitingFromISR    
00001fb1  vQueueDelete                     
00001fc7  uxQueueGetQueueNumber            
00001fd5  vQueueSetQueueNumber             
00001fe7  ucQueueGetQueueType              
00002191  xQueueIsQueueEmptyFromISR        
000021d3  xQueueIsQueueFullFromISR         
000021f5  vQueueAddToRegistry              
00002237  vQueueUnregisterQueue            
00002271  vQueueWaitForMessageRestricted   
000022cd  xTimerCreateTimerTask            
00002307  xTimerCreate                     
0000235b  xTimerGenericCommand             
000023c9  pcTimerGetTimerName              
00002789  xTimerIsTimerActive              
000027b5  pvTimerGetTimerID                
000027cf  vTimerSetTimerID                 
00002805  UARTStdioConfig                  
0000284b  UARTwrite                        
00002891  UARTgets                         
0000294b  UARTgetc                         
00002971  UARTvprintf                      
00002c6b  UARTprintf                       
00002ca1  SysCtlClockFreqSet               
00002e8d  pvPortMalloc                     
00002fb9  vPortFree                        
0000301b  xPortGetFreeHeapSize             
00003021  vPortInitialiseBlocks            
00003045  MagnetometerInit                 
00003085  MPU9150Callback                  
0000309f  Task_Magnetometer                
00003371  I2C7_IntServiceRoutine           
00003383  I2CMSimpleCallback               
000033a5  I2C7_Initialization              
0000342b  Task_I2C7_Handler                
000034ad  pxPortInitialiseStack            
00003513  xPortStartScheduler              
00003549  vPortEndScheduler                
0000354b  vPortEnterCritical               
0000356b  vPortExitCritical                
00003581  xPortSysTickHandler              
000035af  vPortSetupTimerInterrupt         
000035e1  GPIOPadConfigSet                 
00003713  vListInitialise                  
00003743  vListInitialiseItem              
00003753  vListInsertEnd                   
0000378f  vListInsert                      
000037f5  uxListRemove                     
0000383d  __aeabi_dmul                     
00003939  I2CMIntHandler                   
00003a2b  __aeabi_idiv0                    
00003a3d  ulPortGetIPSR                    
00003a55  xPortPendSVHandler               
00003ab5  vPortSVCHandler                  
00003ad5  vPortStartFirstTask              
00003af1  vPortEnableVFP                   
00003aff  __mpu_init                       
00003b01  main                             
00003bbd  Task_ReportData                  
00003c79  MPU9150DataMagnetoGetFloat       
00003d15  __aeabi_memcpy                   
00003d15  __aeabi_memcpy4                  
00003d15  __aeabi_memcpy8                  
00003d15  memcpy                           
00003e49  Processor_Initialization         
00003e6d  UART_Initialization              
00003ee1  I2CMCommand                      
00003f69  __aeabi_memclr                   
00003f69  __aeabi_memclr4                  
00003f69  __aeabi_memclr8                  
00003f6b  __aeabi_memset                   
00003f6b  __aeabi_memset4                  
00003f6b  __aeabi_memset8                  
00003f71  memset                           
00003fe3  _system_post_cinit               
00003fe5  __TI_auto_init                   
00004055  __aeabi_d2f                      
000040c5  MPU9150Init                      
0000419d  IntDisable                       
00004205  IntEnable                        
0000426d  IntIsEnabled                     
000042d1  MPU9150DataRead                  
00004391  _c_int00                         
000043e5  C$$EXIT                          
000043e9  abort                            
000043f1  exit                             
00004489  Task_Blink_LED_D1                
000044d9  I2CMasterInitExpClk              
00004525  copy_in                          
000045bd  GPIOPinConfigure                 
00004695  UARTConfigSetExpClk              
00004761  __aeabi_uidiv                    
00004761  __aeabi_uidivmod                 
000047e1  SysCtlPeripheralPresent          
00004819  __aeabi_f2d                      
00004851  I2CMWrite                        
00004887  I2CMInit                         
000048bd  IntRegister                      
000048f1  SysCtlPeripheralEnable           
00004925  GPIODirModeSet                   
00004999  UARTDisable                      
000049f3  GPIOPinTypeGPIOOutput            
00004a0d  _args_main                       
00004a25  UARTEnable                       
00004a39  _register_unlock                 
00004a3f  _register_lock                   
00004a47  _nop                             
00004a4d  GPIOPinTypeI2C                   
00004a5f  GPIOPinTypeI2CSCL                
00004a71  GPIOPinTypeUART                  
00004a83  __TI_decompress_none             
00004a91  ResetISR                         
00004a9d  IntTrigger                       
00004aa9  I2CMasterEnable                  
00004ab3  UARTCharGet                      
00004abd  UARTCharPut                      
00004ac7  I2CMasterIntClear                
00004acf  I2CMasterIntEnableEx             
00004ad7  I2CMasterSlaveAddrSet            
00004adf  GPIOPinRead                      
00004ae5  GPIOPinWrite                     
00004aeb  UARTClockSourceSet               
00004af1  __TI_decompress_rle24            
00004af7  I2CMasterControl                 
00004afb  I2CMasterDataGet                 
00004aff  I2CMasterDataPut                 
00004b03  _system_pre_init                 
00004e88  ulMaxSyscallInterruptPriority    
00004ee4  __TI_Handler_Table_Base          
00004eec  __TI_CINIT_Base                  
00004eec  __TI_Handler_Table_Limit         
00004f04  __TI_CINIT_Limit                 
20000000  g_pfnRAMVectors                  
2000c5c0  I2C7_Instance                    
2000c7e4  sMPU9150                         
2000c8b4  xQueueRegistry                   
2000c8f4  magnetometerReport               
2000c998  fMagneto                         
2000c9c4  g_bMPU9150Done                   
2000c9c8  __stack                          
2000cbc8  __STACK_TOP                      
2000d1c8  __STACK_END                      
2000d1c8  pxCurrentTCB                     
2000d1f8  I2C7_Interrupts_Nbr              
2000d1fc  I2C7_Callbacks_Nbr               
2000d200  I2C7_Instance_Ref                
2000d204  I2C7_Initialized                 
2000d208  I2C7_Status                      
2000d20c  I2C7_HWStatus                    
2000d210  I2C7_SimpleDone                  
2000d211  isMPU9150Initialized             
2000d214  g_ulSystemClock                  
2000d218  ProcessorInitFlag                
2000d21c  UARTStdioInitFlag                
2000d220  FPUInitFlag                      
2000d224  __TI_cleanup_ptr                 
2000d228  __TI_dtors_ptr                   
2000d22c  __TI_enable_exit_profile_output  
2000d230  _lock                            
2000d234  _unlock                          
2000d238  I2C7WriteData                    
2000d24c  xPortSysTickCount                
2000d260  ReportData_Queue                 
2000d264  main_func_sp                     
ffffffff  __TI_pprof_out_hndl              
ffffffff  __TI_prof_data_size              
ffffffff  __TI_prof_data_start             
ffffffff  __binit__                        
ffffffff  __c_args__                       
ffffffff  binit                            
UNDEFED   SHT$$INIT_ARRAY$$Base            
UNDEFED   SHT$$INIT_ARRAY$$Limit           

[231 symbols]
